Component: ARM Compiler 5.06 update 4 (build 422) Tool: armlink [4d35d2]

==============================================================================

Section Cross References

    main.o(i.EXTI0_IRQHandler) refers to queue.o(i.xQueueGiveFromISR) for xQueueGiveFromISR
    main.o(i.EXTI0_IRQHandler) refers to main.o(.data) for smphrHandle
    main.o(i.main) refers to main.o(i.configInputPin) for configInputPin
    main.o(i.main) refers to queue.o(i.xQueueGenericCreate) for xQueueGenericCreate
    main.o(i.main) refers to tasks.o(i.xTaskCreate) for xTaskCreate
    main.o(i.main) refers to tasks.o(i.vTaskStartScheduler) for vTaskStartScheduler
    main.o(i.main) refers to noretval__2printf.o(.text) for __2printf
    main.o(i.main) refers to main.o(.data) for smphrHandle
    main.o(i.main) refers to main.o(i.vTask) for vTask
    main.o(i.vTask) refers to queue.o(i.xQueueGenericReceive) for xQueueGenericReceive
    main.o(i.vTask) refers to noretval__2printf.o(.text) for __2printf
    main.o(i.vTask) refers to main.o(.data) for smphrHandle
    queue.o(i.pcQueueGetName) refers to queue.o(.bss) for xQueueRegistry
    queue.o(i.prvCopyDataFromQueue) refers to rt_memcpy_v6.o(.text) for __aeabi_memcpy
    queue.o(i.prvCopyDataToQueue) refers to tasks.o(i.xTaskPriorityDisinherit) for xTaskPriorityDisinherit
    queue.o(i.prvCopyDataToQueue) refers to rt_memcpy_v6.o(.text) for __aeabi_memcpy
    queue.o(i.prvInitialiseMutex) refers to queue.o(i.xQueueGenericSend) for xQueueGenericSend
    queue.o(i.prvInitialiseNewQueue) refers to queue.o(i.xQueueGenericReset) for xQueueGenericReset
    queue.o(i.prvIsQueueEmpty) refers to port.o(i.vPortEnterCritical) for vPortEnterCritical
    queue.o(i.prvIsQueueEmpty) refers to port.o(i.vPortExitCritical) for vPortExitCritical
    queue.o(i.prvIsQueueFull) refers to port.o(i.vPortEnterCritical) for vPortEnterCritical
    queue.o(i.prvIsQueueFull) refers to port.o(i.vPortExitCritical) for vPortExitCritical
    queue.o(i.prvUnlockQueue) refers to port.o(i.vPortEnterCritical) for vPortEnterCritical
    queue.o(i.prvUnlockQueue) refers to tasks.o(i.xTaskRemoveFromEventList) for xTaskRemoveFromEventList
    queue.o(i.prvUnlockQueue) refers to tasks.o(i.vTaskMissedYield) for vTaskMissedYield
    queue.o(i.prvUnlockQueue) refers to port.o(i.vPortExitCritical) for vPortExitCritical
    queue.o(i.uxQueueMessagesWaiting) refers to port.o(i.vPortEnterCritical) for vPortEnterCritical
    queue.o(i.uxQueueMessagesWaiting) refers to port.o(i.vPortExitCritical) for vPortExitCritical
    queue.o(i.uxQueueSpacesAvailable) refers to port.o(i.vPortEnterCritical) for vPortEnterCritical
    queue.o(i.uxQueueSpacesAvailable) refers to port.o(i.vPortExitCritical) for vPortExitCritical
    queue.o(i.vQueueAddToRegistry) refers to queue.o(.bss) for xQueueRegistry
    queue.o(i.vQueueDelete) refers to queue.o(i.vQueueUnregisterQueue) for vQueueUnregisterQueue
    queue.o(i.vQueueDelete) refers to heap_2.o(i.vPortFree) for vPortFree
    queue.o(i.vQueueUnregisterQueue) refers to queue.o(.bss) for xQueueRegistry
    queue.o(i.xQueueCreateCountingSemaphore) refers to queue.o(i.xQueueGenericCreate) for xQueueGenericCreate
    queue.o(i.xQueueCreateMutex) refers to queue.o(i.xQueueGenericCreate) for xQueueGenericCreate
    queue.o(i.xQueueCreateMutex) refers to queue.o(i.prvInitialiseMutex) for prvInitialiseMutex
    queue.o(i.xQueueGenericCreate) refers to heap_2.o(i.pvPortMalloc) for pvPortMalloc
    queue.o(i.xQueueGenericCreate) refers to queue.o(i.prvInitialiseNewQueue) for prvInitialiseNewQueue
    queue.o(i.xQueueGenericReceive) refers to tasks.o(i.xTaskGetSchedulerState) for xTaskGetSchedulerState
    queue.o(i.xQueueGenericReceive) refers to port.o(i.vPortEnterCritical) for vPortEnterCritical
    queue.o(i.xQueueGenericReceive) refers to queue.o(i.prvCopyDataFromQueue) for prvCopyDataFromQueue
    queue.o(i.xQueueGenericReceive) refers to tasks.o(i.pvTaskIncrementMutexHeldCount) for pvTaskIncrementMutexHeldCount
    queue.o(i.xQueueGenericReceive) refers to tasks.o(i.xTaskRemoveFromEventList) for xTaskRemoveFromEventList
    queue.o(i.xQueueGenericReceive) refers to port.o(i.vPortExitCritical) for vPortExitCritical
    queue.o(i.xQueueGenericReceive) refers to tasks.o(i.vTaskSetTimeOutState) for vTaskSetTimeOutState
    queue.o(i.xQueueGenericReceive) refers to tasks.o(i.vTaskSuspendAll) for vTaskSuspendAll
    queue.o(i.xQueueGenericReceive) refers to tasks.o(i.xTaskCheckForTimeOut) for xTaskCheckForTimeOut
    queue.o(i.xQueueGenericReceive) refers to queue.o(i.prvIsQueueEmpty) for prvIsQueueEmpty
    queue.o(i.xQueueGenericReceive) refers to tasks.o(i.vTaskPriorityInherit) for vTaskPriorityInherit
    queue.o(i.xQueueGenericReceive) refers to tasks.o(i.vTaskPlaceOnEventList) for vTaskPlaceOnEventList
    queue.o(i.xQueueGenericReceive) refers to queue.o(i.prvUnlockQueue) for prvUnlockQueue
    queue.o(i.xQueueGenericReceive) refers to tasks.o(i.xTaskResumeAll) for xTaskResumeAll
[...]
    Removing tasks.o(i.xTaskNotifyStateClear), (52 bytes).
    Removing tasks.o(i.xTaskNotifyWait), (160 bytes).
    Removing tasks.o(i.xTaskPriorityDisinherit), (200 bytes).
    Removing tasks.o(i.xTaskRemoveFromUnorderedEventList), (176 bytes).
    Removing tasks.o(i.xTaskResumeFromISR), (180 bytes).
    Removing heap_2.o(i.vPortInitialiseBlocks), (2 bytes).
    Removing heap_2.o(i.xPortGetFreeHeapSize), (12 bytes).
    Removing port.o(i.vPortEndScheduler), (48 bytes).
    Removing retarget_io.o(i.ITM_ReceiveChar), (36 bytes).
    Removing retarget_io.o(i._sys_read), (46 bytes).
    Removing retarget_io.o(.data), (4 bytes).
    Removing system_stm32f4xx.o(.rev16_text), (4 bytes).
    Removing system_stm32f4xx.o(.revsh_text), (4 bytes).
    Removing system_stm32f4xx.o(.rrx_text), (6 bytes).
    Removing system_stm32f4xx.o(i.SystemCoreClockUpdate), (192 bytes).
    Removing system_stm32f4xx.o(.constdata), (24 bytes).

71 unused section(s) (total 6316 bytes) removed from the image.

==============================================================================

Image Symbol Table

    Local Symbols

    Symbol Name                              Value     Ov Type        Size  Object(Section)

    ../clib/angel/boardlib.s                 0x00000000   Number         0  boardinit3.o ABSOLUTE
    ../clib/angel/boardlib.s                 0x00000000   Number         0  boardshut.o ABSOLUTE
    ../clib/angel/boardlib.s                 0x00000000   Number         0  boardinit1.o ABSOLUTE
    ../clib/angel/boardlib.s                 0x00000000   Number         0  boardinit2.o ABSOLUTE
    ../clib/angel/handlers.s                 0x00000000   Number         0  __scatter_zi.o ABSOLUTE
    ../clib/angel/handlers.s                 0x00000000   Number         0  __scatter_copy.o ABSOLUTE
    ../clib/angel/kernel.s                   0x00000000   Number         0  __rtentry2.o ABSOLUTE
    ../clib/angel/kernel.s                   0x00000000   Number         0  __rtentry.o ABSOLUTE
    ../clib/angel/kernel.s                   0x00000000   Number         0  rtexit2.o ABSOLUTE
    ../clib/angel/kernel.s                   0x00000000   Number         0  rtexit.o ABSOLUTE
    ../clib/angel/kernel.s                   0x00000000   Number         0  __rtentry4.o ABSOLUTE
    ../clib/angel/rt.s                       0x00000000   Number         0  rt_errno_addr_intlibspace.o ABSOLUTE
    ../clib/angel/rt.s                       0x00000000   Number         0  rt_heap_descriptor.o ABSOLUTE
    ../clib/angel/rt.s                       0x00000000   Number         0  rt_errno_addr.o ABSOLUTE
    ../clib/angel/rt.s                       0x00000000   Number         0  rt_raise.o ABSOLUTE
    ../clib/angel/rt.s                       0x00000000   Number         0  rt_heap_descriptor_intlibspace.o ABSOLUTE
    ../clib/angel/scatter.s                  0x00000000   Number         0  __scatter.o ABSOLUTE
    ../clib/angel/startup.s                  0x00000000   Number         0  __main.o ABSOLUTE
    ../clib/angel/sys.s                      0x00000000   Number         0  libspace.o ABSOLUTE
    ../clib/angel/sys.s                      0x00000000   Number         0  indicate_semi.o ABSOLUTE
    ../clib/angel/sys.s                      0x00000000   Number         0  use_no_semi.o ABSOLUTE
    ../clib/angel/sys.s                      0x00000000   Number         0  sys_stackheap_outer.o ABSOLUTE
    ../clib/angel/sys.s                      0x00000000   Number         0  mutex_dummy.o ABSOLUTE
    ../clib/angel/sysapp.c                   0x00000000   Number         0  sys_exit.o ABSOLUTE
    ../clib/angel/sysapp.c                   0x00000000   Number         0  sys_wrch.o ABSOLUTE
    ../clib/angel/sysapp.c                   0x00000000   Number         0  sys_command.o ABSOLUTE
    ../clib/armsys.c                         0x00000000   Number         0  _get_argv_nomalloc.o ABSOLUTE
    ../clib/armsys.c                         0x00000000   Number         0  _get_argv.o ABSOLUTE
    ../clib/armsys.c                         0x00000000   Number         0  argv_veneer.o ABSOLUTE
    ../clib/armsys.c                         0x00000000   Number         0  no_argv.o ABSOLUTE
    ../clib/armsys.c                         0x00000000   Number         0  argv_veneer.o ABSOLUTE
    ../clib/assert.c                         0x00000000   Number         0  assert_stdio.o ABSOLUTE
    ../clib/heap1.c                          0x00000000   Number         0  h1_final_mt.o ABSOLUTE
    ../clib/heap1.c                          0x00000000   Number         0  h1_final.o ABSOLUTE
    ../clib/heap1.c                          0x00000000   Number         0  h1_free_mt.o ABSOLUTE
    ../clib/heap1.c                          0x00000000   Number         0  h1_free.o ABSOLUTE
    ../clib/heap1.c                          0x00000000   Number         0  h1_extend_mt.o ABSOLUTE
    ../clib/heap1.c                          0x00000000   Number         0  h1_init_mt.o ABSOLUTE
    ../clib/heap1.c                          0x00000000   Number         0  h1_extend.o ABSOLUTE
    ../clib/heap1.c                          0x00000000   Number         0  h1_init.o ABSOLUTE
    ../clib/heap1.c                          0x00000000   Number         0  h1_alloc.o ABSOLUTE
    ../clib/heap1.c                          0x00000000   Number         0  h1_alloc_mt.o ABSOLUTE
    ../clib/heap2.c                          0x00000000   Number         0  heap2.o ABSOLUTE
    ../clib/heap2.c                          0x00000000   Number         0  heap2mt.o ABSOLUTE
    ../clib/heap2.c                          0x00000000   Number         0  fdtree.o ABSOLUTE
    ../clib/heapalloc.c                      0x00000000   Number         0  init_alloc.o ABSOLUTE
    ../clib/heapalloc.c                      0x00000000   Number         0  malloc.o ABSOLUTE
    ../clib/heapalloc.c                      0x00000000   Number         0  heapstubs.o ABSOLUTE
    ../clib/heapalloc.c                      0x00000000   Number         0  maybetermalloc1.o ABSOLUTE
    ../clib/heapalloc.c                      0x00000000   Number         0  maybetermalloc2.o ABSOLUTE
    ../clib/heapalloc.c                      0x00000000   Number         0  maybetermalloc2.o ABSOLUTE
    ../clib/heapalloc.c                      0x00000000   Number         0  maybetermalloc1.o ABSOLUTE
    ../clib/heapalloc.c                      0x00000000   Number         0  hguard.o ABSOLUTE
    ../clib/heapalloc.c                      0x00000000   Number         0  hrguard.o ABSOLUTE
    ../clib/heapalloc.c                      0x00000000   Number         0  free.o ABSOLUTE
    ../clib/heapalloc.c                      0x00000000   Number         0  term_alloc.o ABSOLUTE
    ../clib/heapaux.c                        0x00000000   Number         0  heapauxa.o ABSOLUTE
    ../clib/heapaux.c                        0x00000000   Number         0  heapauxi.o ABSOLUTE
    ../clib/libinit.s                        0x00000000   Number         0  libinit2.o ABSOLUTE
    ../clib/libinit.s                        0x00000000   Number         0  libshutdown2.o ABSOLUTE
    ../clib/libinit.s                        0x00000000   Number         0  libinit.o ABSOLUTE
    ../clib/libinit.s                        0x00000000   Number         0  libshutdown.o ABSOLUTE
    ../clib/memcpset.s                       0x00000000   Number         0  strcmpv7m.o ABSOLUTE
    ../clib/memcpset.s                       0x00000000   Number         0  aeabi_memset.o ABSOLUTE
    ../clib/memcpset.s                       0x00000000   Number         0  rt_memcpy_v6.o ABSOLUTE
    ../clib/memcpset.s                       0x00000000   Number         0  rt_memclr.o ABSOLUTE
    ../clib/memcpset.s                       0x00000000   Number         0  rt_memclr_w.o ABSOLUTE
    ../clib/memcpset.s                       0x00000000   Number         0  rt_memcpy_w.o ABSOLUTE
    ../clib/printf.c                         0x00000000   Number         0  _printf_char_file_locked.o ABSOLUTE
    ../clib/printf.c                         0x00000000   Number         0  _printf_char_file.o ABSOLUTE
    ../clib/printf.c                         0x00000000   Number         0  __2printf.o ABSOLUTE
    ../clib/printf.c                         0x00000000   Number         0  noretval__2printf.o ABSOLUTE
    ../clib/printf.c                         0x00000000   Number         0  _printf_char_common.o ABSOLUTE
    ../clib/printf.c                         0x00000000   Number         0  __printf_nopercent.o ABSOLUTE
    ../clib/signal.c                         0x00000000   Number         0  defsig_rtred_formal.o ABSOLUTE
    ../clib/signal.c                         0x00000000   Number         0  defsig_rtred_outer.o ABSOLUTE
    ../clib/signal.c                         0x00000000   Number         0  defsig_rtred_inner.o ABSOLUTE
    ../clib/signal.c                         0x00000000   Number         0  defsig_rtmem_inner.o ABSOLUTE
    ../clib/signal.c                         0x00000000   Number         0  defsig_exit.o ABSOLUTE
    ../clib/signal.c                         0x00000000   Number         0  defsig_rtmem_outer.o ABSOLUTE
    ../clib/signal.c                         0x00000000   Number         0  defsig_general.o ABSOLUTE
    ../clib/signal.c                         0x00000000   Number         0  defsig_abrt_inner.o ABSOLUTE
    ../clib/signal.c                         0x00000000   Number         0  defsig_fpe_inner.o ABSOLUTE
    ../clib/signal.c                         0x00000000   Number         0  defsig_stak_inner.o ABSOLUTE
    ../clib/signal.c                         0x00000000   Number         0  defsig_pvfn_inner.o ABSOLUTE
    ../clib/signal.c                         0x00000000   Number         0  defsig_cppl_inner.o ABSOLUTE
    ../clib/signal.c                         0x00000000   Number         0  defsig_segv_inner.o ABSOLUTE
    ../clib/signal.c                         0x00000000   Number         0  defsig_other.o ABSOLUTE
    ../clib/signal.c                         0x00000000   Number         0  __raise.o ABSOLUTE
    ../clib/signal.c                         0x00000000   Number         0  defsig_rtmem_formal.o ABSOLUTE
    ../clib/signal.s                         0x00000000   Number         0  defsig.o ABSOLUTE
    ../clib/stdio.c                          0x00000000   Number         0  fputc_locked.o ABSOLUTE
    ../clib/stdio.c                          0x00000000   Number         0  stdio_streams.o ABSOLUTE
    ../clib/stdio.c                          0x00000000   Number         0  fclose.o ABSOLUTE
    ../clib/stdio.c                          0x00000000   Number         0  stdio.o ABSOLUTE
    ../clib/stdio.c                          0x00000000   Number         0  setvbuf_locked.o ABSOLUTE
    ../clib/stdio.c                          0x00000000   Number         0  ferror_locked.o ABSOLUTE
    ../clib/stdio.c                          0x00000000   Number         0  fputc.o ABSOLUTE
    ../clib/stdio.c                          0x00000000   Number         0  ferror.o ABSOLUTE
    ../clib/stdio.c                          0x00000000   Number         0  ftell.o ABSOLUTE
    ../clib/stdio.c                          0x00000000   Number         0  fopen.o ABSOLUTE
    ../clib/stdio.c                          0x00000000   Number         0  streamlock.o ABSOLUTE
    ../clib/stdio.c                          0x00000000   Number         0  fflush_locked.o ABSOLUTE
    ../clib/stdio.c                          0x00000000   Number         0  setvbuf.o ABSOLUTE
    ../clib/stdio.c                          0x00000000   Number         0  fputs_locked.o ABSOLUTE
    ../clib/stdio.c                          0x00000000   Number         0  flsbuf.o ABSOLUTE
    ../clib/stdio.c                          0x00000000   Number         0  fseek.o ABSOLUTE
    ../clib/stdio.c                          0x00000000   Number         0  initio.o ABSOLUTE
    ../clib/stdio.c                          0x00000000   Number         0  fwritefast.o ABSOLUTE
    ../clib/stdio.c                          0x00000000   Number         0  fwritefast_locked.o ABSOLUTE
    ../clib/stdio.c                          0x00000000   Number         0  fflush.o ABSOLUTE
    ../clib/stdio.c                          0x00000000   Number         0  initio_locked.o ABSOLUTE
    ../clib/stdio.c                          0x00000000   Number         0  fputs.o ABSOLUTE
    ../clib/stdio.c                          0x00000000   Number         0  fopen_locked.o ABSOLUTE
    ../clib/stdlib.c                         0x00000000   Number         0  exit.o ABSOLUTE
    ../clib/wchar.c                          0x00000000   Number         0  flsbuf_fwide.o ABSOLUTE
    ../fplib/fpinit.s                        0x00000000   Number         0  fpinit.o ABSOLUTE
    ..\FreeRTOS-Source\list.c                0x00000000   Number         0  list.o ABSOLUTE
    ..\FreeRTOS-Source\portable\MemMang\heap_2.c 0x00000000   Number         0  heap_2.o ABSOLUTE
    ..\FreeRTOS-Source\portable\RVDS\ARM_CM4F\port.c 0x00000000   Number         0  port.o ABSOLUTE
    ..\FreeRTOS-Source\queue.c               0x00000000   Number         0  queue.o ABSOLUTE
    ..\FreeRTOS-Source\tasks.c               0x00000000   Number         0  tasks.o ABSOLUTE
    ..\FreeRTOS-Source\timers.c              0x00000000   Number         0  timers.o ABSOLUTE
    ..\\FreeRTOS-Source\\portable\\RVDS\\ARM_CM4F\\port.c 0x00000000   Number         0  port.o ABSOLUTE
    RTE\Device\STM32F407VGTx\startup_stm32f407xx.s 0x00000000   Number         0  startup_stm32f407xx.o ABSOLUTE
    RTE\Device\STM32F407VGTx\system_stm32f4xx.c 0x00000000   Number         0  system_stm32f4xx.o ABSOLUTE
    RTE\\Device\\STM32F407VGTx\\system_stm32f4xx.c 0x00000000   Number         0  system_stm32f4xx.o ABSOLUTE
    dc.s                                     0x00000000   Number         0  dc.o ABSOLUTE
    e:\Keil_v5\ARM\PACK\Keil\ARM_Compiler\1.3.0\Source\retarget_io.c 0x00000000   Number         0  retarget_io.o ABSOLUTE
    main.c                                   0x00000000   Number         0  main.o ABSOLUTE
    main.c                                   0x00000000   Number         0  main.o ABSOLUTE
    RESET                                    0x08000000   Section      392  startup_stm32f407xx.o(RESET)
    !!!main                                  0x08000188   Section        8  __main.o(!!!main)
    !!!scatter                               0x08000190   Section       52  __scatter.o(!!!scatter)
    !!handler_copy                           0x080001c4   Section       26  __scatter_copy.o(!!handler_copy)
    !!handler_zi                             0x080001e0   Section       28  __scatter_zi.o(!!handler_zi)
    .ARM.Collect$$libinit$$00000000          0x080001fc   Section        2  libinit.o(.ARM.Collect$$libinit$$00000000)
    .ARM.Collect$$libinit$$00000001          0x080001fe   Section        4  libinit2.o(.ARM.Collect$$libinit$$00000001)
    .ARM.Collect$$libinit$$00000004          0x08000202   Section        0  libinit2.o(.ARM.Collect$$libinit$$00000004)
    .ARM.Collect$$libinit$$00000005          0x08000202   Section        8  libinit2.o(.ARM.Collect$$libinit$$00000005)
    .ARM.Collect$$libinit$$0000000A          0x0800020a   Section        0  libinit2.o(.ARM.Collect$$libinit$$0000000A)
    .ARM.Collect$$libinit$$0000000C          0x0800020a   Section        0  libinit2.o(.ARM.Collect$$libinit$$0000000C)
    .ARM.Collect$$libinit$$0000000E          0x0800020a   Section        0  libinit2.o(.ARM.Collect$$libinit$$0000000E)
    .ARM.Collect$$libinit$$00000011          0x0800020a   Section        0  libinit2.o(.ARM.Collect$$libinit$$00000011)
    .ARM.Collect$$libinit$$00000013          0x0800020a   Section        0  libinit2.o(.ARM.Collect$$libinit$$00000013)
    .ARM.Collect$$libinit$$00000015          0x0800020a   Section        0  libinit2.o(.ARM.Collect$$libinit$$00000015)
    .ARM.Collect$$libinit$$00000017          0x0800020a   Section        0  libinit2.o(.ARM.Collect$$libinit$$00000017)
    .ARM.Collect$$libinit$$00000019          0x0800020a   Section        0  libinit2.o(.ARM.Collect$$libinit$$00000019)
    .ARM.Collect$$libinit$$0000001B          0x0800020a   Section        0  libinit2.o(.ARM.Collect$$libinit$$0000001B)
    .ARM.Collect$$libinit$$0000001D          0x0800020a   Section        0  libinit2.o(.ARM.Collect$$libinit$$0000001D)
    .ARM.Collect$$libinit$$0000001F          0x0800020a   Section        0  libinit2.o(.ARM.Collect$$libinit$$0000001F)
    .ARM.Collect$$libinit$$00000021          0x0800020a   Section        0  libinit2.o(.ARM.Collect$$libinit$$00000021)
    .ARM.Collect$$libinit$$00000023          0x0800020a   Section        0  libinit2.o(.ARM.Collect$$libinit$$00000023)
    .ARM.Collect$$libinit$$00000024          0x0800020a   Section        4  libinit2.o(.ARM.Collect$$libinit$$00000024)
    .ARM.Collect$$libinit$$00000025          0x0800020e   Section        0  libinit2.o(.ARM.Collect$$libinit$$00000025)
    .ARM.Collect$$libinit$$0000002C          0x0800020e   Section        0  libinit2.o(.ARM.Collect$$libinit$$0000002C)
    .ARM.Collect$$libinit$$0000002E          0x0800020e   Section        0  libinit2.o(.ARM.Collect$$libinit$$0000002E)
    .ARM.Collect$$libinit$$00000030          0x0800020e   Section        0  libinit2.o(.ARM.Collect$$libinit$$00000030)
    .ARM.Collect$$libinit$$00000032          0x0800020e   Section        0  libinit2.o(.ARM.Collect$$libinit$$00000032)
    .ARM.Collect$$libinit$$00000033          0x0800020e   Section        2  libinit2.o(.ARM.Collect$$libinit$$00000033)
    .ARM.Collect$$libshutdown$$00000000      0x08000210   Section        2  libshutdown.o(.ARM.Collect$$libshutdown$$00000000)
    .ARM.Collect$$libshutdown$$00000002      0x08000212   Section        0  libshutdown2.o(.ARM.Collect$$libshutdown$$00000002)
    .ARM.Collect$$libshutdown$$00000003      0x08000212   Section        4  libshutdown2.o(.ARM.Collect$$libshutdown$$00000003)
    .ARM.Collect$$libshutdown$$00000004      0x08000216   Section        0  libshutdown2.o(.ARM.Collect$$libshutdown$$00000004)
    .ARM.Collect$$libshutdown$$00000007      0x08000216   Section        0  libshutdown2.o(.ARM.Collect$$libshutdown$$00000007)
    .ARM.Collect$$libshutdown$$0000000A      0x08000216   Section        0  libshutdown2.o(.ARM.Collect$$libshutdown$$0000000A)
    .ARM.Collect$$libshutdown$$0000000C      0x08000216   Section        0  libshutdown2.o(.ARM.Collect$$libshutdown$$0000000C)
    .ARM.Collect$$libshutdown$$0000000F      0x08000216   Section        0  libshutdown2.o(.ARM.Collect$$libshutdown$$0000000F)
    .ARM.Collect$$libshutdown$$00000010      0x08000216   Section        2  libshutdown2.o(.ARM.Collect$$libshutdown$$00000010)
    .ARM.Collect$$rtentry$$00000000          0x08000218   Section        0  __rtentry.o(.ARM.Collect$$rtentry$$00000000)
    .ARM.Collect$$rtentry$$00000002          0x08000218   Section        0  __rtentry2.o(.ARM.Collect$$rtentry$$00000002)
    .ARM.Collect$$rtentry$$00000004          0x08000218   Section        6  __rtentry4.o(.ARM.Collect$$rtentry$$00000004)
    .ARM.Collect$$rtentry$$00000009          0x0800021e   Section        0  __rtentry2.o(.ARM.Collect$$rtentry$$00000009)
    .ARM.Collect$$rtentry$$0000000A          0x0800021e   Section        4  __rtentry2.o(.ARM.Collect$$rtentry$$0000000A)
    .ARM.Collect$$rtentry$$0000000C          0x08000222   Section        0  __rtentry2.o(.ARM.Collect$$rtentry$$0000000C)
    .ARM.Collect$$rtentry$$0000000D          0x08000222   Section        8  __rtentry2.o(.ARM.Collect$$rtentry$$0000000D)
    .ARM.Collect$$rtexit$$00000000           0x0800022a   Section        2  rtexit.o(.ARM.Collect$$rtexit$$00000000)
    .ARM.Collect$$rtexit$$00000002           0x0800022c   Section        0  rtexit2.o(.ARM.Collect$$rtexit$$00000002)
    .ARM.Collect$$rtexit$$00000003           0x0800022c   Section        4  rtexit2.o(.ARM.Collect$$rtexit$$00000003)
    .ARM.Collect$$rtexit$$00000004           0x08000230   Section        6  rtexit2.o(.ARM.Collect$$rtexit$$00000004)
    .emb_text                                0x08000238   Section      182  port.o(.emb_text)
    $v0                                      0x08000238   Number         0  port.o(.emb_text)
    .emb_text                                0x080002f0   Section        0  maybetermalloc1.o(.emb_text)
    .text                                    0x080002f0   Section       64  startup_stm32f407xx.o(.text)
    $v0                                      0x080002f0   Number         0  startup_stm32f407xx.o(.text)
    .text                                    0x08000330   Section        0  noretval__2printf.o(.text)
    .text                                    0x08000348   Section      138  rt_memcpy_v6.o(.text)
    .text                                    0x080003d2   Section       16  aeabi_memset.o(.text)
    .text                                    0x080003e4   Section      128  strcmpv7m.o(.text)
    .text                                    0x08000464   Section        0  heapauxi.o(.text)
    .text                                    0x0800046c   Section        0  _printf_char_file.o(.text)
    .text                                    0x08000490   Section      100  rt_memcpy_w.o(.text)
    .text                                    0x080004f4   Section       68  rt_memclr.o(.text)
    .text                                    0x08000538   Section        0  _printf_char_common.o(.text)
    _printf_input_char                       0x08000539   Thumb Code    10  _printf_char_common.o(.text)
    .text                                    0x08000568   Section        0  ferror.o(.text)
    .text                                    0x08000570   Section        0  initio.o(.text)
    .text                                    0x080006a8   Section       78  rt_memclr_w.o(.text)
    .text                                    0x080006f6   Section       74  sys_stackheap_outer.o(.text)
    .text                                    0x08000740   Section        0  h1_free.o(.text)
    .text                                    0x0800078e   Section        0  __printf_nopercent.o(.text)
    .text                                    0x080007b6   Section        0  flsbuf.o(.text)
    .text                                    0x0800098c   Section        0  setvbuf.o(.text)
    .text                                    0x080009d4   Section        0  fopen.o(.text)
    _freopen_locked                          0x080009d5   Thumb Code     0  fopen.o(.text)
    .text                                    0x08000ac0   Section        0  fclose.o(.text)
    .text                                    0x08000b0c   Section        0  exit.o(.text)
    .text                                    0x08000b1e   Section        0  defsig_rtred_outer.o(.text)
    .text                                    0x08000b2c   Section        8  libspace.o(.text)
    .text                                    0x08000b34   Section        8  rt_heap_descriptor_intlibspace.o(.text)
    .text                                    0x08000b3c   Section        0  hguard.o(.text)
    .text                                    0x08000b40   Section        0  init_alloc.o(.text)
    .text                                    0x08000bca   Section        0  h1_alloc.o(.text)
    .text                                    0x08000c28   Section        0  fseek.o(.text)
    .text                                    0x08000d20   Section        0  stdio.o(.text)
    .text                                    0x08000e10   Section        0  defsig_exit.o(.text)
    .text                                    0x08000e1c   Section        0  defsig_rtred_inner.o(.text)
    .text                                    0x08000e50   Section        0  sys_exit.o(.text)
    .text                                    0x08000e5c   Section        0  h1_init.o(.text)
    .text                                    0x08000e6a   Section        0  h1_extend.o(.text)
    .text                                    0x08000e9e   Section        0  ftell.o(.text)
    .text                                    0x08000ee0   Section        0  defsig_general.o(.text)
    .text                                    0x08000f12   Section        0  defsig_rtmem_outer.o(.text)
    .text                                    0x08000f20   Section        0  sys_wrch.o(.text)
    .text                                    0x08000f2e   Section        2  use_no_semi.o(.text)
    .text                                    0x08000f30   Section        0  indicate_semi.o(.text)
    .text                                    0x08000f30   Section        8  rt_errno_addr_intlibspace.o(.text)
    .text                                    0x08000f38   Section        0  defsig_rtmem_inner.o(.text)
    i.EXTI0_IRQHandler                       0x08000f88   Section        0  main.o(i.EXTI0_IRQHandler)
    i.ITM_SendChar                           0x08000fc8   Section        0  retarget_io.o(i.ITM_SendChar)
    i.SysTick_Handler                        0x08000ff8   Section        0  port.o(i.SysTick_Handler)
    i.SystemInit                             0x0800102c   Section        0  system_stm32f4xx.o(i.SystemInit)
    i._sys_close                             0x08001090   Section        0  retarget_io.o(i._sys_close)
    i._sys_flen                              0x080010b6   Section        0  retarget_io.o(i._sys_flen)
    i._sys_istty                             0x080010da   Section        0  retarget_io.o(i._sys_istty)
    i._sys_open                              0x08001100   Section        0  retarget_io.o(i._sys_open)
    i._sys_seek                              0x08001168   Section        0  retarget_io.o(i._sys_seek)
    i._sys_write                             0x08001194   Section        0  retarget_io.o(i._sys_write)
    i.configInputPin                         0x080011dc   Section        0  main.o(i.configInputPin)
    configInputPin                           0x080011dd   Thumb Code    86  main.o(i.configInputPin)
    i.fputc                                  0x0800123c   Section        0  fputc.o(i.fputc)
    i.main                                   0x08001258   Section        0  main.o(i.main)
    i.prvAddCurrentTaskToDelayedList         0x08001378   Section        0  tasks.o(i.prvAddCurrentTaskToDelayedList)
    prvAddCurrentTaskToDelayedList           0x08001379   Thumb Code   124  tasks.o(i.prvAddCurrentTaskToDelayedList)
    i.prvAddNewTaskToReadyList               0x08001410   Section        0  tasks.o(i.prvAddNewTaskToReadyList)
    prvAddNewTaskToReadyList                 0x08001411   Thumb Code   156  tasks.o(i.prvAddNewTaskToReadyList)
    i.prvCheckTasksWaitingTermination        0x080014c8   Section        0  tasks.o(i.prvCheckTasksWaitingTermination)
    prvCheckTasksWaitingTermination          0x080014c9   Thumb Code    86  tasks.o(i.prvCheckTasksWaitingTermination)
    i.prvCopyDataFromQueue                   0x0800152c   Section        0  queue.o(i.prvCopyDataFromQueue)
    prvCopyDataFromQueue                     0x0800152d   Thumb Code    42  queue.o(i.prvCopyDataFromQueue)
    i.prvDeleteTCB                           0x08001556   Section        0  tasks.o(i.prvDeleteTCB)
    prvDeleteTCB                             0x08001557   Thumb Code    18  tasks.o(i.prvDeleteTCB)
    i.prvHeapInit                            0x08001568   Section        0  heap_2.o(i.prvHeapInit)
    prvHeapInit                              0x08001569   Thumb Code    38  heap_2.o(i.prvHeapInit)
    i.prvIdleTask                            0x080015a0   Section        0  tasks.o(i.prvIdleTask)
    prvIdleTask                              0x080015a1   Thumb Code     8  tasks.o(i.prvIdleTask)
    i.prvInitialiseNewQueue                  0x080015a8   Section        0  queue.o(i.prvInitialiseNewQueue)
    prvInitialiseNewQueue                    0x080015a9   Thumb Code    42  queue.o(i.prvInitialiseNewQueue)
    i.prvInitialiseNewTask                   0x080015d2   Section        0  tasks.o(i.prvInitialiseNewTask)
    prvInitialiseNewTask                     0x080015d3   Thumb Code   180  tasks.o(i.prvInitialiseNewTask)
    i.prvInitialiseTaskLists                 0x08001688   Section        0  tasks.o(i.prvInitialiseTaskLists)
    prvInitialiseTaskLists                   0x08001689   Thumb Code    70  tasks.o(i.prvInitialiseTaskLists)
    i.prvIsQueueEmpty                        0x080016f0   Section        0  queue.o(i.prvIsQueueEmpty)
    prvIsQueueEmpty                          0x080016f1   Thumb Code    26  queue.o(i.prvIsQueueEmpty)
    i.prvResetNextTaskUnblockTime            0x0800170c   Section        0  tasks.o(i.prvResetNextTaskUnblockTime)
    prvResetNextTaskUnblockTime              0x0800170d   Thumb Code    42  tasks.o(i.prvResetNextTaskUnblockTime)
    i.prvTaskExitError                       0x08001740   Section        0  port.o(i.prvTaskExitError)
    prvTaskExitError                         0x08001741   Thumb Code    60  port.o(i.prvTaskExitError)
    i.prvUnlockQueue                         0x08001780   Section        0  queue.o(i.prvUnlockQueue)
    prvUnlockQueue                           0x08001781   Thumb Code   126  queue.o(i.prvUnlockQueue)
    i.pvPortMalloc                           0x08001800   Section        0  heap_2.o(i.pvPortMalloc)
    i.pvTaskIncrementMutexHeldCount          0x080018b8   Section        0  tasks.o(i.pvTaskIncrementMutexHeldCount)
    i.pxPortInitialiseStack                  0x080018d8   Section        0  port.o(i.pxPortInitialiseStack)
    i.stdout_putchar                         0x08001904   Section        0  retarget_io.o(i.stdout_putchar)
    stdout_putchar                           0x08001905   Thumb Code    12  retarget_io.o(i.stdout_putchar)
    i.uxListRemove                           0x08001910   Section        0  list.o(i.uxListRemove)
    i.vListInitialise                        0x08001938   Section        0  list.o(i.vListInitialise)
    i.vListInitialiseItem                    0x08001952   Section        0  list.o(i.vListInitialiseItem)
    i.vListInsert                            0x08001958   Section        0  list.o(i.vListInsert)
    i.vListInsertEnd                         0x0800198c   Section        0  list.o(i.vListInsertEnd)
    i.vPortEnterCritical                     0x080019a4   Section        0  port.o(i.vPortEnterCritical)
    i.vPortExitCritical                      0x080019f8   Section        0  port.o(i.vPortExitCritical)
    i.vPortFree                              0x08001a34   Section        0  heap_2.o(i.vPortFree)
    i.vPortSetupTimerInterrupt               0x08001a74   Section        0  port.o(i.vPortSetupTimerInterrupt)
    i.vPortValidateInterruptPriority         0x08001a94   Section        0  port.o(i.vPortValidateInterruptPriority)
    i.vTask                                  0x08001b0c   Section        0  main.o(i.vTask)
    i.vTaskMissedYield                       0x08001b5c   Section        0  tasks.o(i.vTaskMissedYield)
    i.vTaskPlaceOnEventList                  0x08001b68   Section        0  tasks.o(i.vTaskPlaceOnEventList)
    i.vTaskPriorityInherit                   0x08001ba0   Section        0  tasks.o(i.vTaskPriorityInherit)
    i.vTaskSetTimeOutState                   0x08001c50   Section        0  tasks.o(i.vTaskSetTimeOutState)
    i.vTaskStartScheduler                    0x08001c80   Section        0  tasks.o(i.vTaskStartScheduler)
    i.vTaskSuspendAll                        0x08001d08   Section        0  tasks.o(i.vTaskSuspendAll)
    i.vTaskSwitchContext                     0x08001d18   Section        0  tasks.o(i.vTaskSwitchContext)
    i.xPortStartScheduler                    0x08001da4   Section        0  port.o(i.xPortStartScheduler)
    i.xQueueGenericCreate                    0x08001ee0   Section        0  queue.o(i.xQueueGenericCreate)
    i.xQueueGenericReceive                   0x08001f38   Section        0  queue.o(i.xQueueGenericReceive)
    i.xQueueGenericReset                     0x080020fc   Section        0  queue.o(i.xQueueGenericReset)
    i.xQueueGiveFromISR                      0x08002194   Section        0  queue.o(i.xQueueGiveFromISR)
    i.xTaskCheckForTimeOut                   0x08002274   Section        0  tasks.o(i.xTaskCheckForTimeOut)
    i.xTaskCreate                            0x08002300   Section        0  tasks.o(i.xTaskCreate)
    i.xTaskGetSchedulerState                 0x08002360   Section        0  tasks.o(i.xTaskGetSchedulerState)
    i.xTaskIncrementTick                     0x08002380   Section        0  tasks.o(i.xTaskIncrementTick)
    i.xTaskRemoveFromEventList               0x080024c8   Section        0  tasks.o(i.xTaskRemoveFromEventList)
    i.xTaskResumeAll                         0x08002560   Section        0  tasks.o(i.xTaskResumeAll)
    x$fpl$fpinit                             0x08002664   Section       10  fpinit.o(x$fpl$fpinit)
    $v0                                      0x08002664   Number         0  fpinit.o(x$fpl$fpinit)
    .constdata                               0x0800266e   Section       23  retarget_io.o(.constdata)
    .data                                    0x20000000   Section        4  main.o(.data)
    .data                                    0x20000004   Section       60  tasks.o(.data)
    pxDelayedTaskList                        0x20000008   Data           4  tasks.o(.data)
    pxOverflowDelayedTaskList                0x2000000c   Data           4  tasks.o(.data)
    uxDeletedTasksWaitingCleanUp             0x20000010   Data           4  tasks.o(.data)
    uxCurrentNumberOfTasks                   0x20000014   Data           4  tasks.o(.data)
    xTickCount                               0x20000018   Data           4  tasks.o(.data)
    uxTopReadyPriority                       0x2000001c   Data           4  tasks.o(.data)
    xSchedulerRunning                        0x20000020   Data           4  tasks.o(.data)
    uxPendedTicks                            0x20000024   Data           4  tasks.o(.data)
    xYieldPending                            0x20000028   Data           4  tasks.o(.data)
    xNumOfOverflows                          0x2000002c   Data           4  tasks.o(.data)
    uxTaskNumber                             0x20000030   Data           4  tasks.o(.data)
    xNextTaskUnblockTime                     0x20000034   Data           4  tasks.o(.data)
    xIdleTaskHandle                          0x20000038   Data           4  tasks.o(.data)
    uxSchedulerSuspended                     0x2000003c   Data           4  tasks.o(.data)
    .data                                    0x20000040   Section       24  heap_2.o(.data)
    xStart                                   0x20000040   Data           8  heap_2.o(.data)
    xEnd                                     0x20000048   Data           8  heap_2.o(.data)
    xFreeBytesRemaining                      0x20000050   Data           4  heap_2.o(.data)
    xHeapHasBeenInitialised                  0x20000054   Data           4  heap_2.o(.data)
    .data                                    0x20000058   Section       12  port.o(.data)
    uxCriticalNesting                        0x20000058   Data           4  port.o(.data)
    ucMaxSysCallPriority                     0x2000005c   Data           1  port.o(.data)
    ulMaxPRIGROUPValue                       0x20000060   Data           4  port.o(.data)
    .data                                    0x20000064   Section        4  system_stm32f4xx.o(.data)
    .data                                    0x20000068   Section        4  stdio_streams.o(.data)
    .data                                    0x2000006c   Section        4  stdio_streams.o(.data)
    .data                                    0x20000070   Section        4  stdio_streams.o(.data)
    .bss                                     0x20000074   Section      200  tasks.o(.bss)
    pxReadyTasksLists                        0x20000074   Data         100  tasks.o(.bss)
    xDelayedTaskList1                        0x200000d8   Data          20  tasks.o(.bss)
    xDelayedTaskList2                        0x200000ec   Data          20  tasks.o(.bss)
    xPendingReadyList                        0x20000100   Data          20  tasks.o(.bss)
    xTasksWaitingTermination                 0x20000114   Data          20  tasks.o(.bss)
    xSuspendedTaskList                       0x20000128   Data          20  tasks.o(.bss)
    .bss                                     0x2000013c   Section    76800  heap_2.o(.bss)
    ucHeap                                   0x2000013c   Data       76800  heap_2.o(.bss)
    .bss                                     0x20012d3c   Section       84  stdio_streams.o(.bss)
    .bss                                     0x20012d90   Section       84  stdio_streams.o(.bss)
    .bss                                     0x20012de4   Section       84  stdio_streams.o(.bss)
    .bss                                     0x20012e38   Section       96  libspace.o(.bss)
    HEAP                                     0x20012e98   Section      512  startup_stm32f407xx.o(HEAP)
    Heap_Mem                                 0x20012e98   Data         512  startup_stm32f407xx.o(HEAP)
    STACK                                    0x20013098   Section     1024  startup_stm32f407xx.o(STACK)
    Stack_Mem                                0x20013098   Data        1024  startup_stm32f407xx.o(STACK)
    __initial_sp                             0x20013498   Data           0  startup_stm32f407xx.o(STACK)

    Global Symbols

    Symbol Name                              Value     Ov Type        Size  Object(Section)

    BuildAttributes$$THM_ISAv4$E$P$D$K$B$S$7EM$VFPi3$EXTD16$VFPS$VFMA$PE$A:L22UL41UL21$X:L11$S22US41US21$IEEE1$IW$USESV6$~STKCKD$USESV7$~SHL$OTIME$ROPI$EBA8$UX$STANDARDLIB$REQ8$PRES8$EABIv2 0x00000000   Number         0  anon$$obj.o ABSOLUTE
    __ARM_use_no_argv                        0x00000000   Number         0  main.o ABSOLUTE
    __ARM_exceptions_init                     - Undefined Weak Reference
    __alloca_initialize                       - Undefined Weak Reference
    __arm_preinit_                            - Undefined Weak Reference
    __cpp_initialize__aeabi_                  - Undefined Weak Reference
    __cxa_finalize                            - Undefined Weak Reference
    __rt_locale                               - Undefined Weak Reference
    __sigvec_lookup                           - Undefined Weak Reference
    __user_heap_extent                        - Undefined Weak Reference
    _atexit_init                              - Undefined Weak Reference
    _call_atexit_fns                          - Undefined Weak Reference
    _clock_init                               - Undefined Weak Reference
    _fp_trap_init                             - Undefined Weak Reference
    _fp_trap_shutdown                         - Undefined Weak Reference
    _get_lc_collate                           - Undefined Weak Reference
    _get_lc_ctype                             - Undefined Weak Reference
    _get_lc_monetary                          - Undefined Weak Reference
    _get_lc_numeric                           - Undefined Weak Reference
    _get_lc_time                              - Undefined Weak Reference
    _getenv_init                              - Undefined Weak Reference
    _handle_redirection                       - Undefined Weak Reference
    _mutex_acquire                            - Undefined Weak Reference
    _mutex_free                               - Undefined Weak Reference
    _mutex_release                            - Undefined Weak Reference
    _rand_init                                - Undefined Weak Reference
    _signal_finish                            - Undefined Weak Reference
    _signal_init                              - Undefined Weak Reference
    __Vectors_Size                           0x00000188   Number         0  startup_stm32f407xx.o ABSOLUTE
    __Vectors                                0x08000000   Data           4  startup_stm32f407xx.o(RESET)
    __Vectors_End                            0x08000188   Data           0  startup_stm32f407xx.o(RESET)
    __main                                   0x08000189   Thumb Code     8  __main.o(!!!main)
    __scatterload                            0x08000191   Thumb Code     0  __scatter.o(!!!scatter)
    __scatterload_rt2                        0x08000191   Thumb Code    44  __scatter.o(!!!scatter)
    __scatterload_rt2_thumb_only             0x08000191   Thumb Code     0  __scatter.o(!!!scatter)
    __scatterload_null                       0x0800019f   Thumb Code     0  __scatter.o(!!!scatter)
    __scatterload_copy                       0x080001c5   Thumb Code    26  __scatter_copy.o(!!handler_copy)
    __scatterload_zeroinit                   0x080001e1   Thumb Code    28  __scatter_zi.o(!!handler_zi)
    __rt_lib_init                            0x080001fd   Thumb Code     0  libinit.o(.ARM.Collect$$libinit$$00000000)
    __rt_lib_init_fp_1                       0x080001ff   Thumb Code     0  libinit2.o(.ARM.Collect$$libinit$$00000001)
    __rt_lib_init_heap_2                     0x08000203   Thumb Code     0  libinit2.o(.ARM.Collect$$libinit$$00000005)
    __rt_lib_init_preinit_1                  0x08000203   Thumb Code     0  libinit2.o(.ARM.Collect$$libinit$$00000004)
    __rt_lib_init_atexit_1                   0x0800020b   Thumb Code     0  libinit2.o(.ARM.Collect$$libinit$$0000001B)
    __rt_lib_init_clock_1                    0x0800020b   Thumb Code     0  libinit2.o(.ARM.Collect$$libinit$$00000021)
    __rt_lib_init_fp_trap_1                  0x0800020b   Thumb Code     0  libinit2.o(.ARM.Collect$$libinit$$0000001F)
    __rt_lib_init_getenv_1                   0x0800020b   Thumb Code     0  libinit2.o(.ARM.Collect$$libinit$$00000023)
    __rt_lib_init_heap_1                     0x0800020b   Thumb Code     0  libinit2.o(.ARM.Collect$$libinit$$0000000A)
    __rt_lib_init_lc_collate_1               0x0800020b   Thumb Code     0  libinit2.o(.ARM.Collect$$libinit$$00000011)
    __rt_lib_init_lc_ctype_1                 0x0800020b   Thumb Code     0  libinit2.o(.ARM.Collect$$libinit$$00000013)
    __rt_lib_init_lc_monetary_1              0x0800020b   Thumb Code     0  libinit2.o(.ARM.Collect$$libinit$$00000015)
    __rt_lib_init_lc_numeric_1               0x0800020b   Thumb Code     0  libinit2.o(.ARM.Collect$$libinit$$00000017)
    __rt_lib_init_lc_time_1                  0x0800020b   Thumb Code     0  libinit2.o(.ARM.Collect$$libinit$$00000019)
    __rt_lib_init_rand_1                     0x0800020b   Thumb Code     0  libinit2.o(.ARM.Collect$$libinit$$0000000E)
    __rt_lib_init_signal_1                   0x0800020b   Thumb Code     0  libinit2.o(.ARM.Collect$$libinit$$0000001D)
    __rt_lib_init_stdio_2                    0x0800020b   Thumb Code     0  libinit2.o(.ARM.Collect$$libinit$$00000024)
    __rt_lib_init_user_alloc_1               0x0800020b   Thumb Code     0  libinit2.o(.ARM.Collect$$libinit$$0000000C)
    __rt_lib_init_alloca_1                   0x0800020f   Thumb Code     0  libinit2.o(.ARM.Collect$$libinit$$0000002E)
    __rt_lib_init_argv_1                     0x0800020f   Thumb Code     0  libinit2.o(.ARM.Collect$$libinit$$0000002C)
    __rt_lib_init_cpp_1                      0x0800020f   Thumb Code     0  libinit2.o(.ARM.Collect$$libinit$$00000032)
    __rt_lib_init_exceptions_1               0x0800020f   Thumb Code     0  libinit2.o(.ARM.Collect$$libinit$$00000030)
    __rt_lib_init_return                     0x0800020f   Thumb Code     0  libinit2.o(.ARM.Collect$$libinit$$00000033)
    __rt_lib_init_stdio_1                    0x0800020f   Thumb Code     0  libinit2.o(.ARM.Collect$$libinit$$00000025)
    __rt_lib_shutdown                        0x08000211   Thumb Code     0  libshutdown.o(.ARM.Collect$$libshutdown$$00000000)
    __rt_lib_shutdown_cpp_1                  0x08000213   Thumb Code     0  libshutdown2.o(.ARM.Collect$$libshutdown$$00000002)
    __rt_lib_shutdown_stdio_2                0x08000213   Thumb Code     0  libshutdown2.o(.ARM.Collect$$libshutdown$$00000003)
    __rt_lib_shutdown_fp_trap_1              0x08000217   Thumb Code     0  libshutdown2.o(.ARM.Collect$$libshutdown$$00000007)
    __rt_lib_shutdown_heap_1                 0x08000217   Thumb Code     0  libshutdown2.o(.ARM.Collect$$libshutdown$$0000000F)
    __rt_lib_shutdown_return                 0x08000217   Thumb Code     0  libshutdown2.o(.ARM.Collect$$libshutdown$$00000010)
    __rt_lib_shutdown_signal_1               0x08000217   Thumb Code     0  libshutdown2.o(.ARM.Collect$$libshutdown$$0000000A)
    __rt_lib_shutdown_stdio_1                0x08000217   Thumb Code     0  libshutdown2.o(.ARM.Collect$$libshutdown$$00000004)
    __rt_lib_shutdown_user_alloc_1           0x08000217   Thumb Code     0  libshutdown2.o(.ARM.Collect$$libshutdown$$0000000C)
    __rt_entry                               0x08000219   Thumb Code     0  __rtentry.o(.ARM.Collect$$rtentry$$00000000)
    __rt_entry_presh_1                       0x08000219   Thumb Code     0  __rtentry2.o(.ARM.Collect$$rtentry$$00000002)
    __rt_entry_sh                            0x08000219   Thumb Code     0  __rtentry4.o(.ARM.Collect$$rtentry$$00000004)
    __rt_entry_li                            0x0800021f   Thumb Code     0  __rtentry2.o(.ARM.Collect$$rtentry$$0000000A)
    __rt_entry_postsh_1                      0x0800021f   Thumb Code     0  __rtentry2.o(.ARM.Collect$$rtentry$$00000009)
    __rt_entry_main                          0x08000223   Thumb Code     0  __rtentry2.o(.ARM.Collect$$rtentry$$0000000D)
    __rt_entry_postli_1                      0x08000223   Thumb Code     0  __rtentry2.o(.ARM.Collect$$rtentry$$0000000C)
    __rt_exit                                0x0800022b   Thumb Code     0  rtexit.o(.ARM.Collect$$rtexit$$00000000)
    __rt_exit_ls                             0x0800022d   Thumb Code     0  rtexit2.o(.ARM.Collect$$rtexit$$00000003)
    __rt_exit_prels_1                        0x0800022d   Thumb Code     0  rtexit2.o(.ARM.Collect$$rtexit$$00000002)
    __rt_exit_exit                           0x08000231   Thumb Code     0  rtexit2.o(.ARM.Collect$$rtexit$$00000004)
    SVC_Handler                              0x08000239   Thumb Code    28  port.o(.emb_text)
    __asm___6_port_c_39a90d8d__prvStartFirstTask 0x08000259   Thumb Code    28  port.o(.emb_text)
    __asm___6_port_c_39a90d8d__prvEnableVFP  0x08000279   Thumb Code    16  port.o(.emb_text)
    PendSV_Handler                           0x0800028d   Thumb Code    88  port.o(.emb_text)
    vPortGetIPSR                             0x080002e9   Thumb Code     6  port.o(.emb_text)
    Reset_Handler                            0x080002f1   Thumb Code     8  startup_stm32f407xx.o(.text)
    _maybe_terminate_alloc                   0x080002f1   Thumb Code     0  maybetermalloc1.o(.emb_text)
    NMI_Handler                              0x080002f9   Thumb Code     2  startup_stm32f407xx.o(.text)
    HardFault_Handler                        0x080002fb   Thumb Code     2  startup_stm32f407xx.o(.text)
    MemManage_Handler                        0x080002fd   Thumb Code     2  startup_stm32f407xx.o(.text)
    BusFault_Handler                         0x080002ff   Thumb Code     2  startup_stm32f407xx.o(.text)
    UsageFault_Handler                       0x08000301   Thumb Code     2  startup_stm32f407xx.o(.text)
    DebugMon_Handler                         0x08000305   Thumb Code     2  startup_stm32f407xx.o(.text)
    ADC_IRQHandler                           0x0800030b   Thumb Code     0  startup_stm32f407xx.o(.text)
    CAN1_RX0_IRQHandler                      0x0800030b   Thumb Code     0  startup_stm32f407xx.o(.text)
    CAN1_RX1_IRQHandler                      0x0800030b   Thumb Code     0  startup_stm32f407xx.o(.text)
    CAN1_SCE_IRQHandler                      0x0800030b   Thumb Code     0  startup_stm32f407xx.o(.text)
    CAN1_TX_IRQHandler                       0x0800030b   Thumb Code     0  startup_stm32f407xx.o(.text)
    CAN2_RX0_IRQHandler                      0x0800030b   Thumb Code     0  startup_stm32f407xx.o(.text)
    CAN2_RX1_IRQHandler                      0x0800030b   Thumb Code     0  startup_stm32f407xx.o(.text)
    CAN2_SCE_IRQHandler                      0x0800030b   Thumb Code     0  startup_stm32f407xx.o(.text)
    CAN2_TX_IRQHandler                       0x0800030b   Thumb Code     0  startup_stm32f407xx.o(.text)
    DCMI_IRQHandler                          0x0800030b   Thumb Code     0  startup_stm32f407xx.o(.text)
    DMA1_Stream0_IRQHandler                  0x0800030b   Thumb Code     0  startup_stm32f407xx.o(.text)
    DMA1_Stream1_IRQHandler                  0x0800030b   Thumb Code     0  startup_stm32f407xx.o(.text)
    DMA1_Stream2_IRQHandler                  0x0800030b   Thumb Code     0  startup_stm32f407xx.o(.text)
    DMA1_Stream3_IRQHandler                  0x0800030b   Thumb Code     0  startup_stm32f407xx.o(.text)
    DMA1_Stream4_IRQHandler                  0x0800030b   Thumb Code     0  startup_stm32f407xx.o(.text)
    DMA1_Stream5_IRQHandler                  0x0800030b   Thumb Code     0  startup_stm32f407xx.o(.text)
    DMA1_Stream6_IRQHandler                  0x0800030b   Thumb Code     0  startup_stm32f407xx.o(.text)
    DMA1_Stream7_IRQHandler                  0x0800030b   Thumb Code     0  startup_stm32f407xx.o(.text)
    DMA2_Stream0_IRQHandler                  0x0800030b   Thumb Code     0  startup_stm32f407xx.o(.text)
    DMA2_Stream1_IRQHandler                  0x0800030b   Thumb Code     0  startup_stm32f407xx.o(.text)
    DMA2_Stream2_IRQHandler                  0x0800030b   Thumb Code     0  startup_stm32f407xx.o(.text)
    DMA2_Stream3_IRQHandler                  0x0800030b   Thumb Code     0  startup_stm32f407xx.o(.text)
    DMA2_Stream4_IRQHandler                  0x0800030b   Thumb Code     0  startup_stm32f407xx.o(.text)
    DMA2_Stream5_IRQHandler                  0x0800030b   Thumb Code     0  startup_stm32f407xx.o(.text)
    DMA2_Stream6_IRQHandler                  0x0800030b   Thumb Code     0  startup_stm32f407xx.o(.text)
    DMA2_Stream7_IRQHandler                  0x0800030b   Thumb Code     0  startup_stm32f407xx.o(.text)
    ETH_IRQHandler                           0x0800030b   Thumb Code     0  startup_stm32f407xx.o(.text)
    ETH_WKUP_IRQHandler                      0x0800030b   Thumb Code     0  startup_stm32f407xx.o(.text)
    EXTI15_10_IRQHandler                     0x0800030b   Thumb Code     0  startup_stm32f407xx.o(.text)
    EXTI1_IRQHandler                         0x0800030b   Thumb Code     0  startup_stm32f407xx.o(.text)
    EXTI2_IRQHandler                         0x0800030b   Thumb Code     0  startup_stm32f407xx.o(.text)
    EXTI3_IRQHandler                         0x0800030b   Thumb Code     0  startup_stm32f407xx.o(.text)
    EXTI4_IRQHandler                         0x0800030b   Thumb Code     0  startup_stm32f407xx.o(.text)
    EXTI9_5_IRQHandler                       0x0800030b   Thumb Code     0  startup_stm32f407xx.o(.text)
    FLASH_IRQHandler                         0x0800030b   Thumb Code     0  startup_stm32f407xx.o(.text)
    FMC_IRQHandler                           0x0800030b   Thumb Code     0  startup_stm32f407xx.o(.text)
    FPU_IRQHandler                           0x0800030b   Thumb Code     0  startup_stm32f407xx.o(.text)
    HASH_RNG_IRQHandler                      0x0800030b   Thumb Code     0  startup_stm32f407xx.o(.text)
    I2C1_ER_IRQHandler                       0x0800030b   Thumb Code     0  startup_stm32f407xx.o(.text)
    I2C1_EV_IRQHandler                       0x0800030b   Thumb Code     0  startup_stm32f407xx.o(.text)
    I2C2_ER_IRQHandler                       0x0800030b   Thumb Code     0  startup_stm32f407xx.o(.text)
    I2C2_EV_IRQHandler                       0x0800030b   Thumb Code     0  startup_stm32f407xx.o(.text)
    I2C3_ER_IRQHandler                       0x0800030b   Thumb Code     0  startup_stm32f407xx.o(.text)
    I2C3_EV_IRQHandler                       0x0800030b   Thumb Code     0  startup_stm32f407xx.o(.text)
    OTG_FS_IRQHandler                        0x0800030b   Thumb Code     0  startup_stm32f407xx.o(.text)
    OTG_FS_WKUP_IRQHandler                   0x0800030b   Thumb Code     0  startup_stm32f407xx.o(.text)
    OTG_HS_EP1_IN_IRQHandler                 0x0800030b   Thumb Code     0  startup_stm32f407xx.o(.text)
    OTG_HS_EP1_OUT_IRQHandler                0x0800030b   Thumb Code     0  startup_stm32f407xx.o(.text)
    OTG_HS_IRQHandler                        0x0800030b   Thumb Code     0  startup_stm32f407xx.o(.text)
    OTG_HS_WKUP_IRQHandler                   0x0800030b   Thumb Code     0  startup_stm32f407xx.o(.text)
    PVD_IRQHandler                           0x0800030b   Thumb Code     0  startup_stm32f407xx.o(.text)
    RCC_IRQHandler                           0x0800030b   Thumb Code     0  startup_stm32f407xx.o(.text)
    RTC_Alarm_IRQHandler                     0x0800030b   Thumb Code     0  startup_stm32f407xx.o(.text)
    RTC_WKUP_IRQHandler                      0x0800030b   Thumb Code     0  startup_stm32f407xx.o(.text)
    SDIO_IRQHandler                          0x0800030b   Thumb Code     0  startup_stm32f407xx.o(.text)
    SPI1_IRQHandler                          0x0800030b   Thumb Code     0  startup_stm32f407xx.o(.text)
    SPI2_IRQHandler                          0x0800030b   Thumb Code     0  startup_stm32f407xx.o(.text)
    SPI3_IRQHandler                          0x0800030b   Thumb Code     0  startup_stm32f407xx.o(.text)
    TAMP_STAMP_IRQHandler                    0x0800030b   Thumb Code     0  startup_stm32f407xx.o(.text)
    TIM1_BRK_TIM9_IRQHandler                 0x0800030b   Thumb Code     0  startup_stm32f407xx.o(.text)
    TIM1_CC_IRQHandler                       0x0800030b   Thumb Code     0  startup_stm32f407xx.o(.text)
    TIM1_TRG_COM_TIM11_IRQHandler            0x0800030b   Thumb Code     0  startup_stm32f407xx.o(.text)
    TIM1_UP_TIM10_IRQHandler                 0x0800030b   Thumb Code     0  startup_stm32f407xx.o(.text)
    TIM2_IRQHandler                          0x0800030b   Thumb Code     0  startup_stm32f407xx.o(.text)
    TIM3_IRQHandler                          0x0800030b   Thumb Code     0  startup_stm32f407xx.o(.text)
    TIM4_IRQHandler                          0x0800030b   Thumb Code     0  startup_stm32f407xx.o(.text)
    TIM5_IRQHandler                          0x0800030b   Thumb Code     0  startup_stm32f407xx.o(.text)
    TIM6_DAC_IRQHandler                      0x0800030b   Thumb Code     0  startup_stm32f407xx.o(.text)
    TIM7_IRQHandler                          0x0800030b   Thumb Code     0  startup_stm32f407xx.o(.text)
    TIM8_BRK_TIM12_IRQHandler                0x0800030b   Thumb Code     0  startup_stm32f407xx.o(.text)
    TIM8_CC_IRQHandler                       0x0800030b   Thumb Code     0  startup_stm32f407xx.o(.text)
    TIM8_TRG_COM_TIM14_IRQHandler            0x0800030b   Thumb Code     0  startup_stm32f407xx.o(.text)
    TIM8_UP_TIM13_IRQHandler                 0x0800030b   Thumb Code     0  startup_stm32f407xx.o(.text)
    UART4_IRQHandler                         0x0800030b   Thumb Code     0  startup_stm32f407xx.o(.text)
    UART5_IRQHandler                         0x0800030b   Thumb Code     0  startup_stm32f407xx.o(.text)
    USART1_IRQHandler                        0x0800030b   Thumb Code     0  startup_stm32f407xx.o(.text)
    USART2_IRQHandler                        0x0800030b   Thumb Code     0  startup_stm32f407xx.o(.text)
    USART3_IRQHandler                        0x0800030b   Thumb Code     0  startup_stm32f407xx.o(.text)
    USART6_IRQHandler                        0x0800030b   Thumb Code     0  startup_stm32f407xx.o(.text)
    WWDG_IRQHandler                          0x0800030b   Thumb Code     0  startup_stm32f407xx.o(.text)
    __user_initial_stackheap                 0x0800030d   Thumb Code     0  startup_stm32f407xx.o(.text)
    __2printf                                0x08000331   Thumb Code    20  noretval__2printf.o(.text)
    __aeabi_memcpy                           0x08000349   Thumb Code     0  rt_memcpy_v6.o(.text)
    __rt_memcpy                              0x08000349   Thumb Code   138  rt_memcpy_v6.o(.text)
    _memcpy_lastbytes                        0x080003af   Thumb Code     0  rt_memcpy_v6.o(.text)
    __aeabi_memset                           0x080003d3   Thumb Code    16  aeabi_memset.o(.text)
    strcmp                                   0x080003e5   Thumb Code   128  strcmpv7m.o(.text)
    __use_two_region_memory                  0x08000465   Thumb Code     2  heapauxi.o(.text)
    __rt_heap_escrow                         0x08000467   Thumb Code     2  heapauxi.o(.text)
    __rt_heap_expand                         0x08000469   Thumb Code     2  heapauxi.o(.text)
    _printf_char_file                        0x0800046d   Thumb Code    32  _printf_char_file.o(.text)
    __aeabi_memcpy4                          0x08000491   Thumb Code     0  rt_memcpy_w.o(.text)
    __aeabi_memcpy8                          0x08000491   Thumb Code     0  rt_memcpy_w.o(.text)
    __rt_memcpy_w                            0x08000491   Thumb Code   100  rt_memcpy_w.o(.text)
    _memcpy_lastbytes_aligned                0x080004d9   Thumb Code     0  rt_memcpy_w.o(.text)
    __aeabi_memclr                           0x080004f5   Thumb Code     0  rt_memclr.o(.text)
    __rt_memclr                              0x080004f5   Thumb Code    68  rt_memclr.o(.text)
    _memset                                  0x080004f9   Thumb Code     0  rt_memclr.o(.text)
    _printf_char_common                      0x08000543   Thumb Code    32  _printf_char_common.o(.text)
    ferror                                   0x08000569   Thumb Code     8  ferror.o(.text)
    _initio                                  0x08000571   Thumb Code   210  initio.o(.text)
    _terminateio                             0x08000643   Thumb Code    56  initio.o(.text)
    __aeabi_memclr4                          0x080006a9   Thumb Code     0  rt_memclr_w.o(.text)
    __aeabi_memclr8                          0x080006a9   Thumb Code     0  rt_memclr_w.o(.text)
    __rt_memclr_w                            0x080006a9   Thumb Code    78  rt_memclr_w.o(.text)
    _memset_w                                0x080006ad   Thumb Code     0  rt_memclr_w.o(.text)
    __user_setup_stackheap                   0x080006f7   Thumb Code    74  sys_stackheap_outer.o(.text)
    free                                     0x08000741   Thumb Code    78  h1_free.o(.text)
    __printf                                 0x0800078f   Thumb Code    40  __printf_nopercent.o(.text)
    __flsbuf                                 0x080007b7   Thumb Code   470  flsbuf.o(.text)
    __flsbuf_byte                            0x080007b7   Thumb Code     0  flsbuf.o(.text)
    __flsbuf_wide                            0x080007b7   Thumb Code     0  flsbuf.o(.text)
    setvbuf                                  0x0800098d   Thumb Code    70  setvbuf.o(.text)
    freopen                                  0x080009d5   Thumb Code   158  fopen.o(.text)
    fopen                                    0x08000a73   Thumb Code    74  fopen.o(.text)
    _fclose_internal                         0x08000ac1   Thumb Code    76  fclose.o(.text)
    fclose                                   0x08000ac1   Thumb Code     0  fclose.o(.text)
    exit                                     0x08000b0d   Thumb Code    18  exit.o(.text)
    __rt_SIGRTRED                            0x08000b1f   Thumb Code    14  defsig_rtred_outer.o(.text)
    __user_libspace                          0x08000b2d   Thumb Code     8  libspace.o(.text)
    __user_perproc_libspace                  0x08000b2d   Thumb Code     0  libspace.o(.text)
    __user_perthread_libspace                0x08000b2d   Thumb Code     0  libspace.o(.text)
    __rt_heap_descriptor                     0x08000b35   Thumb Code     8  rt_heap_descriptor_intlibspace.o(.text)
    __use_no_heap                            0x08000b3d   Thumb Code     2  hguard.o(.text)
    __heap$guard                             0x08000b3f   Thumb Code     2  hguard.o(.text)
    _terminate_user_alloc                    0x08000b41   Thumb Code     2  init_alloc.o(.text)
    _init_user_alloc                         0x08000b43   Thumb Code     2  init_alloc.o(.text)
    __Heap_Full                              0x08000b45   Thumb Code    34  init_alloc.o(.text)
    __Heap_Broken                            0x08000b67   Thumb Code     6  init_alloc.o(.text)
    _init_alloc                              0x08000b6d   Thumb Code    94  init_alloc.o(.text)
    malloc                                   0x08000bcb   Thumb Code    94  h1_alloc.o(.text)
    _fseek                                   0x08000c29   Thumb Code   242  fseek.o(.text)
    fseek                                    0x08000c29   Thumb Code     0  fseek.o(.text)
    _seterr                                  0x08000d21   Thumb Code    20  stdio.o(.text)
    _writebuf                                0x08000d35   Thumb Code    84  stdio.o(.text)
    _fflush                                  0x08000d89   Thumb Code    70  stdio.o(.text)
    _deferredlazyseek                        0x08000dcf   Thumb Code    60  stdio.o(.text)
    __sig_exit                               0x08000e11   Thumb Code    10  defsig_exit.o(.text)
    __rt_SIGRTRED_inner                      0x08000e1d   Thumb Code    14  defsig_rtred_inner.o(.text)
    _sys_exit                                0x08000e51   Thumb Code     8  sys_exit.o(.text)
    __Heap_Initialize                        0x08000e5d   Thumb Code    10  h1_init.o(.text)
    __Heap_DescSize                          0x08000e67   Thumb Code     4  h1_init.o(.text)
    __Heap_ProvideMemory                     0x08000e6b   Thumb Code    52  h1_extend.o(.text)
    _ftell_internal                          0x08000e9f   Thumb Code    66  ftell.o(.text)
    ftell                                    0x08000e9f   Thumb Code     0  ftell.o(.text)
    __default_signal_display                 0x08000ee1   Thumb Code    50  defsig_general.o(.text)
    __rt_SIGRTMEM                            0x08000f13   Thumb Code    14  defsig_rtmem_outer.o(.text)
    _ttywrch                                 0x08000f21   Thumb Code    14  sys_wrch.o(.text)
    __I$use$semihosting                      0x08000f2f   Thumb Code     0  use_no_semi.o(.text)
    __use_no_semihosting_swi                 0x08000f2f   Thumb Code     2  use_no_semi.o(.text)
    __aeabi_errno_addr                       0x08000f31   Thumb Code     8  rt_errno_addr_intlibspace.o(.text)
    __errno$intlibspace                      0x08000f31   Thumb Code     0  rt_errno_addr_intlibspace.o(.text)
    __rt_errno_addr$intlibspace              0x08000f31   Thumb Code     0  rt_errno_addr_intlibspace.o(.text)
    __semihosting_library_function           0x08000f31   Thumb Code     0  indicate_semi.o(.text)
    __rt_SIGRTMEM_inner                      0x08000f39   Thumb Code    22  defsig_rtmem_inner.o(.text)
    EXTI0_IRQHandler                         0x08000f89   Thumb Code    52  main.o(i.EXTI0_IRQHandler)
    ITM_SendChar                             0x08000fc9   Thumb Code    42  retarget_io.o(i.ITM_SendChar)
    SysTick_Handler                          0x08000ff9   Thumb Code    46  port.o(i.SysTick_Handler)
    SystemInit                               0x0800102d   Thumb Code    82  system_stm32f4xx.o(i.SystemInit)
    _sys_close                               0x08001091   Thumb Code    38  retarget_io.o(i._sys_close)
    _sys_flen                                0x080010b7   Thumb Code    36  retarget_io.o(i._sys_flen)
    _sys_istty                               0x080010db   Thumb Code    36  retarget_io.o(i._sys_istty)
    _sys_open                                0x08001101   Thumb Code    80  retarget_io.o(i._sys_open)
    _sys_seek                                0x08001169   Thumb Code    44  retarget_io.o(i._sys_seek)
    _sys_write                               0x08001195   Thumb Code    70  retarget_io.o(i._sys_write)
    fputc                                    0x0800123d   Thumb Code    26  fputc.o(i.fputc)
    main                                     0x08001259   Thumb Code   214  main.o(i.main)
    pvPortMalloc                             0x08001801   Thumb Code   164  heap_2.o(i.pvPortMalloc)
    pvTaskIncrementMutexHeldCount            0x080018b9   Thumb Code    26  tasks.o(i.pvTaskIncrementMutexHeldCount)
    pxPortInitialiseStack                    0x080018d9   Thumb Code    38  port.o(i.pxPortInitialiseStack)
    uxListRemove                             0x08001911   Thumb Code    40  list.o(i.uxListRemove)
    vListInitialise                          0x08001939   Thumb Code    26  list.o(i.vListInitialise)
    vListInitialiseItem                      0x08001953   Thumb Code     6  list.o(i.vListInitialiseItem)
    vListInsert                              0x08001959   Thumb Code    52  list.o(i.vListInsert)
    vListInsertEnd                           0x0800198d   Thumb Code    24  list.o(i.vListInsertEnd)
    vPortEnterCritical                       0x080019a5   Thumb Code    76  port.o(i.vPortEnterCritical)
    vPortExitCritical                        0x080019f9   Thumb Code    56  port.o(i.vPortExitCritical)
    vPortFree                                0x08001a35   Thumb Code    56  heap_2.o(i.vPortFree)
    vPortSetupTimerInterrupt                 0x08001a75   Thumb Code    26  port.o(i.vPortSetupTimerInterrupt)
    vPortValidateInterruptPriority           0x08001a95   Thumb Code   106  port.o(i.vPortValidateInterruptPriority)
    vTask                                    0x08001b0d   Thumb Code    38  main.o(i.vTask)
    vTaskMissedYield                         0x08001b5d   Thumb Code     8  tasks.o(i.vTaskMissedYield)
    vTaskPlaceOnEventList                    0x08001b69   Thumb Code    52  tasks.o(i.vTaskPlaceOnEventList)
    vTaskPriorityInherit                     0x08001ba1   Thumb Code   164  tasks.o(i.vTaskPriorityInherit)
    vTaskSetTimeOutState                     0x08001c51   Thumb Code    38  tasks.o(i.vTaskSetTimeOutState)
    vTaskStartScheduler                      0x08001c81   Thumb Code   108  tasks.o(i.vTaskStartScheduler)
    vTaskSuspendAll                          0x08001d09   Thumb Code    12  tasks.o(i.vTaskSuspendAll)
    vTaskSwitchContext                       0x08001d19   Thumb Code   118  tasks.o(i.vTaskSwitchContext)
    xPortStartScheduler                      0x08001da5   Thumb Code   288  port.o(i.xPortStartScheduler)
    xQueueGenericCreate                      0x08001ee1   Thumb Code    88  queue.o(i.xQueueGenericCreate)
    xQueueGenericReceive                     0x08001f39   Thumb Code   446  queue.o(i.xQueueGenericReceive)
    xQueueGenericReset                       0x080020fd   Thumb Code   146  queue.o(i.xQueueGenericReset)
    xQueueGiveFromISR                        0x08002195   Thumb Code   224  queue.o(i.xQueueGiveFromISR)
    xTaskCheckForTimeOut                     0x08002275   Thumb Code   132  tasks.o(i.xTaskCheckForTimeOut)
    xTaskCreate                              0x08002301   Thumb Code    96  tasks.o(i.xTaskCreate)
    xTaskGetSchedulerState                   0x08002361   Thumb Code    24  tasks.o(i.xTaskGetSchedulerState)
    xTaskIncrementTick                       0x08002381   Thumb Code   282  tasks.o(i.xTaskIncrementTick)
    xTaskRemoveFromEventList                 0x080024c9   Thumb Code   128  tasks.o(i.xTaskRemoveFromEventList)
    xTaskResumeAll                           0x08002561   Thumb Code   224  tasks.o(i.xTaskResumeAll)
    _fp_init                                 0x08002665   Thumb Code    10  fpinit.o(x$fpl$fpinit)
    __fplib_config_fpu_vfp                   0x0800266d   Thumb Code     0  fpinit.o(x$fpl$fpinit)
    __fplib_config_pureend_doubles           0x0800266d   Thumb Code     0  fpinit.o(x$fpl$fpinit)
    __stdin_name                             0x0800266e   Data           7  retarget_io.o(.constdata)
    __stdout_name                            0x08002675   Data           8  retarget_io.o(.constdata)
    __stderr_name                            0x0800267d   Data           8  retarget_io.o(.constdata)
    Region$$Table$$Base                      0x08002688   Number         0  anon$$obj.o(Region$$Table)
    Region$$Table$$Limit                     0x080026a8   Number         0  anon$$obj.o(Region$$Table)
    smphrHandle                              0x20000000   Data           4  main.o(.data)
    pxCurrentTCB                             0x20000004   Data           4  tasks.o(.data)
    SystemCoreClock                          0x20000064   Data           4  system_stm32f4xx.o(.data)
    __aeabi_stdin                            0x20000068   Data           4  stdio_streams.o(.data)
    __aeabi_stdout                           0x2000006c   Data           4  stdio_streams.o(.data)
    __aeabi_stderr                           0x20000070   Data           4  stdio_streams.o(.data)
    __stdin                                  0x20012d3c   Data          84  stdio_streams.o(.bss)
    __stdout                                 0x20012d90   Data          84  stdio_streams.o(.bss)
    __stderr                                 0x20012de4   Data          84  stdio_streams.o(.bss)
    __libspace_start                         0x20012e38   Data          96  libspace.o(.bss)
    __temporary_stack_top$libspace           0x20012e98   Data           0  libspace.o(.bss)



==============================================================================

Memory Map of the image

  Image Entry point : 0x08000189

  Load Region LR_IROM1 (Base: 0x08000000, Size: 0x0000271c, Max: 0x00100000, ABSOLUTE)

    Execution Region ER_IROM1 (Base: 0x08000000, Size: 0x000026a8, Max: 0x00100000, ABSOLUTE)

    Base Addr    Size         Type   Attr      Idx    E Section Name        Object

    0x08000000   0x00000188   Data   RO          921    RESET               startup_stm32f407xx.o
    0x08000188   0x00000008   Code   RO          981  * !!!main             c_w.l(__main.o)
    0x08000190   0x00000034   Code   RO         1322    !!!scatter          c_w.l(__scatter.o)
    0x080001c4   0x0000001a   Code   RO         1324    !!handler_copy      c_w.l(__scatter_copy.o)
    0x080001de   0x00000002   PAD
    0x080001e0   0x0000001c   Code   RO         1326    !!handler_zi        c_w.l(__scatter_zi.o)
    0x080001fc   0x00000002   Code   RO         1115    .ARM.Collect$$libinit$$00000000  c_w.l(libinit.o)
    0x080001fe   0x00000004   Code   RO         1116    .ARM.Collect$$libinit$$00000001  c_w.l(libinit2.o)
    0x08000202   0x00000000   Code   RO         1119    .ARM.Collect$$libinit$$00000004  c_w.l(libinit2.o)
    0x08000202   0x00000008   Code   RO         1120    .ARM.Collect$$libinit$$00000005  c_w.l(libinit2.o)
    0x0800020a   0x00000000   Code   RO         1122    .ARM.Collect$$libinit$$0000000A  c_w.l(libinit2.o)
    0x0800020a   0x00000000   Code   RO         1124    .ARM.Collect$$libinit$$0000000C  c_w.l(libinit2.o)
    0x0800020a   0x00000000   Code   RO         1126    .ARM.Collect$$libinit$$0000000E  c_w.l(libinit2.o)
    0x0800020a   0x00000000   Code   RO         1129    .ARM.Collect$$libinit$$00000011  c_w.l(libinit2.o)
    0x0800020a   0x00000000   Code   RO         1131    .ARM.Collect$$libinit$$00000013  c_w.l(libinit2.o)
    0x0800020a   0x00000000   Code   RO         1133    .ARM.Collect$$libinit$$00000015  c_w.l(libinit2.o)
    0x0800020a   0x00000000   Code   RO         1135    .ARM.Collect$$libinit$$00000017  c_w.l(libinit2.o)
    0x0800020a   0x00000000   Code   RO         1137    .ARM.Collect$$libinit$$00000019  c_w.l(libinit2.o)
    0x0800020a   0x00000000   Code   RO         1139    .ARM.Collect$$libinit$$0000001B  c_w.l(libinit2.o)
    0x0800020a   0x00000000   Code   RO         1141    .ARM.Collect$$libinit$$0000001D  c_w.l(libinit2.o)
    0x0800020a   0x00000000   Code   RO         1143    .ARM.Collect$$libinit$$0000001F  c_w.l(libinit2.o)
    0x0800020a   0x00000000   Code   RO         1145    .ARM.Collect$$libinit$$00000021  c_w.l(libinit2.o)
    0x0800020a   0x00000000   Code   RO         1147    .ARM.Collect$$libinit$$00000023  c_w.l(libinit2.o)
    0x0800020a   0x00000004   Code   RO         1148    .ARM.Collect$$libinit$$00000024  c_w.l(libinit2.o)
    0x0800020e   0x00000000   Code   RO         1149    .ARM.Collect$$libinit$$00000025  c_w.l(libinit2.o)
    0x0800020e   0x00000000   Code   RO         1153    .ARM.Collect$$libinit$$0000002C  c_w.l(libinit2.o)
    0x0800020e   0x00000000   Code   RO         1155    .ARM.Collect$$libinit$$0000002E  c_w.l(libinit2.o)
    0x0800020e   0x00000000   Code   RO         1157    .ARM.Collect$$libinit$$00000030  c_w.l(libinit2.o)
    0x0800020e   0x00000000   Code   RO         1159    .ARM.Collect$$libinit$$00000032  c_w.l(libinit2.o)
    0x0800020e   0x00000002   Code   RO         1160    .ARM.Collect$$libinit$$00000033  c_w.l(libinit2.o)
    0x08000210   0x00000002   Code   RO         1301    .ARM.Collect$$libshutdown$$00000000  c_w.l(libshutdown.o)
    0x08000212   0x00000000   Code   RO         1162    .ARM.Collect$$libshutdown$$00000002  c_w.l(libshutdown2.o)
    0x08000212   0x00000004   Code   RO         1163    .ARM.Collect$$libshutdown$$00000003  c_w.l(libshutdown2.o)
    0x08000216   0x00000000   Code   RO         1164    .ARM.Collect$$libshutdown$$00000004  c_w.l(libshutdown2.o)
    0x08000216   0x00000000   Code   RO         1167    .ARM.Collect$$libshutdown$$00000007  c_w.l(libshutdown2.o)
    0x08000216   0x00000000   Code   RO         1170    .ARM.Collect$$libshutdown$$0000000A  c_w.l(libshutdown2.o)
    0x08000216   0x00000000   Code   RO         1172    .ARM.Collect$$libshutdown$$0000000C  c_w.l(libshutdown2.o)
    0x08000216   0x00000000   Code   RO         1175    .ARM.Collect$$libshutdown$$0000000F  c_w.l(libshutdown2.o)
    0x08000216   0x00000002   Code   RO         1176    .ARM.Collect$$libshutdown$$00000010  c_w.l(libshutdown2.o)
    0x08000218   0x00000000   Code   RO          983    .ARM.Collect$$rtentry$$00000000  c_w.l(__rtentry.o)
    0x08000218   0x00000000   Code   RO          997    .ARM.Collect$$rtentry$$00000002  c_w.l(__rtentry2.o)
    0x08000218   0x00000006   Code   RO         1009    .ARM.Collect$$rtentry$$00000004  c_w.l(__rtentry4.o)
    0x0800021e   0x00000000   Code   RO          999    .ARM.Collect$$rtentry$$00000009  c_w.l(__rtentry2.o)
    0x0800021e   0x00000004   Code   RO         1000    .ARM.Collect$$rtentry$$0000000A  c_w.l(__rtentry2.o)
    0x08000222   0x00000000   Code   RO         1002    .ARM.Collect$$rtentry$$0000000C  c_w.l(__rtentry2.o)
    0x08000222   0x00000008   Code   RO         1003    .ARM.Collect$$rtentry$$0000000D  c_w.l(__rtentry2.o)
    0x0800022a   0x00000002   Code   RO         1182    .ARM.Collect$$rtexit$$00000000  c_w.l(rtexit.o)
    0x0800022c   0x00000000   Code   RO         1236    .ARM.Collect$$rtexit$$00000002  c_w.l(rtexit2.o)
    0x0800022c   0x00000004   Code   RO         1237    .ARM.Collect$$rtexit$$00000003  c_w.l(rtexit2.o)
    0x08000230   0x00000006   Code   RO         1238    .ARM.Collect$$rtexit$$00000004  c_w.l(rtexit2.o)
    0x08000236   0x00000002   PAD
    0x08000238   0x000000b6   Code   RO          748    .emb_text           port.o
    0x080002ee   0x00000002   PAD
    0x080002f0   0x00000000   Code   RO         1242    .emb_text           c_w.l(maybetermalloc1.o)
    0x080002f0   0x00000040   Code   RO          922    .text               startup_stm32f407xx.o
    0x08000330   0x00000018   Code   RO          971    .text               c_w.l(noretval__2printf.o)
    0x08000348   0x0000008a   Code   RO          973    .text               c_w.l(rt_memcpy_v6.o)
    0x080003d2   0x00000010   Code   RO          975    .text               c_w.l(aeabi_memset.o)
    0x080003e2   0x00000002   PAD
    0x080003e4   0x00000080   Code   RO          977    .text               c_w.l(strcmpv7m.o)
    0x08000464   0x00000006   Code   RO          979    .text               c_w.l(heapauxi.o)
    0x0800046a   0x00000002   PAD
    0x0800046c   0x00000024   Code   RO          984    .text               c_w.l(_printf_char_file.o)
    0x08000490   0x00000064   Code   RO          992    .text               c_w.l(rt_memcpy_w.o)
    0x080004f4   0x00000044   Code   RO          994    .text               c_w.l(rt_memclr.o)
    0x08000538   0x00000030   Code   RO         1011    .text               c_w.l(_printf_char_common.o)
    0x08000568   0x00000008   Code   RO         1013    .text               c_w.l(ferror.o)
    0x08000570   0x00000138   Code   RO         1019    .text               c_w.l(initio.o)
    0x080006a8   0x0000004e   Code   RO         1027    .text               c_w.l(rt_memclr_w.o)
    0x080006f6   0x0000004a   Code   RO         1031    .text               c_w.l(sys_stackheap_outer.o)
    0x08000740   0x0000004e   Code   RO         1035    .text               c_w.l(h1_free.o)
    0x0800078e   0x00000028   Code   RO         1089    .text               c_w.l(__printf_nopercent.o)
    0x080007b6   0x000001d6   Code   RO         1091    .text               c_w.l(flsbuf.o)
    0x0800098c   0x00000046   Code   RO         1093    .text               c_w.l(setvbuf.o)
    0x080009d2   0x00000002   PAD
    0x080009d4   0x000000ec   Code   RO         1096    .text               c_w.l(fopen.o)
    0x08000ac0   0x0000004c   Code   RO         1098    .text               c_w.l(fclose.o)
    0x08000b0c   0x00000012   Code   RO         1104    .text               c_w.l(exit.o)
    0x08000b1e   0x0000000e   Code   RO         1106    .text               c_w.l(defsig_rtred_outer.o)
    0x08000b2c   0x00000008   Code   RO         1179    .text               c_w.l(libspace.o)
    0x08000b34   0x00000008   Code   RO         1189    .text               c_w.l(rt_heap_descriptor_intlibspace.o)
    0x08000b3c   0x00000004   Code   RO         1191    .text               c_w.l(hguard.o)
    0x08000b40   0x0000008a   Code   RO         1193    .text               c_w.l(init_alloc.o)
    0x08000bca   0x0000005e   Code   RO         1199    .text               c_w.l(h1_alloc.o)
    0x08000c28   0x000000f8   Code   RO         1215    .text               c_w.l(fseek.o)
    0x08000d20   0x000000f0   Code   RO         1217    .text               c_w.l(stdio.o)
    0x08000e10   0x0000000a   Code   RO         1223    .text               c_w.l(defsig_exit.o)
    0x08000e1a   0x00000002   PAD
    0x08000e1c   0x00000034   Code   RO         1225    .text               c_w.l(defsig_rtred_inner.o)
    0x08000e50   0x0000000c   Code   RO         1233    .text               c_w.l(sys_exit.o)
    0x08000e5c   0x0000000e   Code   RO         1244    .text               c_w.l(h1_init.o)
    0x08000e6a   0x00000034   Code   RO         1246    .text               c_w.l(h1_extend.o)
    0x08000e9e   0x00000042   Code   RO         1256    .text               c_w.l(ftell.o)
    0x08000ee0   0x00000032   Code   RO         1264    .text               c_w.l(defsig_general.o)
    0x08000f12   0x0000000e   Code   RO         1266    .text               c_w.l(defsig_rtmem_outer.o)
    0x08000f20   0x0000000e   Code   RO         1279    .text               c_w.l(sys_wrch.o)
    0x08000f2e   0x00000002   Code   RO         1283    .text               c_w.l(use_no_semi.o)
    0x08000f30   0x00000000   Code   RO         1285    .text               c_w.l(indicate_semi.o)
    0x08000f30   0x00000008   Code   RO         1289    .text               c_w.l(rt_errno_addr_intlibspace.o)
    0x08000f38   0x00000050   Code   RO         1295    .text               c_w.l(defsig_rtmem_inner.o)
    0x08000f88   0x00000040   Code   RO            4    i.EXTI0_IRQHandler  main.o
    0x08000fc8   0x00000030   Code   RO          832    i.ITM_SendChar      retarget_io.o
    0x08000ff8   0x00000034   Code   RO          749    i.SysTick_Handler   port.o
    0x0800102c   0x00000064   Code   RO          930    i.SystemInit        system_stm32f4xx.o
    0x08001090   0x00000026   Code   RO          833    i._sys_close        retarget_io.o
    0x080010b6   0x00000024   Code   RO          834    i._sys_flen         retarget_io.o
    0x080010da   0x00000024   Code   RO          835    i._sys_istty        retarget_io.o
    0x080010fe   0x00000002   PAD
    0x08001100   0x00000068   Code   RO          836    i._sys_open         retarget_io.o
    0x08001168   0x0000002c   Code   RO          838    i._sys_seek         retarget_io.o
    0x08001194   0x00000046   Code   RO          839    i._sys_write        retarget_io.o
    0x080011da   0x00000002   PAD
    0x080011dc   0x00000060   Code   RO            5    i.configInputPin    main.o
    0x0800123c   0x0000001a   Code   RO         1016    i.fputc             c_w.l(fputc.o)
    0x08001256   0x00000002   PAD
    0x08001258   0x00000120   Code   RO            6    i.main              main.o
    0x08001378   0x00000098   Code   RO          371    i.prvAddCurrentTaskToDelayedList  tasks.o
    0x08001410   0x000000b8   Code   RO          372    i.prvAddNewTaskToReadyList  tasks.o
    0x080014c8   0x00000064   Code   RO          373    i.prvCheckTasksWaitingTermination  tasks.o
    0x0800152c   0x0000002a   Code   RO          167    i.prvCopyDataFromQueue  queue.o
    0x08001556   0x00000012   Code   RO          374    i.prvDeleteTCB      tasks.o
    0x08001568   0x00000038   Code   RO          710    i.prvHeapInit       heap_2.o
    0x080015a0   0x00000008   Code   RO          375    i.prvIdleTask       tasks.o
    0x080015a8   0x0000002a   Code   RO          170    i.prvInitialiseNewQueue  queue.o
    0x080015d2   0x000000b4   Code   RO          376    i.prvInitialiseNewTask  tasks.o
    0x08001686   0x00000002   PAD
    0x08001688   0x00000068   Code   RO          377    i.prvInitialiseTaskLists  tasks.o
    0x080016f0   0x0000001a   Code   RO          171    i.prvIsQueueEmpty   queue.o
    0x0800170a   0x00000002   PAD
    0x0800170c   0x00000034   Code   RO          379    i.prvResetNextTaskUnblockTime  tasks.o
    0x08001740   0x00000040   Code   RO          750    i.prvTaskExitError  port.o
    0x08001780   0x0000007e   Code   RO          173    i.prvUnlockQueue    queue.o
    0x080017fe   0x00000002   PAD
    0x08001800   0x000000b8   Code   RO          711    i.pvPortMalloc      heap_2.o
    0x080018b8   0x00000020   Code   RO          382    i.pvTaskIncrementMutexHeldCount  tasks.o
    0x080018d8   0x0000002c   Code   RO          751    i.pxPortInitialiseStack  port.o
    0x08001904   0x0000000c   Code   RO          840    i.stdout_putchar    retarget_io.o
    0x08001910   0x00000028   Code   RO          117    i.uxListRemove      list.o
    0x08001938   0x0000001a   Code   RO          118    i.vListInitialise   list.o
    0x08001952   0x00000006   Code   RO          119    i.vListInitialiseItem  list.o
    0x08001958   0x00000034   Code   RO          120    i.vListInsert       list.o
    0x0800198c   0x00000018   Code   RO          121    i.vListInsertEnd    list.o
    0x080019a4   0x00000054   Code   RO          753    i.vPortEnterCritical  port.o
    0x080019f8   0x0000003c   Code   RO          754    i.vPortExitCritical  port.o
    0x08001a34   0x00000040   Code   RO          712    i.vPortFree         heap_2.o
    0x08001a74   0x00000020   Code   RO          755    i.vPortSetupTimerInterrupt  port.o
    0x08001a94   0x00000078   Code   RO          756    i.vPortValidateInterruptPriority  port.o
    0x08001b0c   0x00000050   Code   RO            7    i.vTask             main.o
    0x08001b5c   0x0000000c   Code   RO          395    i.vTaskMissedYield  tasks.o
    0x08001b68   0x00000038   Code   RO          397    i.vTaskPlaceOnEventList  tasks.o
    0x08001ba0   0x000000b0   Code   RO          399    i.vTaskPriorityInherit  tasks.o
    0x08001c50   0x00000030   Code   RO          403    i.vTaskSetTimeOutState  tasks.o
    0x08001c80   0x00000088   Code   RO          404    i.vTaskStartScheduler  tasks.o
    0x08001d08   0x00000010   Code   RO          406    i.vTaskSuspendAll   tasks.o
    0x08001d18   0x0000008c   Code   RO          407    i.vTaskSwitchContext  tasks.o
    0x08001da4   0x0000013c   Code   RO          757    i.xPortStartScheduler  port.o
    0x08001ee0   0x00000058   Code   RO          185    i.xQueueGenericCreate  queue.o
    0x08001f38   0x000001c4   Code   RO          186    i.xQueueGenericReceive  queue.o
    0x080020fc   0x00000098   Code   RO          187    i.xQueueGenericReset  queue.o
    0x08002194   0x000000e0   Code   RO          190    i.xQueueGiveFromISR  queue.o
    0x08002274   0x0000008c   Code   RO          408    i.xTaskCheckForTimeOut  tasks.o
    0x08002300   0x00000060   Code   RO          409    i.xTaskCreate       tasks.o
    0x08002360   0x00000020   Code   RO          413    i.xTaskGetSchedulerState  tasks.o
    0x08002380   0x00000148   Code   RO          416    i.xTaskIncrementTick  tasks.o
    0x080024c8   0x00000098   Code   RO          420    i.xTaskRemoveFromEventList  tasks.o
    0x08002560   0x00000104   Code   RO          422    i.xTaskResumeAll    tasks.o
    0x08002664   0x0000000a   Code   RO         1231    x$fpl$fpinit        fz_wm.l(fpinit.o)
    0x0800266e   0x00000017   Data   RO          841    .constdata          retarget_io.o
    0x08002685   0x00000003   PAD
    0x08002688   0x00000020   Data   RO         1320    Region$$Table       anon$$obj.o


    Execution Region RW_IRAM1 (Base: 0x20000000, Size: 0x00013498, Max: 0x00020000, ABSOLUTE)

    Base Addr    Size         Type   Attr      Idx    E Section Name        Object

    0x20000000   0x00000004   Data   RW            8    .data               main.o
    0x20000004   0x0000003c   Data   RW          425    .data               tasks.o
    0x20000040   0x00000018   Data   RW          716    .data               heap_2.o
    0x20000058   0x0000000c   Data   RW          758    .data               port.o
    0x20000064   0x00000004   Data   RW          932    .data               system_stm32f4xx.o
    0x20000068   0x00000004   Data   RW          989    .data               c_w.l(stdio_streams.o)
    0x2000006c   0x00000004   Data   RW          990    .data               c_w.l(stdio_streams.o)
    0x20000070   0x00000004   Data   RW          991    .data               c_w.l(stdio_streams.o)
    0x20000074   0x000000c8   Zero   RW          424    .bss                tasks.o
    0x2000013c   0x00012c00   Zero   RW          715    .bss                heap_2.o
    0x20012d3c   0x00000054   Zero   RW          986    .bss                c_w.l(stdio_streams.o)
    0x20012d90   0x00000054   Zero   RW          987    .bss                c_w.l(stdio_streams.o)
    0x20012de4   0x00000054   Zero   RW          988    .bss                c_w.l(stdio_streams.o)
    0x20012e38   0x00000060   Zero   RW         1180    .bss                c_w.l(libspace.o)
    0x20012e98   0x00000200   Zero   RW          920    HEAP                startup_stm32f407xx.o
    0x20013098   0x00000400   Zero   RW          919    STACK               startup_stm32f407xx.o


==============================================================================

Image component sizes


      Code (inc. data)   RO Data    RW Data    ZI Data      Debug   Object Name

       304         46          0         24      76800       3863   heap_2.o
       148          0          0          0          0       4966   list.o
       528        138          0          4          0     600751   main.o
       954         92          0         12          0      11889   port.o
      1152         12          0          0          0      17462   queue.o
       388         30         23          0          0       6818   retarget_io.o
        64         26        392          0       1536        904   startup_stm32f407xx.o
       100         18          0          4          0       1479   system_stm32f4xx.o
      2422        326          0         60        200      20448   tasks.o

    ----------------------------------------------------------------------
      6072        688        450        104      78536     668580   Object Totals
         0          0         32          0          0          0   (incl. Generated)
        12          0          3          0          0          0   (incl. Padding)

    ----------------------------------------------------------------------

      Code (inc. data)   RO Data    RW Data    ZI Data      Debug   Library Member Name

         8          0          0          0          0         68   __main.o
        40          0          0          0          0         84   __printf_nopercent.o
         0          0          0          0          0          0   __rtentry.o
        12          0          0          0          0          0   __rtentry2.o
         6          0          0          0          0          0   __rtentry4.o
        52          8          0          0          0          0   __scatter.o
        26          0          0          0          0          0   __scatter_copy.o
        28          0          0          0          0          0   __scatter_zi.o
        48          6          0          0          0         96   _printf_char_common.o
        36          4          0          0          0         80   _printf_char_file.o
        16          0          0          0          0         68   aeabi_memset.o
        10          0          0          0          0         68   defsig_exit.o
        50          0          0          0          0         88   defsig_general.o
        80         58          0          0          0         76   defsig_rtmem_inner.o
        14          0          0          0          0         80   defsig_rtmem_outer.o
        52         38          0          0          0         76   defsig_rtred_inner.o
        14          0          0          0          0         80   defsig_rtred_outer.o
        18          0          0          0          0         80   exit.o
        76          0          0          0          0         88   fclose.o
         8          0          0          0          0         68   ferror.o
       470          0          0          0          0         88   flsbuf.o
       236          4          0          0          0        128   fopen.o
        26          0          0          0          0         68   fputc.o
       248          6          0          0          0         84   fseek.o
        66          0          0          0          0         76   ftell.o
        94          0          0          0          0         80   h1_alloc.o
        52          0          0          0          0         68   h1_extend.o
        78          0          0          0          0         80   h1_free.o
        14          0          0          0          0         84   h1_init.o
         6          0          0          0          0        152   heapauxi.o
         4          0          0          0          0        136   hguard.o
         0          0          0          0          0          0   indicate_semi.o
       138          0          0          0          0        168   init_alloc.o
       312         46          0          0          0        112   initio.o
         2          0          0          0          0          0   libinit.o
        18          0          0          0          0          0   libinit2.o
         2          0          0          0          0          0   libshutdown.o
         6          0          0          0          0          0   libshutdown2.o
         8          4          0          0         96         68   libspace.o
         0          0          0          0          0          0   maybetermalloc1.o
        24          4          0          0          0         84   noretval__2printf.o
         8          4          0          0          0         68   rt_errno_addr_intlibspace.o
         8          4          0          0          0         68   rt_heap_descriptor_intlibspace.o
        68          0          0          0          0         68   rt_memclr.o
        78          0          0          0          0         80   rt_memclr_w.o
       138          0          0          0          0         68   rt_memcpy_v6.o
       100          0          0          0          0         80   rt_memcpy_w.o
         2          0          0          0          0          0   rtexit.o
        10          0          0          0          0          0   rtexit2.o
        70          0          0          0          0         80   setvbuf.o
       240          6          0          0          0        156   stdio.o
         0          0          0         12        252          0   stdio_streams.o
       128          0          0          0          0         68   strcmpv7m.o
        12          4          0          0          0         68   sys_exit.o
        74          0          0          0          0         80   sys_stackheap_outer.o
        14          0          0          0          0         76   sys_wrch.o
         2          0          0          0          0         68   use_no_semi.o
        10          0          0          0          0        116   fpinit.o

    ----------------------------------------------------------------------
      3374        196          0         12        348       3720   Library Totals
        14          0          0          0          0          0   (incl. Padding)

    ----------------------------------------------------------------------

      Code (inc. data)   RO Data    RW Data    ZI Data      Debug   Library Name

      3350        196          0         12        348       3604   c_w.l
        10          0          0          0          0        116   fz_wm.l

    ----------------------------------------------------------------------
      3374        196          0         12        348       3720   Library Totals

    ----------------------------------------------------------------------

==============================================================================


      Code (inc. data)   RO Data    RW Data    ZI Data      Debug   

      9446        884        450        116      78884     664672   Grand Totals
      9446        884        450        116      78884     664672   ELF Image Totals
      9446        884        450        116          0          0   ROM Totals

==============================================================================

    Total RO  Size (Code + RO Data)                 9896 (   9.66kB)
    Total RW  Size (RW Data + ZI Data)             79000 (  77.15kB)
    Total ROM Size (Code + RO Data + RW Data)      10012 (   9.78kB)

==============================================================================

