Component: ARM Compiler 5.06 update 4 (build 422) Tool: armlink [4d35d2]

==============================================================================

Section Cross References

    .\objects\stm32f4xx_it.o(i.SysTick_Handler) refers to .\objects\stm32f4xx_hal_1.o(i.HAL_IncTick) for HAL_IncTick
    .\objects\stm32f4xx_it.o(i.SysTick_Handler) refers to .\objects\stm32f4xx_hal_cortex_1.o(i.HAL_SYSTICK_IRQHandler) for HAL_SYSTICK_IRQHandler
    .\objects\stm32f4xx_it.o(i.TIM2_IRQHandler) refers to .\objects\tasks.o(i.xTaskGetSchedulerState) for xTaskGetSchedulerState
    .\objects\stm32f4xx_it.o(i.TIM2_IRQHandler) refers to .\objects\port.o(i.xPortSysTickHandler) for xPortSysTickHandler
    .\objects\stm32f4xx_it.o(i.TIM2_IRQHandler) refers to .\objects\main.o(.bss) for TIM_InitStruct
    .\objects\main.o(i.configureLEDs) refers to .\objects\stm32f4xx_hal_gpio_1.o(i.HAL_GPIO_Init) for HAL_GPIO_Init
    .\objects\main.o(i.main) refers to .\objects\stm32f4xx_hal_1.o(i.HAL_Init) for HAL_Init
    .\objects\main.o(i.main) refers to .\objects\main.o(i.configureLEDs) for configureLEDs
    .\objects\main.o(i.main) refers to .\objects\tasks.o(i.xTaskCreate) for xTaskCreate
    .\objects\main.o(i.main) refers to .\objects\tasks.o(i.vTaskStartScheduler) for vTaskStartScheduler
    .\objects\main.o(i.main) refers to .\objects\main.o(i.myTask1) for myTask1
    .\objects\main.o(i.main) refers to .\objects\main.o(i.myTask2) for myTask2
    .\objects\main.o(i.myTask1) refers to .\objects\stm32f4xx_hal_gpio_1.o(i.HAL_GPIO_TogglePin) for HAL_GPIO_TogglePin
    .\objects\main.o(i.myTask2) refers to .\objects\stm32f4xx_hal_gpio_1.o(i.HAL_GPIO_TogglePin) for HAL_GPIO_TogglePin
    .\objects\main.o(i.vPortSetupTimerInterrupt) refers to .\objects\stm32f4xx_hal_tim.o(i.HAL_TIM_Base_Init) for HAL_TIM_Base_Init
    .\objects\main.o(i.vPortSetupTimerInterrupt) refers to .\objects\stm32f4xx_hal_cortex_1.o(i.HAL_NVIC_EnableIRQ) for HAL_NVIC_EnableIRQ
    .\objects\main.o(i.vPortSetupTimerInterrupt) refers to .\objects\stm32f4xx_hal_tim.o(i.HAL_TIM_Base_Start_IT) for HAL_TIM_Base_Start_IT
    .\objects\main.o(i.vPortSetupTimerInterrupt) refers to .\objects\main.o(.bss) for TIM_InitStruct
    .\objects\tasks.o(i.eTaskGetState) refers to .\objects\port.o(i.vPortEnterCritical) for vPortEnterCritical
    .\objects\tasks.o(i.eTaskGetState) refers to .\objects\port.o(i.vPortExitCritical) for vPortExitCritical
    .\objects\tasks.o(i.eTaskGetState) refers to .\objects\tasks.o(.data) for pxCurrentTCB
    .\objects\tasks.o(i.eTaskGetState) refers to .\objects\tasks.o(.bss) for xSuspendedTaskList
    .\objects\tasks.o(i.pcTaskGetName) refers to .\objects\tasks.o(.data) for pxCurrentTCB
    .\objects\tasks.o(i.prvAddCurrentTaskToDelayedList) refers to .\objects\list.o(i.uxListRemove) for uxListRemove
    .\objects\tasks.o(i.prvAddCurrentTaskToDelayedList) refers to .\objects\list.o(i.vListInsertEnd) for vListInsertEnd
    .\objects\tasks.o(i.prvAddCurrentTaskToDelayedList) refers to .\objects\list.o(i.vListInsert) for vListInsert
    .\objects\tasks.o(i.prvAddCurrentTaskToDelayedList) refers to .\objects\tasks.o(.data) for xTickCount
    .\objects\tasks.o(i.prvAddCurrentTaskToDelayedList) refers to .\objects\tasks.o(.bss) for xSuspendedTaskList
    .\objects\tasks.o(i.prvAddNewTaskToReadyList) refers to .\objects\port.o(i.vPortEnterCritical) for vPortEnterCritical
    .\objects\tasks.o(i.prvAddNewTaskToReadyList) refers to .\objects\tasks.o(i.prvInitialiseTaskLists) for prvInitialiseTaskLists
    .\objects\tasks.o(i.prvAddNewTaskToReadyList) refers to .\objects\list.o(i.vListInsertEnd) for vListInsertEnd
    .\objects\tasks.o(i.prvAddNewTaskToReadyList) refers to .\objects\port.o(i.vPortExitCritical) for vPortExitCritical
    .\objects\tasks.o(i.prvAddNewTaskToReadyList) refers to .\objects\tasks.o(.data) for uxCurrentNumberOfTasks
    .\objects\tasks.o(i.prvAddNewTaskToReadyList) refers to .\objects\tasks.o(.bss) for pxReadyTasksLists
    .\objects\tasks.o(i.prvCheckTasksWaitingTermination) refers to .\objects\tasks.o(i.vTaskSuspendAll) for vTaskSuspendAll
    .\objects\tasks.o(i.prvCheckTasksWaitingTermination) refers to .\objects\tasks.o(i.xTaskResumeAll) for xTaskResumeAll
    .\objects\tasks.o(i.prvCheckTasksWaitingTermination) refers to .\objects\port.o(i.vPortEnterCritical) for vPortEnterCritical
    .\objects\tasks.o(i.prvCheckTasksWaitingTermination) refers to .\objects\list.o(i.uxListRemove) for uxListRemove
    .\objects\tasks.o(i.prvCheckTasksWaitingTermination) refers to .\objects\port.o(i.vPortExitCritical) for vPortExitCritical
    .\objects\tasks.o(i.prvCheckTasksWaitingTermination) refers to .\objects\tasks.o(i.prvDeleteTCB) for prvDeleteTCB
    .\objects\tasks.o(i.prvCheckTasksWaitingTermination) refers to .\objects\tasks.o(.bss) for xTasksWaitingTermination
    .\objects\tasks.o(i.prvCheckTasksWaitingTermination) refers to .\objects\tasks.o(.data) for uxCurrentNumberOfTasks
[...]
    Removing .\objects\stm32f4xx_hal_tim_ex.o(i.HAL_TIMEx_PWMN_Start_IT), (132 bytes).
    Removing .\objects\stm32f4xx_hal_tim_ex.o(i.HAL_TIMEx_PWMN_Stop), (96 bytes).
    Removing .\objects\stm32f4xx_hal_tim_ex.o(i.HAL_TIMEx_PWMN_Stop_DMA), (178 bytes).
    Removing .\objects\stm32f4xx_hal_tim_ex.o(i.HAL_TIMEx_PWMN_Stop_IT), (196 bytes).
    Removing .\objects\stm32f4xx_hal_tim_ex.o(i.HAL_TIMEx_RemapConfig), (48 bytes).
    Removing .\objects\stm32f4xx_hal_tim_ex.o(i.TIMEx_DMACommutationCplt), (20 bytes).
    Removing .\objects\stm32f4xx_hal_tim_ex.o(i.TIM_CCxNChannelCmd), (28 bytes).
    Removing .\objects\stm32f4xx_hal_flash.o(.rev16_text), (4 bytes).
    Removing .\objects\stm32f4xx_hal_flash.o(.revsh_text), (4 bytes).
    Removing .\objects\stm32f4xx_hal_flash.o(.rrx_text), (6 bytes).
    Removing .\objects\stm32f4xx_hal_flash.o(i.FLASH_Program_Byte), (36 bytes).
    Removing .\objects\stm32f4xx_hal_flash.o(i.FLASH_Program_DoubleWord), (44 bytes).
    Removing .\objects\stm32f4xx_hal_flash.o(i.FLASH_Program_HalfWord), (40 bytes).
    Removing .\objects\stm32f4xx_hal_flash.o(i.FLASH_Program_Word), (40 bytes).
    Removing .\objects\stm32f4xx_hal_flash.o(i.FLASH_SetErrorCode), (152 bytes).
    Removing .\objects\stm32f4xx_hal_flash.o(i.FLASH_WaitForLastOperation), (100 bytes).
    Removing .\objects\stm32f4xx_hal_flash.o(i.HAL_FLASH_EndOfOperationCallback), (2 bytes).
    Removing .\objects\stm32f4xx_hal_flash.o(i.HAL_FLASH_GetError), (12 bytes).
    Removing .\objects\stm32f4xx_hal_flash.o(i.HAL_FLASH_IRQHandler), (272 bytes).
    Removing .\objects\stm32f4xx_hal_flash.o(i.HAL_FLASH_Lock), (20 bytes).
    Removing .\objects\stm32f4xx_hal_flash.o(i.HAL_FLASH_OB_Launch), (28 bytes).
    Removing .\objects\stm32f4xx_hal_flash.o(i.HAL_FLASH_OB_Lock), (20 bytes).
    Removing .\objects\stm32f4xx_hal_flash.o(i.HAL_FLASH_OB_Unlock), (44 bytes).
    Removing .\objects\stm32f4xx_hal_flash.o(i.HAL_FLASH_OperationErrorCallback), (2 bytes).
    Removing .\objects\stm32f4xx_hal_flash.o(i.HAL_FLASH_Program), (152 bytes).
    Removing .\objects\stm32f4xx_hal_flash.o(i.HAL_FLASH_Program_IT), (136 bytes).
    Removing .\objects\stm32f4xx_hal_flash.o(i.HAL_FLASH_Unlock), (52 bytes).
    Removing .\objects\stm32f4xx_hal_flash.o(.bss), (32 bytes).
    Removing .\objects\stm32f4xx_hal_flash_ex.o(.rev16_text), (4 bytes).
    Removing .\objects\stm32f4xx_hal_flash_ex.o(.revsh_text), (4 bytes).
    Removing .\objects\stm32f4xx_hal_flash_ex.o(.rrx_text), (6 bytes).
    Removing .\objects\stm32f4xx_hal_flash_ex.o(i.FLASH_Erase_Sector), (92 bytes).
    Removing .\objects\stm32f4xx_hal_flash_ex.o(i.FLASH_FlushCaches), (120 bytes).
    Removing .\objects\stm32f4xx_hal_flash_ex.o(i.FLASH_MassErase), (48 bytes).
    Removing .\objects\stm32f4xx_hal_flash_ex.o(i.FLASH_OB_BOR_LevelConfig), (32 bytes).
    Removing .\objects\stm32f4xx_hal_flash_ex.o(i.FLASH_OB_DisableWRP), (40 bytes).
    Removing .\objects\stm32f4xx_hal_flash_ex.o(i.FLASH_OB_EnableWRP), (40 bytes).
    Removing .\objects\stm32f4xx_hal_flash_ex.o(i.FLASH_OB_GetBOR), (16 bytes).
    Removing .\objects\stm32f4xx_hal_flash_ex.o(i.FLASH_OB_GetRDP), (36 bytes).
    Removing .\objects\stm32f4xx_hal_flash_ex.o(i.FLASH_OB_GetUser), (16 bytes).
    Removing .\objects\stm32f4xx_hal_flash_ex.o(i.FLASH_OB_GetWRP), (12 bytes).
    Removing .\objects\stm32f4xx_hal_flash_ex.o(i.FLASH_OB_RDP_LevelConfig), (32 bytes).
    Removing .\objects\stm32f4xx_hal_flash_ex.o(i.FLASH_OB_UserConfig), (60 bytes).
    Removing .\objects\stm32f4xx_hal_flash_ex.o(i.HAL_FLASHEx_Erase), (172 bytes).
    Removing .\objects\stm32f4xx_hal_flash_ex.o(i.HAL_FLASHEx_Erase_IT), (120 bytes).
    Removing .\objects\stm32f4xx_hal_flash_ex.o(i.HAL_FLASHEx_OBGetConfig), (34 bytes).
    Removing .\objects\stm32f4xx_hal_flash_ex.o(i.HAL_FLASHEx_OBProgram), (148 bytes).

371 unused section(s) (total 33496 bytes) removed from the image.

==============================================================================

Image Symbol Table

    Local Symbols

    Symbol Name                              Value     Ov Type        Size  Object(Section)

    ../clib/angel/boardlib.s                 0x00000000   Number         0  e:\Keil_v5\ARM\ARMCC\Bin\..\lib\armlib\c_w.l(boardinit1.o) ABSOLUTE
    ../clib/angel/boardlib.s                 0x00000000   Number         0  e:\Keil_v5\ARM\ARMCC\Bin\..\lib\armlib\c_w.l(boardshut.o) ABSOLUTE
    ../clib/angel/boardlib.s                 0x00000000   Number         0  e:\Keil_v5\ARM\ARMCC\Bin\..\lib\armlib\c_w.l(boardinit2.o) ABSOLUTE
    ../clib/angel/boardlib.s                 0x00000000   Number         0  e:\Keil_v5\ARM\ARMCC\Bin\..\lib\armlib\c_w.l(boardinit3.o) ABSOLUTE
    ../clib/angel/handlers.s                 0x00000000   Number         0  e:\Keil_v5\ARM\ARMCC\Bin\..\lib\armlib\c_w.l(__scatter_copy.o) ABSOLUTE
    ../clib/angel/handlers.s                 0x00000000   Number         0  e:\Keil_v5\ARM\ARMCC\Bin\..\lib\armlib\c_w.l(__scatter_zi.o) ABSOLUTE
    ../clib/angel/kernel.s                   0x00000000   Number         0  e:\Keil_v5\ARM\ARMCC\Bin\..\lib\armlib\c_w.l(__rtentry2.o) ABSOLUTE
    ../clib/angel/kernel.s                   0x00000000   Number         0  e:\Keil_v5\ARM\ARMCC\Bin\..\lib\armlib\c_w.l(__rtentry.o) ABSOLUTE
    ../clib/angel/kernel.s                   0x00000000   Number         0  e:\Keil_v5\ARM\ARMCC\Bin\..\lib\armlib\c_w.l(__rtentry4.o) ABSOLUTE
    ../clib/angel/kernel.s                   0x00000000   Number         0  e:\Keil_v5\ARM\ARMCC\Bin\..\lib\armlib\c_w.l(rtexit2.o) ABSOLUTE
    ../clib/angel/kernel.s                   0x00000000   Number         0  e:\Keil_v5\ARM\ARMCC\Bin\..\lib\armlib\c_w.l(rtexit.o) ABSOLUTE
    ../clib/angel/rt.s                       0x00000000   Number         0  e:\Keil_v5\ARM\ARMCC\Bin\..\lib\armlib\c_w.l(aeabi_ldiv0_sigfpe.o) ABSOLUTE
    ../clib/angel/rt.s                       0x00000000   Number         0  e:\Keil_v5\ARM\ARMCC\Bin\..\lib\armlib\c_w.l(rt_div0.o) ABSOLUTE
    ../clib/angel/rt.s                       0x00000000   Number         0  e:\Keil_v5\ARM\ARMCC\Bin\..\lib\armlib\c_w.l(aeabi_ldiv0.o) ABSOLUTE
    ../clib/angel/rt.s                       0x00000000   Number         0  e:\Keil_v5\ARM\ARMCC\Bin\..\lib\armlib\c_w.l(rt_raise.o) ABSOLUTE
    ../clib/angel/scatter.s                  0x00000000   Number         0  e:\Keil_v5\ARM\ARMCC\Bin\..\lib\armlib\c_w.l(__scatter.o) ABSOLUTE
    ../clib/angel/startup.s                  0x00000000   Number         0  e:\Keil_v5\ARM\ARMCC\Bin\..\lib\armlib\c_w.l(__main.o) ABSOLUTE
    ../clib/angel/sys.s                      0x00000000   Number         0  e:\Keil_v5\ARM\ARMCC\Bin\..\lib\armlib\c_w.l(indicate_semi.o) ABSOLUTE
    ../clib/angel/sys.s                      0x00000000   Number         0  e:\Keil_v5\ARM\ARMCC\Bin\..\lib\armlib\c_w.l(sys_stackheap_outer.o) ABSOLUTE
    ../clib/angel/sys.s                      0x00000000   Number         0  e:\Keil_v5\ARM\ARMCC\Bin\..\lib\armlib\c_w.l(use_no_semi.o) ABSOLUTE
    ../clib/angel/sys.s                      0x00000000   Number         0  e:\Keil_v5\ARM\ARMCC\Bin\..\lib\armlib\c_w.l(libspace.o) ABSOLUTE
    ../clib/angel/sysapp.c                   0x00000000   Number         0  e:\Keil_v5\ARM\ARMCC\Bin\..\lib\armlib\c_w.l(sys_exit.o) ABSOLUTE
    ../clib/angel/sysapp.c                   0x00000000   Number         0  e:\Keil_v5\ARM\ARMCC\Bin\..\lib\armlib\c_w.l(sys_command.o) ABSOLUTE
    ../clib/angel/sysapp.c                   0x00000000   Number         0  e:\Keil_v5\ARM\ARMCC\Bin\..\lib\armlib\c_w.l(sys_wrch.o) ABSOLUTE
    ../clib/armsys.c                         0x00000000   Number         0  e:\Keil_v5\ARM\ARMCC\Bin\..\lib\armlib\c_w.l(_get_argv_nomalloc.o) ABSOLUTE
    ../clib/armsys.c                         0x00000000   Number         0  e:\Keil_v5\ARM\ARMCC\Bin\..\lib\armlib\c_w.l(no_argv.o) ABSOLUTE
    ../clib/armsys.c                         0x00000000   Number         0  e:\Keil_v5\ARM\ARMCC\Bin\..\lib\armlib\c_w.l(argv_veneer.o) ABSOLUTE
    ../clib/armsys.c                         0x00000000   Number         0  e:\Keil_v5\ARM\ARMCC\Bin\..\lib\armlib\c_w.l(argv_veneer.o) ABSOLUTE
    ../clib/heapalloc.c                      0x00000000   Number         0  e:\Keil_v5\ARM\ARMCC\Bin\..\lib\armlib\c_w.l(hrguard.o) ABSOLUTE
    ../clib/heapaux.c                        0x00000000   Number         0  e:\Keil_v5\ARM\ARMCC\Bin\..\lib\armlib\c_w.l(heapauxi.o) ABSOLUTE
    ../clib/libinit.s                        0x00000000   Number         0  e:\Keil_v5\ARM\ARMCC\Bin\..\lib\armlib\c_w.l(libshutdown.o) ABSOLUTE
    ../clib/libinit.s                        0x00000000   Number         0  e:\Keil_v5\ARM\ARMCC\Bin\..\lib\armlib\c_w.l(libinit.o) ABSOLUTE
    ../clib/libinit.s                        0x00000000   Number         0  e:\Keil_v5\ARM\ARMCC\Bin\..\lib\armlib\c_w.l(libshutdown2.o) ABSOLUTE
    ../clib/libinit.s                        0x00000000   Number         0  e:\Keil_v5\ARM\ARMCC\Bin\..\lib\armlib\c_w.l(libinit2.o) ABSOLUTE
    ../clib/longlong.s                       0x00000000   Number         0  e:\Keil_v5\ARM\ARMCC\Bin\..\lib\armlib\c_w.l(lludivv7m.o) ABSOLUTE
    ../clib/memcpset.s                       0x00000000   Number         0  e:\Keil_v5\ARM\ARMCC\Bin\..\lib\armlib\c_w.l(aeabi_memset.o) ABSOLUTE
    ../clib/memcpset.s                       0x00000000   Number         0  e:\Keil_v5\ARM\ARMCC\Bin\..\lib\armlib\c_w.l(rt_memclr.o) ABSOLUTE
    ../clib/memcpset.s                       0x00000000   Number         0  e:\Keil_v5\ARM\ARMCC\Bin\..\lib\armlib\c_w.l(rt_memclr_w.o) ABSOLUTE
    ../clib/signal.c                         0x00000000   Number         0  e:\Keil_v5\ARM\ARMCC\Bin\..\lib\armlib\c_w.l(defsig_rtmem_inner.o) ABSOLUTE
    ../clib/signal.c                         0x00000000   Number         0  e:\Keil_v5\ARM\ARMCC\Bin\..\lib\armlib\c_w.l(defsig_rtred_inner.o) ABSOLUTE
    ../clib/signal.c                         0x00000000   Number         0  e:\Keil_v5\ARM\ARMCC\Bin\..\lib\armlib\c_w.l(__raise.o) ABSOLUTE
    ../clib/signal.c                         0x00000000   Number         0  e:\Keil_v5\ARM\ARMCC\Bin\..\lib\armlib\c_w.l(defsig_general.o) ABSOLUTE
    ../clib/signal.c                         0x00000000   Number         0  e:\Keil_v5\ARM\ARMCC\Bin\..\lib\armlib\c_w.l(defsig_abrt_inner.o) ABSOLUTE
    ../clib/signal.c                         0x00000000   Number         0  e:\Keil_v5\ARM\ARMCC\Bin\..\lib\armlib\c_w.l(defsig_fpe_outer.o) ABSOLUTE
    ../clib/signal.c                         0x00000000   Number         0  e:\Keil_v5\ARM\ARMCC\Bin\..\lib\armlib\c_w.l(defsig_fpe_formal.o) ABSOLUTE
    ../clib/signal.c                         0x00000000   Number         0  e:\Keil_v5\ARM\ARMCC\Bin\..\lib\armlib\c_w.l(defsig_exit.o) ABSOLUTE
    ../clib/signal.c                         0x00000000   Number         0  e:\Keil_v5\ARM\ARMCC\Bin\..\lib\armlib\c_w.l(defsig_other.o) ABSOLUTE
    ../clib/signal.c                         0x00000000   Number         0  e:\Keil_v5\ARM\ARMCC\Bin\..\lib\armlib\c_w.l(defsig_segv_inner.o) ABSOLUTE
    ../clib/signal.c                         0x00000000   Number         0  e:\Keil_v5\ARM\ARMCC\Bin\..\lib\armlib\c_w.l(defsig_cppl_inner.o) ABSOLUTE
    ../clib/signal.c                         0x00000000   Number         0  e:\Keil_v5\ARM\ARMCC\Bin\..\lib\armlib\c_w.l(defsig_pvfn_inner.o) ABSOLUTE
    ../clib/signal.c                         0x00000000   Number         0  e:\Keil_v5\ARM\ARMCC\Bin\..\lib\armlib\c_w.l(defsig_stak_inner.o) ABSOLUTE
    ../clib/signal.c                         0x00000000   Number         0  e:\Keil_v5\ARM\ARMCC\Bin\..\lib\armlib\c_w.l(defsig_fpe_inner.o) ABSOLUTE
    ../clib/signal.c                         0x00000000   Number         0  e:\Keil_v5\ARM\ARMCC\Bin\..\lib\armlib\c_w.l(defsig_rtmem_formal.o) ABSOLUTE
    ../clib/signal.c                         0x00000000   Number         0  e:\Keil_v5\ARM\ARMCC\Bin\..\lib\armlib\c_w.l(defsig_rtmem_outer.o) ABSOLUTE
    ../clib/signal.s                         0x00000000   Number         0  e:\Keil_v5\ARM\ARMCC\Bin\..\lib\armlib\c_w.l(defsig.o) ABSOLUTE
    ../clib/stdlib.c                         0x00000000   Number         0  e:\Keil_v5\ARM\ARMCC\Bin\..\lib\armlib\c_w.l(exit.o) ABSOLUTE
    ../fplib/fpinit.s                        0x00000000   Number         0  e:\Keil_v5\ARM\ARMCC\Bin\..\lib\armlib\fz_wm.l(fpinit.o) ABSOLUTE
    ..\FreeRTOS-Source\list.c                0x00000000   Number         0  .\objects\list.o ABSOLUTE
    ..\FreeRTOS-Source\portable\MemMang\heap_2.c 0x00000000   Number         0  .\objects\heap_2.o ABSOLUTE
    ..\FreeRTOS-Source\portable\RVDS\ARM_CM4F\port.c 0x00000000   Number         0  .\objects\port.o ABSOLUTE
    ..\FreeRTOS-Source\tasks.c               0x00000000   Number         0  .\objects\tasks.o ABSOLUTE
    ..\\FreeRTOS-Source\\portable\\RVDS\\ARM_CM4F\\port.c 0x00000000   Number         0  .\objects\port.o ABSOLUTE
    RTE\Device\STM32F407VGTx\startup_stm32f407xx.s 0x00000000   Number         0  .\objects\startup_stm32f407xx.o ABSOLUTE
    RTE\Device\STM32F407VGTx\system_stm32f4xx.c 0x00000000   Number         0  .\objects\system_stm32f4xx.o ABSOLUTE
    RTE\\Device\\STM32F407VGTx\\system_stm32f4xx.c 0x00000000   Number         0  .\objects\system_stm32f4xx.o ABSOLUTE
    Source\\main.c                           0x00000000   Number         0  .\objects\main.o ABSOLUTE
    Source\\stm32f4xx_it.c                   0x00000000   Number         0  .\objects\stm32f4xx_it.o ABSOLUTE
    Source\main.c                            0x00000000   Number         0  .\objects\main.o ABSOLUTE
    Source\stm32f4xx_it.c                    0x00000000   Number         0  .\objects\stm32f4xx_it.o ABSOLUTE
    dc.s                                     0x00000000   Number         0  e:\Keil_v5\ARM\ARMCC\Bin\..\lib\armlib\c_w.l(dc.o) ABSOLUTE
    e:\Keil_v5\ARM\PACK\Keil\STM32F4xx_DFP\2.12.0\Drivers\STM32F4xx_HAL_Driver\Src\stm32f4xx_hal.c 0x00000000   Number         0  .\objects\stm32f4xx_hal_1.o ABSOLUTE
    e:\Keil_v5\ARM\PACK\Keil\STM32F4xx_DFP\2.12.0\Drivers\STM32F4xx_HAL_Driver\Src\stm32f4xx_hal_cortex.c 0x00000000   Number         0  .\objects\stm32f4xx_hal_cortex_1.o ABSOLUTE
    e:\Keil_v5\ARM\PACK\Keil\STM32F4xx_DFP\2.12.0\Drivers\STM32F4xx_HAL_Driver\Src\stm32f4xx_hal_dma.c 0x00000000   Number         0  .\objects\stm32f4xx_hal_dma.o ABSOLUTE
    e:\Keil_v5\ARM\PACK\Keil\STM32F4xx_DFP\2.12.0\Drivers\STM32F4xx_HAL_Driver\Src\stm32f4xx_hal_dma_ex.c 0x00000000   Number         0  .\objects\stm32f4xx_hal_dma_ex.o ABSOLUTE
    e:\Keil_v5\ARM\PACK\Keil\STM32F4xx_DFP\2.12.0\Drivers\STM32F4xx_HAL_Driver\Src\stm32f4xx_hal_flash.c 0x00000000   Number         0  .\objects\stm32f4xx_hal_flash.o ABSOLUTE
    e:\Keil_v5\ARM\PACK\Keil\STM32F4xx_DFP\2.12.0\Drivers\STM32F4xx_HAL_Driver\Src\stm32f4xx_hal_flash_ex.c 0x00000000   Number         0  .\objects\stm32f4xx_hal_flash_ex.o ABSOLUTE
    e:\Keil_v5\ARM\PACK\Keil\STM32F4xx_DFP\2.12.0\Drivers\STM32F4xx_HAL_Driver\Src\stm32f4xx_hal_gpio.c 0x00000000   Number         0  .\objects\stm32f4xx_hal_gpio_1.o ABSOLUTE
    e:\Keil_v5\ARM\PACK\Keil\STM32F4xx_DFP\2.12.0\Drivers\STM32F4xx_HAL_Driver\Src\stm32f4xx_hal_pwr.c 0x00000000   Number         0  .\objects\stm32f4xx_hal_pwr.o ABSOLUTE
    e:\Keil_v5\ARM\PACK\Keil\STM32F4xx_DFP\2.12.0\Drivers\STM32F4xx_HAL_Driver\Src\stm32f4xx_hal_pwr_ex.c 0x00000000   Number         0  .\objects\stm32f4xx_hal_pwr_ex.o ABSOLUTE
    e:\Keil_v5\ARM\PACK\Keil\STM32F4xx_DFP\2.12.0\Drivers\STM32F4xx_HAL_Driver\Src\stm32f4xx_hal_rcc.c 0x00000000   Number         0  .\objects\stm32f4xx_hal_rcc.o ABSOLUTE
    e:\Keil_v5\ARM\PACK\Keil\STM32F4xx_DFP\2.12.0\Drivers\STM32F4xx_HAL_Driver\Src\stm32f4xx_hal_rcc_ex.c 0x00000000   Number         0  .\objects\stm32f4xx_hal_rcc_ex.o ABSOLUTE
    e:\Keil_v5\ARM\PACK\Keil\STM32F4xx_DFP\2.12.0\Drivers\STM32F4xx_HAL_Driver\Src\stm32f4xx_hal_tim.c 0x00000000   Number         0  .\objects\stm32f4xx_hal_tim.o ABSOLUTE
    e:\Keil_v5\ARM\PACK\Keil\STM32F4xx_DFP\2.12.0\Drivers\STM32F4xx_HAL_Driver\Src\stm32f4xx_hal_tim_ex.c 0x00000000   Number         0  .\objects\stm32f4xx_hal_tim_ex.o ABSOLUTE
    e:\\Keil_v5\\ARM\\PACK\\Keil\\STM32F4xx_DFP\\2.12.0\\Drivers\\STM32F4xx_HAL_Driver\\Src\\stm32f4xx_hal.c 0x00000000   Number         0  .\objects\stm32f4xx_hal_1.o ABSOLUTE
    e:\\Keil_v5\\ARM\\PACK\\Keil\\STM32F4xx_DFP\\2.12.0\\Drivers\\STM32F4xx_HAL_Driver\\Src\\stm32f4xx_hal_cortex.c 0x00000000   Number         0  .\objects\stm32f4xx_hal_cortex_1.o ABSOLUTE
    e:\\Keil_v5\\ARM\\PACK\\Keil\\STM32F4xx_DFP\\2.12.0\\Drivers\\STM32F4xx_HAL_Driver\\Src\\stm32f4xx_hal_dma.c 0x00000000   Number         0  .\objects\stm32f4xx_hal_dma.o ABSOLUTE
    e:\\Keil_v5\\ARM\\PACK\\Keil\\STM32F4xx_DFP\\2.12.0\\Drivers\\STM32F4xx_HAL_Driver\\Src\\stm32f4xx_hal_dma_ex.c 0x00000000   Number         0  .\objects\stm32f4xx_hal_dma_ex.o ABSOLUTE
    e:\\Keil_v5\\ARM\\PACK\\Keil\\STM32F4xx_DFP\\2.12.0\\Drivers\\STM32F4xx_HAL_Driver\\Src\\stm32f4xx_hal_flash.c 0x00000000   Number         0  .\objects\stm32f4xx_hal_flash.o ABSOLUTE
    e:\\Keil_v5\\ARM\\PACK\\Keil\\STM32F4xx_DFP\\2.12.0\\Drivers\\STM32F4xx_HAL_Driver\\Src\\stm32f4xx_hal_flash_ex.c 0x00000000   Number         0  .\objects\stm32f4xx_hal_flash_ex.o ABSOLUTE
    e:\\Keil_v5\\ARM\\PACK\\Keil\\STM32F4xx_DFP\\2.12.0\\Drivers\\STM32F4xx_HAL_Driver\\Src\\stm32f4xx_hal_gpio.c 0x00000000   Number         0  .\objects\stm32f4xx_hal_gpio_1.o ABSOLUTE
    e:\\Keil_v5\\ARM\\PACK\\Keil\\STM32F4xx_DFP\\2.12.0\\Drivers\\STM32F4xx_HAL_Driver\\Src\\stm32f4xx_hal_pwr.c 0x00000000   Number         0  .\objects\stm32f4xx_hal_pwr.o ABSOLUTE
    e:\\Keil_v5\\ARM\\PACK\\Keil\\STM32F4xx_DFP\\2.12.0\\Drivers\\STM32F4xx_HAL_Driver\\Src\\stm32f4xx_hal_pwr_ex.c 0x00000000   Number         0  .\objects\stm32f4xx_hal_pwr_ex.o ABSOLUTE
    e:\\Keil_v5\\ARM\\PACK\\Keil\\STM32F4xx_DFP\\2.12.0\\Drivers\\STM32F4xx_HAL_Driver\\Src\\stm32f4xx_hal_rcc.c 0x00000000   Number         0  .\objects\stm32f4xx_hal_rcc.o ABSOLUTE
    e:\\Keil_v5\\ARM\\PACK\\Keil\\STM32F4xx_DFP\\2.12.0\\Drivers\\STM32F4xx_HAL_Driver\\Src\\stm32f4xx_hal_rcc_ex.c 0x00000000   Number         0  .\objects\stm32f4xx_hal_rcc_ex.o ABSOLUTE
    e:\\Keil_v5\\ARM\\PACK\\Keil\\STM32F4xx_DFP\\2.12.0\\Drivers\\STM32F4xx_HAL_Driver\\Src\\stm32f4xx_hal_tim.c 0x00000000   Number         0  .\objects\stm32f4xx_hal_tim.o ABSOLUTE
    e:\\Keil_v5\\ARM\\PACK\\Keil\\STM32F4xx_DFP\\2.12.0\\Drivers\\STM32F4xx_HAL_Driver\\Src\\stm32f4xx_hal_tim_ex.c 0x00000000   Number         0  .\objects\stm32f4xx_hal_tim_ex.o ABSOLUTE
    RESET                                    0x08000000   Section      392  .\objects\startup_stm32f407xx.o(RESET)
    !!!main                                  0x08000188   Section        8  e:\Keil_v5\ARM\ARMCC\Bin\..\lib\armlib\c_w.l(__main.o)(!!!main)
    !!!scatter                               0x08000190   Section       52  e:\Keil_v5\ARM\ARMCC\Bin\..\lib\armlib\c_w.l(__scatter.o)(!!!scatter)
    !!handler_copy                           0x080001c4   Section       26  e:\Keil_v5\ARM\ARMCC\Bin\..\lib\armlib\c_w.l(__scatter_copy.o)(!!handler_copy)
    !!handler_zi                             0x080001e0   Section       28  e:\Keil_v5\ARM\ARMCC\Bin\..\lib\armlib\c_w.l(__scatter_zi.o)(!!handler_zi)
    .ARM.Collect$$libinit$$00000000          0x080001fc   Section        2  e:\Keil_v5\ARM\ARMCC\Bin\..\lib\armlib\c_w.l(libinit.o)(.ARM.Collect$$libinit$$00000000)
    .ARM.Collect$$libinit$$00000001          0x080001fe   Section        4  e:\Keil_v5\ARM\ARMCC\Bin\..\lib\armlib\c_w.l(libinit2.o)(.ARM.Collect$$libinit$$00000001)
    .ARM.Collect$$libinit$$00000004          0x08000202   Section        0  e:\Keil_v5\ARM\ARMCC\Bin\..\lib\armlib\c_w.l(libinit2.o)(.ARM.Collect$$libinit$$00000004)
    .ARM.Collect$$libinit$$0000000A          0x08000202   Section        0  e:\Keil_v5\ARM\ARMCC\Bin\..\lib\armlib\c_w.l(libinit2.o)(.ARM.Collect$$libinit$$0000000A)
    .ARM.Collect$$libinit$$0000000C          0x08000202   Section        0  e:\Keil_v5\ARM\ARMCC\Bin\..\lib\armlib\c_w.l(libinit2.o)(.ARM.Collect$$libinit$$0000000C)
    .ARM.Collect$$libinit$$0000000E          0x08000202   Section        0  e:\Keil_v5\ARM\ARMCC\Bin\..\lib\armlib\c_w.l(libinit2.o)(.ARM.Collect$$libinit$$0000000E)
    .ARM.Collect$$libinit$$00000011          0x08000202   Section        0  e:\Keil_v5\ARM\ARMCC\Bin\..\lib\armlib\c_w.l(libinit2.o)(.ARM.Collect$$libinit$$00000011)
    .ARM.Collect$$libinit$$00000013          0x08000202   Section        0  e:\Keil_v5\ARM\ARMCC\Bin\..\lib\armlib\c_w.l(libinit2.o)(.ARM.Collect$$libinit$$00000013)
    .ARM.Collect$$libinit$$00000015          0x08000202   Section        0  e:\Keil_v5\ARM\ARMCC\Bin\..\lib\armlib\c_w.l(libinit2.o)(.ARM.Collect$$libinit$$00000015)
    .ARM.Collect$$libinit$$00000017          0x08000202   Section        0  e:\Keil_v5\ARM\ARMCC\Bin\..\lib\armlib\c_w.l(libinit2.o)(.ARM.Collect$$libinit$$00000017)
    .ARM.Collect$$libinit$$00000019          0x08000202   Section        0  e:\Keil_v5\ARM\ARMCC\Bin\..\lib\armlib\c_w.l(libinit2.o)(.ARM.Collect$$libinit$$00000019)
    .ARM.Collect$$libinit$$0000001B          0x08000202   Section        0  e:\Keil_v5\ARM\ARMCC\Bin\..\lib\armlib\c_w.l(libinit2.o)(.ARM.Collect$$libinit$$0000001B)
    .ARM.Collect$$libinit$$0000001D          0x08000202   Section        0  e:\Keil_v5\ARM\ARMCC\Bin\..\lib\armlib\c_w.l(libinit2.o)(.ARM.Collect$$libinit$$0000001D)
    .ARM.Collect$$libinit$$0000001F          0x08000202   Section        0  e:\Keil_v5\ARM\ARMCC\Bin\..\lib\armlib\c_w.l(libinit2.o)(.ARM.Collect$$libinit$$0000001F)
    .ARM.Collect$$libinit$$00000021          0x08000202   Section        0  e:\Keil_v5\ARM\ARMCC\Bin\..\lib\armlib\c_w.l(libinit2.o)(.ARM.Collect$$libinit$$00000021)
    .ARM.Collect$$libinit$$00000023          0x08000202   Section        0  e:\Keil_v5\ARM\ARMCC\Bin\..\lib\armlib\c_w.l(libinit2.o)(.ARM.Collect$$libinit$$00000023)
    .ARM.Collect$$libinit$$00000025          0x08000202   Section        0  e:\Keil_v5\ARM\ARMCC\Bin\..\lib\armlib\c_w.l(libinit2.o)(.ARM.Collect$$libinit$$00000025)
    .ARM.Collect$$libinit$$0000002C          0x08000202   Section        0  e:\Keil_v5\ARM\ARMCC\Bin\..\lib\armlib\c_w.l(libinit2.o)(.ARM.Collect$$libinit$$0000002C)
    .ARM.Collect$$libinit$$0000002E          0x08000202   Section        0  e:\Keil_v5\ARM\ARMCC\Bin\..\lib\armlib\c_w.l(libinit2.o)(.ARM.Collect$$libinit$$0000002E)
    .ARM.Collect$$libinit$$00000030          0x08000202   Section        0  e:\Keil_v5\ARM\ARMCC\Bin\..\lib\armlib\c_w.l(libinit2.o)(.ARM.Collect$$libinit$$00000030)
    .ARM.Collect$$libinit$$00000032          0x08000202   Section        0  e:\Keil_v5\ARM\ARMCC\Bin\..\lib\armlib\c_w.l(libinit2.o)(.ARM.Collect$$libinit$$00000032)
    .ARM.Collect$$libinit$$00000033          0x08000202   Section        2  e:\Keil_v5\ARM\ARMCC\Bin\..\lib\armlib\c_w.l(libinit2.o)(.ARM.Collect$$libinit$$00000033)
    .ARM.Collect$$libshutdown$$00000000      0x08000204   Section        2  e:\Keil_v5\ARM\ARMCC\Bin\..\lib\armlib\c_w.l(libshutdown.o)(.ARM.Collect$$libshutdown$$00000000)
    .ARM.Collect$$libshutdown$$00000002      0x08000206   Section        0  e:\Keil_v5\ARM\ARMCC\Bin\..\lib\armlib\c_w.l(libshutdown2.o)(.ARM.Collect$$libshutdown$$00000002)
    .ARM.Collect$$libshutdown$$00000004      0x08000206   Section        0  e:\Keil_v5\ARM\ARMCC\Bin\..\lib\armlib\c_w.l(libshutdown2.o)(.ARM.Collect$$libshutdown$$00000004)
    .ARM.Collect$$libshutdown$$00000007      0x08000206   Section        0  e:\Keil_v5\ARM\ARMCC\Bin\..\lib\armlib\c_w.l(libshutdown2.o)(.ARM.Collect$$libshutdown$$00000007)
    .ARM.Collect$$libshutdown$$0000000A      0x08000206   Section        0  e:\Keil_v5\ARM\ARMCC\Bin\..\lib\armlib\c_w.l(libshutdown2.o)(.ARM.Collect$$libshutdown$$0000000A)
    .ARM.Collect$$libshutdown$$0000000C      0x08000206   Section        0  e:\Keil_v5\ARM\ARMCC\Bin\..\lib\armlib\c_w.l(libshutdown2.o)(.ARM.Collect$$libshutdown$$0000000C)
    .ARM.Collect$$libshutdown$$0000000F      0x08000206   Section        0  e:\Keil_v5\ARM\ARMCC\Bin\..\lib\armlib\c_w.l(libshutdown2.o)(.ARM.Collect$$libshutdown$$0000000F)
    .ARM.Collect$$libshutdown$$00000010      0x08000206   Section        2  e:\Keil_v5\ARM\ARMCC\Bin\..\lib\armlib\c_w.l(libshutdown2.o)(.ARM.Collect$$libshutdown$$00000010)
    .ARM.Collect$$rtentry$$00000000          0x08000208   Section        0  e:\Keil_v5\ARM\ARMCC\Bin\..\lib\armlib\c_w.l(__rtentry.o)(.ARM.Collect$$rtentry$$00000000)
    .ARM.Collect$$rtentry$$00000002          0x08000208   Section        0  e:\Keil_v5\ARM\ARMCC\Bin\..\lib\armlib\c_w.l(__rtentry2.o)(.ARM.Collect$$rtentry$$00000002)
    .ARM.Collect$$rtentry$$00000004          0x08000208   Section        6  e:\Keil_v5\ARM\ARMCC\Bin\..\lib\armlib\c_w.l(__rtentry4.o)(.ARM.Collect$$rtentry$$00000004)
    .ARM.Collect$$rtentry$$00000009          0x0800020e   Section        0  e:\Keil_v5\ARM\ARMCC\Bin\..\lib\armlib\c_w.l(__rtentry2.o)(.ARM.Collect$$rtentry$$00000009)
    .ARM.Collect$$rtentry$$0000000A          0x0800020e   Section        4  e:\Keil_v5\ARM\ARMCC\Bin\..\lib\armlib\c_w.l(__rtentry2.o)(.ARM.Collect$$rtentry$$0000000A)
    .ARM.Collect$$rtentry$$0000000C          0x08000212   Section        0  e:\Keil_v5\ARM\ARMCC\Bin\..\lib\armlib\c_w.l(__rtentry2.o)(.ARM.Collect$$rtentry$$0000000C)
    .ARM.Collect$$rtentry$$0000000D          0x08000212   Section        8  e:\Keil_v5\ARM\ARMCC\Bin\..\lib\armlib\c_w.l(__rtentry2.o)(.ARM.Collect$$rtentry$$0000000D)
    .ARM.Collect$$rtexit$$00000000           0x0800021a   Section        2  e:\Keil_v5\ARM\ARMCC\Bin\..\lib\armlib\c_w.l(rtexit.o)(.ARM.Collect$$rtexit$$00000000)
    .ARM.Collect$$rtexit$$00000002           0x0800021c   Section        0  e:\Keil_v5\ARM\ARMCC\Bin\..\lib\armlib\c_w.l(rtexit2.o)(.ARM.Collect$$rtexit$$00000002)
    .ARM.Collect$$rtexit$$00000003           0x0800021c   Section        4  e:\Keil_v5\ARM\ARMCC\Bin\..\lib\armlib\c_w.l(rtexit2.o)(.ARM.Collect$$rtexit$$00000003)
    .ARM.Collect$$rtexit$$00000004           0x08000220   Section        6  e:\Keil_v5\ARM\ARMCC\Bin\..\lib\armlib\c_w.l(rtexit2.o)(.ARM.Collect$$rtexit$$00000004)
    .emb_text                                0x08000228   Section      182  .\objects\port.o(.emb_text)
    $v0                                      0x08000228   Number         0  .\objects\port.o(.emb_text)
    .text                                    0x080002e0   Section       64  .\objects\startup_stm32f407xx.o(.text)
    $v0                                      0x080002e0   Number         0  .\objects\startup_stm32f407xx.o(.text)
    .text                                    0x08000320   Section       16  e:\Keil_v5\ARM\ARMCC\Bin\..\lib\armlib\c_w.l(aeabi_memset.o)(.text)
    .text                                    0x08000330   Section        0  e:\Keil_v5\ARM\ARMCC\Bin\..\lib\armlib\c_w.l(heapauxi.o)(.text)
    .text                                    0x08000336   Section       68  e:\Keil_v5\ARM\ARMCC\Bin\..\lib\armlib\c_w.l(rt_memclr.o)(.text)
    .text                                    0x0800037a   Section       78  e:\Keil_v5\ARM\ARMCC\Bin\..\lib\armlib\c_w.l(rt_memclr_w.o)(.text)
    .text                                    0x080003c8   Section       74  e:\Keil_v5\ARM\ARMCC\Bin\..\lib\armlib\c_w.l(sys_stackheap_outer.o)(.text)
    .text                                    0x08000412   Section        0  e:\Keil_v5\ARM\ARMCC\Bin\..\lib\armlib\c_w.l(exit.o)(.text)
    .text                                    0x08000424   Section        8  e:\Keil_v5\ARM\ARMCC\Bin\..\lib\armlib\c_w.l(libspace.o)(.text)
    .text                                    0x0800042c   Section        0  e:\Keil_v5\ARM\ARMCC\Bin\..\lib\armlib\c_w.l(sys_exit.o)(.text)
    .text                                    0x08000438   Section        2  e:\Keil_v5\ARM\ARMCC\Bin\..\lib\armlib\c_w.l(use_no_semi.o)(.text)
    .text                                    0x0800043a   Section        0  e:\Keil_v5\ARM\ARMCC\Bin\..\lib\armlib\c_w.l(indicate_semi.o)(.text)
    i.BusFault_Handler                       0x0800043a   Section        0  .\objects\stm32f4xx_it.o(i.BusFault_Handler)
    i.DebugMon_Handler                       0x0800043e   Section        0  .\objects\stm32f4xx_it.o(i.DebugMon_Handler)
    i.HAL_GPIO_Init                          0x08000440   Section        0  .\objects\stm32f4xx_hal_gpio_1.o(i.HAL_GPIO_Init)
    i.HAL_GPIO_TogglePin                     0x08000640   Section        0  .\objects\stm32f4xx_hal_gpio_1.o(i.HAL_GPIO_TogglePin)
    i.HAL_IncTick                            0x08000648   Section        0  .\objects\stm32f4xx_hal_1.o(i.HAL_IncTick)
    i.HAL_Init                               0x08000660   Section        0  .\objects\stm32f4xx_hal_1.o(i.HAL_Init)
    i.HAL_InitTick                           0x0800069c   Section        0  .\objects\stm32f4xx_hal_1.o(i.HAL_InitTick)
    i.HAL_MspInit                            0x080006e8   Section        0  .\objects\stm32f4xx_hal_1.o(i.HAL_MspInit)
    i.HAL_NVIC_EnableIRQ                     0x080006ea   Section        0  .\objects\stm32f4xx_hal_cortex_1.o(i.HAL_NVIC_EnableIRQ)
    i.HAL_NVIC_SetPriority                   0x0800070a   Section        0  .\objects\stm32f4xx_hal_cortex_1.o(i.HAL_NVIC_SetPriority)
    i.HAL_NVIC_SetPriorityGrouping           0x08000788   Section        0  .\objects\stm32f4xx_hal_cortex_1.o(i.HAL_NVIC_SetPriorityGrouping)
    i.HAL_SYSTICK_Callback                   0x080007b0   Section        0  .\objects\stm32f4xx_hal_cortex_1.o(i.HAL_SYSTICK_Callback)
    i.HAL_SYSTICK_Config                     0x080007b2   Section        0  .\objects\stm32f4xx_hal_cortex_1.o(i.HAL_SYSTICK_Config)
    i.HAL_SYSTICK_IRQHandler                 0x080007e6   Section        0  .\objects\stm32f4xx_hal_cortex_1.o(i.HAL_SYSTICK_IRQHandler)
    i.HAL_TIM_Base_Init                      0x080007ee   Section        0  .\objects\stm32f4xx_hal_tim.o(i.HAL_TIM_Base_Init)
    i.HAL_TIM_Base_MspInit                   0x08000822   Section        0  .\objects\stm32f4xx_hal_tim.o(i.HAL_TIM_Base_MspInit)
    i.HAL_TIM_Base_Start_IT                  0x08000824   Section        0  .\objects\stm32f4xx_hal_tim.o(i.HAL_TIM_Base_Start_IT)
    i.HardFault_Handler                      0x08000842   Section        0  .\objects\stm32f4xx_it.o(i.HardFault_Handler)
    i.MemManage_Handler                      0x08000846   Section        0  .\objects\stm32f4xx_it.o(i.MemManage_Handler)
    i.NMI_Handler                            0x0800084a   Section        0  .\objects\stm32f4xx_it.o(i.NMI_Handler)
    i.SysTick_Handler                        0x0800084c   Section        0  .\objects\stm32f4xx_it.o(i.SysTick_Handler)
    i.SystemInit                             0x08000858   Section        0  .\objects\system_stm32f4xx.o(i.SystemInit)
    i.TIM2_IRQHandler                        0x080008bc   Section        0  .\objects\stm32f4xx_it.o(i.TIM2_IRQHandler)
    i.TIM_Base_SetConfig                     0x080008dc   Section        0  .\objects\stm32f4xx_hal_tim.o(i.TIM_Base_SetConfig)
    i.UsageFault_Handler                     0x080009c0   Section        0  .\objects\stm32f4xx_it.o(i.UsageFault_Handler)
    i.__NVIC_GetPriorityGrouping             0x080009c4   Section        0  .\objects\stm32f4xx_hal_cortex_1.o(i.__NVIC_GetPriorityGrouping)
    __NVIC_GetPriorityGrouping               0x080009c5   Thumb Code    10  .\objects\stm32f4xx_hal_cortex_1.o(i.__NVIC_GetPriorityGrouping)
    i.__NVIC_SetPriority                     0x080009d4   Section        0  .\objects\stm32f4xx_hal_cortex_1.o(i.__NVIC_SetPriority)
    __NVIC_SetPriority                       0x080009d5   Thumb Code    32  .\objects\stm32f4xx_hal_cortex_1.o(i.__NVIC_SetPriority)
    i.configureLEDs                          0x080009fc   Section        0  .\objects\main.o(i.configureLEDs)
    configureLEDs                            0x080009fd   Thumb Code    66  .\objects\main.o(i.configureLEDs)
    i.main                                   0x08000a48   Section        0  .\objects\main.o(i.main)
    i.myTask1                                0x08000ac0   Section        0  .\objects\main.o(i.myTask1)
    i.myTask2                                0x08000af0   Section        0  .\objects\main.o(i.myTask2)
    i.prvAddNewTaskToReadyList               0x08000b20   Section        0  .\objects\tasks.o(i.prvAddNewTaskToReadyList)
    prvAddNewTaskToReadyList                 0x08000b21   Thumb Code   156  .\objects\tasks.o(i.prvAddNewTaskToReadyList)
    i.prvCheckTasksWaitingTermination        0x08000bd8   Section        0  .\objects\tasks.o(i.prvCheckTasksWaitingTermination)
    prvCheckTasksWaitingTermination          0x08000bd9   Thumb Code    86  .\objects\tasks.o(i.prvCheckTasksWaitingTermination)
    i.prvDeleteTCB                           0x08000c3c   Section        0  .\objects\tasks.o(i.prvDeleteTCB)
    prvDeleteTCB                             0x08000c3d   Thumb Code    18  .\objects\tasks.o(i.prvDeleteTCB)
    i.prvHeapInit                            0x08000c50   Section        0  .\objects\heap_2.o(i.prvHeapInit)
    prvHeapInit                              0x08000c51   Thumb Code    38  .\objects\heap_2.o(i.prvHeapInit)
    i.prvIdleTask                            0x08000c88   Section        0  .\objects\tasks.o(i.prvIdleTask)
    prvIdleTask                              0x08000c89   Thumb Code     8  .\objects\tasks.o(i.prvIdleTask)
    i.prvInitialiseNewTask                   0x08000c90   Section        0  .\objects\tasks.o(i.prvInitialiseNewTask)
    prvInitialiseNewTask                     0x08000c91   Thumb Code   180  .\objects\tasks.o(i.prvInitialiseNewTask)
    i.prvInitialiseTaskLists                 0x08000d44   Section        0  .\objects\tasks.o(i.prvInitialiseTaskLists)
    prvInitialiseTaskLists                   0x08000d45   Thumb Code    70  .\objects\tasks.o(i.prvInitialiseTaskLists)
    i.prvResetNextTaskUnblockTime            0x08000dac   Section        0  .\objects\tasks.o(i.prvResetNextTaskUnblockTime)
    prvResetNextTaskUnblockTime              0x08000dad   Thumb Code    42  .\objects\tasks.o(i.prvResetNextTaskUnblockTime)
    i.prvTaskExitError                       0x08000de0   Section        0  .\objects\port.o(i.prvTaskExitError)
    prvTaskExitError                         0x08000de1   Thumb Code    60  .\objects\port.o(i.prvTaskExitError)
    i.pvPortMalloc                           0x08000e20   Section        0  .\objects\heap_2.o(i.pvPortMalloc)
    i.pxPortInitialiseStack                  0x08000ed8   Section        0  .\objects\port.o(i.pxPortInitialiseStack)
    i.uxListRemove                           0x08000f04   Section        0  .\objects\list.o(i.uxListRemove)
    i.vListInitialise                        0x08000f2c   Section        0  .\objects\list.o(i.vListInitialise)
    i.vListInitialiseItem                    0x08000f46   Section        0  .\objects\list.o(i.vListInitialiseItem)
    i.vListInsertEnd                         0x08000f4c   Section        0  .\objects\list.o(i.vListInsertEnd)
    i.vPortEnterCritical                     0x08000f64   Section        0  .\objects\port.o(i.vPortEnterCritical)
    i.vPortExitCritical                      0x08000fb8   Section        0  .\objects\port.o(i.vPortExitCritical)
    i.vPortFree                              0x08000ff4   Section        0  .\objects\heap_2.o(i.vPortFree)
    i.vPortSetupTimerInterrupt               0x08001034   Section        0  .\objects\main.o(i.vPortSetupTimerInterrupt)
    i.vTaskStartScheduler                    0x080010b8   Section        0  .\objects\tasks.o(i.vTaskStartScheduler)
    i.vTaskSuspendAll                        0x08001140   Section        0  .\objects\tasks.o(i.vTaskSuspendAll)
    i.vTaskSwitchContext                     0x08001150   Section        0  .\objects\tasks.o(i.vTaskSwitchContext)
    i.xPortStartScheduler                    0x080011dc   Section        0  .\objects\port.o(i.xPortStartScheduler)
    i.xPortSysTickHandler                    0x08001318   Section        0  .\objects\port.o(i.xPortSysTickHandler)
    i.xTaskCreate                            0x0800134c   Section        0  .\objects\tasks.o(i.xTaskCreate)
    i.xTaskGetSchedulerState                 0x080013ac   Section        0  .\objects\tasks.o(i.xTaskGetSchedulerState)
    i.xTaskIncrementTick                     0x080013cc   Section        0  .\objects\tasks.o(i.xTaskIncrementTick)
    i.xTaskResumeAll                         0x08001514   Section        0  .\objects\tasks.o(i.xTaskResumeAll)
    x$fpl$fpinit                             0x08001618   Section       10  e:\Keil_v5\ARM\ARMCC\Bin\..\lib\armlib\fz_wm.l(fpinit.o)(x$fpl$fpinit)
    $v0                                      0x08001618   Number         0  e:\Keil_v5\ARM\ARMCC\Bin\..\lib\armlib\fz_wm.l(fpinit.o)(x$fpl$fpinit)
    .data                                    0x20000000   Section       60  .\objects\tasks.o(.data)
    pxDelayedTaskList                        0x20000004   Data           4  .\objects\tasks.o(.data)
    pxOverflowDelayedTaskList                0x20000008   Data           4  .\objects\tasks.o(.data)
    uxDeletedTasksWaitingCleanUp             0x2000000c   Data           4  .\objects\tasks.o(.data)
    uxCurrentNumberOfTasks                   0x20000010   Data           4  .\objects\tasks.o(.data)
    xTickCount                               0x20000014   Data           4  .\objects\tasks.o(.data)
    uxTopReadyPriority                       0x20000018   Data           4  .\objects\tasks.o(.data)
    xSchedulerRunning                        0x2000001c   Data           4  .\objects\tasks.o(.data)
    uxPendedTicks                            0x20000020   Data           4  .\objects\tasks.o(.data)
    xYieldPending                            0x20000024   Data           4  .\objects\tasks.o(.data)
    xNumOfOverflows                          0x20000028   Data           4  .\objects\tasks.o(.data)
    uxTaskNumber                             0x2000002c   Data           4  .\objects\tasks.o(.data)
    xNextTaskUnblockTime                     0x20000030   Data           4  .\objects\tasks.o(.data)
    xIdleTaskHandle                          0x20000034   Data           4  .\objects\tasks.o(.data)
    uxSchedulerSuspended                     0x20000038   Data           4  .\objects\tasks.o(.data)
    .data                                    0x2000003c   Section       24  .\objects\heap_2.o(.data)
    xStart                                   0x2000003c   Data           8  .\objects\heap_2.o(.data)
    xEnd                                     0x20000044   Data           8  .\objects\heap_2.o(.data)
    xFreeBytesRemaining                      0x2000004c   Data           4  .\objects\heap_2.o(.data)
    xHeapHasBeenInitialised                  0x20000050   Data           4  .\objects\heap_2.o(.data)
    .data                                    0x20000054   Section       12  .\objects\port.o(.data)
    uxCriticalNesting                        0x20000054   Data           4  .\objects\port.o(.data)
    ucMaxSysCallPriority                     0x20000058   Data           1  .\objects\port.o(.data)
    ulMaxPRIGROUPValue                       0x2000005c   Data           4  .\objects\port.o(.data)
    .data                                    0x20000060   Section        4  .\objects\system_stm32f4xx.o(.data)
    .data                                    0x20000064   Section        9  .\objects\stm32f4xx_hal_1.o(.data)
    .bss                                     0x20000070   Section       60  .\objects\main.o(.bss)
    .bss                                     0x200000ac   Section      200  .\objects\tasks.o(.bss)
    pxReadyTasksLists                        0x200000ac   Data         100  .\objects\tasks.o(.bss)
    xDelayedTaskList1                        0x20000110   Data          20  .\objects\tasks.o(.bss)
    xDelayedTaskList2                        0x20000124   Data          20  .\objects\tasks.o(.bss)
    xPendingReadyList                        0x20000138   Data          20  .\objects\tasks.o(.bss)
    xTasksWaitingTermination                 0x2000014c   Data          20  .\objects\tasks.o(.bss)
    xSuspendedTaskList                       0x20000160   Data          20  .\objects\tasks.o(.bss)
    .bss                                     0x20000174   Section    76800  .\objects\heap_2.o(.bss)
    ucHeap                                   0x20000174   Data       76800  .\objects\heap_2.o(.bss)
    .bss                                     0x20012d74   Section       96  e:\Keil_v5\ARM\ARMCC\Bin\..\lib\armlib\c_w.l(libspace.o)(.bss)
    HEAP                                     0x20012dd8   Section      512  .\objects\startup_stm32f407xx.o(HEAP)
    Heap_Mem                                 0x20012dd8   Data         512  .\objects\startup_stm32f407xx.o(HEAP)
    STACK                                    0x20012fd8   Section     1024  .\objects\startup_stm32f407xx.o(STACK)
    Stack_Mem                                0x20012fd8   Data        1024  .\objects\startup_stm32f407xx.o(STACK)
    __initial_sp                             0x200133d8   Data           0  .\objects\startup_stm32f407xx.o(STACK)

    Global Symbols

    Symbol Name                              Value     Ov Type        Size  Object(Section)

    BuildAttributes$$THM_ISAv4$E$P$D$K$B$S$7EM$VFPi3$EXTD16$VFPS$VFMA$PE$A:L22UL41UL21$X:L11$S22US41US21$IEEE1$IW$USESV6$~STKCKD$USESV7$~SHL$OSPACE$ROPI$EBA8$UX$STANDARDLIB$REQ8$PRES8$EABIv2 0x00000000   Number         0  anon$$obj.o ABSOLUTE
    __ARM_use_no_argv                        0x00000000   Number         0  .\objects\main.o ABSOLUTE
    __ARM_exceptions_init                     - Undefined Weak Reference
    __alloca_initialize                       - Undefined Weak Reference
    __arm_preinit_                            - Undefined Weak Reference
    __cpp_initialize__aeabi_                  - Undefined Weak Reference
    __cxa_finalize                            - Undefined Weak Reference
    __rt_locale                               - Undefined Weak Reference
    __sigvec_lookup                           - Undefined Weak Reference
    _atexit_init                              - Undefined Weak Reference
    _call_atexit_fns                          - Undefined Weak Reference
    _clock_init                               - Undefined Weak Reference
    _fp_trap_init                             - Undefined Weak Reference
    _fp_trap_shutdown                         - Undefined Weak Reference
    _get_lc_collate                           - Undefined Weak Reference
    _get_lc_ctype                             - Undefined Weak Reference
    _get_lc_monetary                          - Undefined Weak Reference
    _get_lc_numeric                           - Undefined Weak Reference
    _get_lc_time                              - Undefined Weak Reference
    _getenv_init                              - Undefined Weak Reference
    _handle_redirection                       - Undefined Weak Reference
    _init_alloc                               - Undefined Weak Reference
    _init_user_alloc                          - Undefined Weak Reference
    _initio                                   - Undefined Weak Reference
    _rand_init                                - Undefined Weak Reference
    _signal_finish                            - Undefined Weak Reference
    _signal_init                              - Undefined Weak Reference
    _terminate_alloc                          - Undefined Weak Reference
    _terminate_user_alloc                     - Undefined Weak Reference
    _terminateio                              - Undefined Weak Reference
    __Vectors_Size                           0x00000188   Number         0  .\objects\startup_stm32f407xx.o ABSOLUTE
    __Vectors                                0x08000000   Data           4  .\objects\startup_stm32f407xx.o(RESET)
    __Vectors_End                            0x08000188   Data           0  .\objects\startup_stm32f407xx.o(RESET)
    __main                                   0x08000189   Thumb Code     8  e:\Keil_v5\ARM\ARMCC\Bin\..\lib\armlib\c_w.l(__main.o)(!!!main)
    __scatterload                            0x08000191   Thumb Code     0  e:\Keil_v5\ARM\ARMCC\Bin\..\lib\armlib\c_w.l(__scatter.o)(!!!scatter)
    __scatterload_rt2                        0x08000191   Thumb Code    44  e:\Keil_v5\ARM\ARMCC\Bin\..\lib\armlib\c_w.l(__scatter.o)(!!!scatter)
    __scatterload_rt2_thumb_only             0x08000191   Thumb Code     0  e:\Keil_v5\ARM\ARMCC\Bin\..\lib\armlib\c_w.l(__scatter.o)(!!!scatter)
    __scatterload_null                       0x0800019f   Thumb Code     0  e:\Keil_v5\ARM\ARMCC\Bin\..\lib\armlib\c_w.l(__scatter.o)(!!!scatter)
    __scatterload_copy                       0x080001c5   Thumb Code    26  e:\Keil_v5\ARM\ARMCC\Bin\..\lib\armlib\c_w.l(__scatter_copy.o)(!!handler_copy)
    __scatterload_zeroinit                   0x080001e1   Thumb Code    28  e:\Keil_v5\ARM\ARMCC\Bin\..\lib\armlib\c_w.l(__scatter_zi.o)(!!handler_zi)
    __rt_lib_init                            0x080001fd   Thumb Code     0  e:\Keil_v5\ARM\ARMCC\Bin\..\lib\armlib\c_w.l(libinit.o)(.ARM.Collect$$libinit$$00000000)
    __rt_lib_init_fp_1                       0x080001ff   Thumb Code     0  e:\Keil_v5\ARM\ARMCC\Bin\..\lib\armlib\c_w.l(libinit2.o)(.ARM.Collect$$libinit$$00000001)
    __rt_lib_init_alloca_1                   0x08000203   Thumb Code     0  e:\Keil_v5\ARM\ARMCC\Bin\..\lib\armlib\c_w.l(libinit2.o)(.ARM.Collect$$libinit$$0000002E)
    __rt_lib_init_argv_1                     0x08000203   Thumb Code     0  e:\Keil_v5\ARM\ARMCC\Bin\..\lib\armlib\c_w.l(libinit2.o)(.ARM.Collect$$libinit$$0000002C)
    __rt_lib_init_atexit_1                   0x08000203   Thumb Code     0  e:\Keil_v5\ARM\ARMCC\Bin\..\lib\armlib\c_w.l(libinit2.o)(.ARM.Collect$$libinit$$0000001B)
    __rt_lib_init_clock_1                    0x08000203   Thumb Code     0  e:\Keil_v5\ARM\ARMCC\Bin\..\lib\armlib\c_w.l(libinit2.o)(.ARM.Collect$$libinit$$00000021)
    __rt_lib_init_cpp_1                      0x08000203   Thumb Code     0  e:\Keil_v5\ARM\ARMCC\Bin\..\lib\armlib\c_w.l(libinit2.o)(.ARM.Collect$$libinit$$00000032)
    __rt_lib_init_exceptions_1               0x08000203   Thumb Code     0  e:\Keil_v5\ARM\ARMCC\Bin\..\lib\armlib\c_w.l(libinit2.o)(.ARM.Collect$$libinit$$00000030)
    __rt_lib_init_fp_trap_1                  0x08000203   Thumb Code     0  e:\Keil_v5\ARM\ARMCC\Bin\..\lib\armlib\c_w.l(libinit2.o)(.ARM.Collect$$libinit$$0000001F)
    __rt_lib_init_getenv_1                   0x08000203   Thumb Code     0  e:\Keil_v5\ARM\ARMCC\Bin\..\lib\armlib\c_w.l(libinit2.o)(.ARM.Collect$$libinit$$00000023)
    __rt_lib_init_heap_1                     0x08000203   Thumb Code     0  e:\Keil_v5\ARM\ARMCC\Bin\..\lib\armlib\c_w.l(libinit2.o)(.ARM.Collect$$libinit$$0000000A)
    __rt_lib_init_lc_collate_1               0x08000203   Thumb Code     0  e:\Keil_v5\ARM\ARMCC\Bin\..\lib\armlib\c_w.l(libinit2.o)(.ARM.Collect$$libinit$$00000011)
    __rt_lib_init_lc_ctype_1                 0x08000203   Thumb Code     0  e:\Keil_v5\ARM\ARMCC\Bin\..\lib\armlib\c_w.l(libinit2.o)(.ARM.Collect$$libinit$$00000013)
    __rt_lib_init_lc_monetary_1              0x08000203   Thumb Code     0  e:\Keil_v5\ARM\ARMCC\Bin\..\lib\armlib\c_w.l(libinit2.o)(.ARM.Collect$$libinit$$00000015)
    __rt_lib_init_lc_numeric_1               0x08000203   Thumb Code     0  e:\Keil_v5\ARM\ARMCC\Bin\..\lib\armlib\c_w.l(libinit2.o)(.ARM.Collect$$libinit$$00000017)
    __rt_lib_init_lc_time_1                  0x08000203   Thumb Code     0  e:\Keil_v5\ARM\ARMCC\Bin\..\lib\armlib\c_w.l(libinit2.o)(.ARM.Collect$$libinit$$00000019)
    __rt_lib_init_preinit_1                  0x08000203   Thumb Code     0  e:\Keil_v5\ARM\ARMCC\Bin\..\lib\armlib\c_w.l(libinit2.o)(.ARM.Collect$$libinit$$00000004)
    __rt_lib_init_rand_1                     0x08000203   Thumb Code     0  e:\Keil_v5\ARM\ARMCC\Bin\..\lib\armlib\c_w.l(libinit2.o)(.ARM.Collect$$libinit$$0000000E)
    __rt_lib_init_return                     0x08000203   Thumb Code     0  e:\Keil_v5\ARM\ARMCC\Bin\..\lib\armlib\c_w.l(libinit2.o)(.ARM.Collect$$libinit$$00000033)
    __rt_lib_init_signal_1                   0x08000203   Thumb Code     0  e:\Keil_v5\ARM\ARMCC\Bin\..\lib\armlib\c_w.l(libinit2.o)(.ARM.Collect$$libinit$$0000001D)
    __rt_lib_init_stdio_1                    0x08000203   Thumb Code     0  e:\Keil_v5\ARM\ARMCC\Bin\..\lib\armlib\c_w.l(libinit2.o)(.ARM.Collect$$libinit$$00000025)
    __rt_lib_init_user_alloc_1               0x08000203   Thumb Code     0  e:\Keil_v5\ARM\ARMCC\Bin\..\lib\armlib\c_w.l(libinit2.o)(.ARM.Collect$$libinit$$0000000C)
    __rt_lib_shutdown                        0x08000205   Thumb Code     0  e:\Keil_v5\ARM\ARMCC\Bin\..\lib\armlib\c_w.l(libshutdown.o)(.ARM.Collect$$libshutdown$$00000000)
    __rt_lib_shutdown_cpp_1                  0x08000207   Thumb Code     0  e:\Keil_v5\ARM\ARMCC\Bin\..\lib\armlib\c_w.l(libshutdown2.o)(.ARM.Collect$$libshutdown$$00000002)
    __rt_lib_shutdown_fp_trap_1              0x08000207   Thumb Code     0  e:\Keil_v5\ARM\ARMCC\Bin\..\lib\armlib\c_w.l(libshutdown2.o)(.ARM.Collect$$libshutdown$$00000007)
    __rt_lib_shutdown_heap_1                 0x08000207   Thumb Code     0  e:\Keil_v5\ARM\ARMCC\Bin\..\lib\armlib\c_w.l(libshutdown2.o)(.ARM.Collect$$libshutdown$$0000000F)
    __rt_lib_shutdown_return                 0x08000207   Thumb Code     0  e:\Keil_v5\ARM\ARMCC\Bin\..\lib\armlib\c_w.l(libshutdown2.o)(.ARM.Collect$$libshutdown$$00000010)
    __rt_lib_shutdown_signal_1               0x08000207   Thumb Code     0  e:\Keil_v5\ARM\ARMCC\Bin\..\lib\armlib\c_w.l(libshutdown2.o)(.ARM.Collect$$libshutdown$$0000000A)
    __rt_lib_shutdown_stdio_1                0x08000207   Thumb Code     0  e:\Keil_v5\ARM\ARMCC\Bin\..\lib\armlib\c_w.l(libshutdown2.o)(.ARM.Collect$$libshutdown$$00000004)
    __rt_lib_shutdown_user_alloc_1           0x08000207   Thumb Code     0  e:\Keil_v5\ARM\ARMCC\Bin\..\lib\armlib\c_w.l(libshutdown2.o)(.ARM.Collect$$libshutdown$$0000000C)
    __rt_entry                               0x08000209   Thumb Code     0  e:\Keil_v5\ARM\ARMCC\Bin\..\lib\armlib\c_w.l(__rtentry.o)(.ARM.Collect$$rtentry$$00000000)
    __rt_entry_presh_1                       0x08000209   Thumb Code     0  e:\Keil_v5\ARM\ARMCC\Bin\..\lib\armlib\c_w.l(__rtentry2.o)(.ARM.Collect$$rtentry$$00000002)
    __rt_entry_sh                            0x08000209   Thumb Code     0  e:\Keil_v5\ARM\ARMCC\Bin\..\lib\armlib\c_w.l(__rtentry4.o)(.ARM.Collect$$rtentry$$00000004)
    __rt_entry_li                            0x0800020f   Thumb Code     0  e:\Keil_v5\ARM\ARMCC\Bin\..\lib\armlib\c_w.l(__rtentry2.o)(.ARM.Collect$$rtentry$$0000000A)
    __rt_entry_postsh_1                      0x0800020f   Thumb Code     0  e:\Keil_v5\ARM\ARMCC\Bin\..\lib\armlib\c_w.l(__rtentry2.o)(.ARM.Collect$$rtentry$$00000009)
    __rt_entry_main                          0x08000213   Thumb Code     0  e:\Keil_v5\ARM\ARMCC\Bin\..\lib\armlib\c_w.l(__rtentry2.o)(.ARM.Collect$$rtentry$$0000000D)
    __rt_entry_postli_1                      0x08000213   Thumb Code     0  e:\Keil_v5\ARM\ARMCC\Bin\..\lib\armlib\c_w.l(__rtentry2.o)(.ARM.Collect$$rtentry$$0000000C)
    __rt_exit                                0x0800021b   Thumb Code     0  e:\Keil_v5\ARM\ARMCC\Bin\..\lib\armlib\c_w.l(rtexit.o)(.ARM.Collect$$rtexit$$00000000)
    __rt_exit_ls                             0x0800021d   Thumb Code     0  e:\Keil_v5\ARM\ARMCC\Bin\..\lib\armlib\c_w.l(rtexit2.o)(.ARM.Collect$$rtexit$$00000003)
    __rt_exit_prels_1                        0x0800021d   Thumb Code     0  e:\Keil_v5\ARM\ARMCC\Bin\..\lib\armlib\c_w.l(rtexit2.o)(.ARM.Collect$$rtexit$$00000002)
    __rt_exit_exit                           0x08000221   Thumb Code     0  e:\Keil_v5\ARM\ARMCC\Bin\..\lib\armlib\c_w.l(rtexit2.o)(.ARM.Collect$$rtexit$$00000004)
    SVC_Handler                              0x08000229   Thumb Code    28  .\objects\port.o(.emb_text)
    __asm___6_port_c_39a90d8d__prvStartFirstTask 0x08000249   Thumb Code    28  .\objects\port.o(.emb_text)
    __asm___6_port_c_39a90d8d__prvEnableVFP  0x08000269   Thumb Code    16  .\objects\port.o(.emb_text)
    PendSV_Handler                           0x0800027d   Thumb Code    88  .\objects\port.o(.emb_text)
    vPortGetIPSR                             0x080002d9   Thumb Code     6  .\objects\port.o(.emb_text)
    Reset_Handler                            0x080002e1   Thumb Code     8  .\objects\startup_stm32f407xx.o(.text)
    ADC_IRQHandler                           0x080002fb   Thumb Code     0  .\objects\startup_stm32f407xx.o(.text)
    CAN1_RX0_IRQHandler                      0x080002fb   Thumb Code     0  .\objects\startup_stm32f407xx.o(.text)
    CAN1_RX1_IRQHandler                      0x080002fb   Thumb Code     0  .\objects\startup_stm32f407xx.o(.text)
    CAN1_SCE_IRQHandler                      0x080002fb   Thumb Code     0  .\objects\startup_stm32f407xx.o(.text)
    CAN1_TX_IRQHandler                       0x080002fb   Thumb Code     0  .\objects\startup_stm32f407xx.o(.text)
    CAN2_RX0_IRQHandler                      0x080002fb   Thumb Code     0  .\objects\startup_stm32f407xx.o(.text)
    CAN2_RX1_IRQHandler                      0x080002fb   Thumb Code     0  .\objects\startup_stm32f407xx.o(.text)
    CAN2_SCE_IRQHandler                      0x080002fb   Thumb Code     0  .\objects\startup_stm32f407xx.o(.text)
    CAN2_TX_IRQHandler                       0x080002fb   Thumb Code     0  .\objects\startup_stm32f407xx.o(.text)
    DCMI_IRQHandler                          0x080002fb   Thumb Code     0  .\objects\startup_stm32f407xx.o(.text)
    DMA1_Stream0_IRQHandler                  0x080002fb   Thumb Code     0  .\objects\startup_stm32f407xx.o(.text)
    DMA1_Stream1_IRQHandler                  0x080002fb   Thumb Code     0  .\objects\startup_stm32f407xx.o(.text)
    DMA1_Stream2_IRQHandler                  0x080002fb   Thumb Code     0  .\objects\startup_stm32f407xx.o(.text)
    DMA1_Stream3_IRQHandler                  0x080002fb   Thumb Code     0  .\objects\startup_stm32f407xx.o(.text)
    DMA1_Stream4_IRQHandler                  0x080002fb   Thumb Code     0  .\objects\startup_stm32f407xx.o(.text)
    DMA1_Stream5_IRQHandler                  0x080002fb   Thumb Code     0  .\objects\startup_stm32f407xx.o(.text)
    DMA1_Stream6_IRQHandler                  0x080002fb   Thumb Code     0  .\objects\startup_stm32f407xx.o(.text)
    DMA1_Stream7_IRQHandler                  0x080002fb   Thumb Code     0  .\objects\startup_stm32f407xx.o(.text)
    DMA2_Stream0_IRQHandler                  0x080002fb   Thumb Code     0  .\objects\startup_stm32f407xx.o(.text)
    DMA2_Stream1_IRQHandler                  0x080002fb   Thumb Code     0  .\objects\startup_stm32f407xx.o(.text)
    DMA2_Stream2_IRQHandler                  0x080002fb   Thumb Code     0  .\objects\startup_stm32f407xx.o(.text)
    DMA2_Stream3_IRQHandler                  0x080002fb   Thumb Code     0  .\objects\startup_stm32f407xx.o(.text)
    DMA2_Stream4_IRQHandler                  0x080002fb   Thumb Code     0  .\objects\startup_stm32f407xx.o(.text)
    DMA2_Stream5_IRQHandler                  0x080002fb   Thumb Code     0  .\objects\startup_stm32f407xx.o(.text)
    DMA2_Stream6_IRQHandler                  0x080002fb   Thumb Code     0  .\objects\startup_stm32f407xx.o(.text)
    DMA2_Stream7_IRQHandler                  0x080002fb   Thumb Code     0  .\objects\startup_stm32f407xx.o(.text)
    ETH_IRQHandler                           0x080002fb   Thumb Code     0  .\objects\startup_stm32f407xx.o(.text)
    ETH_WKUP_IRQHandler                      0x080002fb   Thumb Code     0  .\objects\startup_stm32f407xx.o(.text)
    EXTI0_IRQHandler                         0x080002fb   Thumb Code     0  .\objects\startup_stm32f407xx.o(.text)
    EXTI15_10_IRQHandler                     0x080002fb   Thumb Code     0  .\objects\startup_stm32f407xx.o(.text)
    EXTI1_IRQHandler                         0x080002fb   Thumb Code     0  .\objects\startup_stm32f407xx.o(.text)
    EXTI2_IRQHandler                         0x080002fb   Thumb Code     0  .\objects\startup_stm32f407xx.o(.text)
    EXTI3_IRQHandler                         0x080002fb   Thumb Code     0  .\objects\startup_stm32f407xx.o(.text)
    EXTI4_IRQHandler                         0x080002fb   Thumb Code     0  .\objects\startup_stm32f407xx.o(.text)
    EXTI9_5_IRQHandler                       0x080002fb   Thumb Code     0  .\objects\startup_stm32f407xx.o(.text)
    FLASH_IRQHandler                         0x080002fb   Thumb Code     0  .\objects\startup_stm32f407xx.o(.text)
    FMC_IRQHandler                           0x080002fb   Thumb Code     0  .\objects\startup_stm32f407xx.o(.text)
    FPU_IRQHandler                           0x080002fb   Thumb Code     0  .\objects\startup_stm32f407xx.o(.text)
    HASH_RNG_IRQHandler                      0x080002fb   Thumb Code     0  .\objects\startup_stm32f407xx.o(.text)
    I2C1_ER_IRQHandler                       0x080002fb   Thumb Code     0  .\objects\startup_stm32f407xx.o(.text)
    I2C1_EV_IRQHandler                       0x080002fb   Thumb Code     0  .\objects\startup_stm32f407xx.o(.text)
    I2C2_ER_IRQHandler                       0x080002fb   Thumb Code     0  .\objects\startup_stm32f407xx.o(.text)
    I2C2_EV_IRQHandler                       0x080002fb   Thumb Code     0  .\objects\startup_stm32f407xx.o(.text)
    I2C3_ER_IRQHandler                       0x080002fb   Thumb Code     0  .\objects\startup_stm32f407xx.o(.text)
    I2C3_EV_IRQHandler                       0x080002fb   Thumb Code     0  .\objects\startup_stm32f407xx.o(.text)
    OTG_FS_IRQHandler                        0x080002fb   Thumb Code     0  .\objects\startup_stm32f407xx.o(.text)
    OTG_FS_WKUP_IRQHandler                   0x080002fb   Thumb Code     0  .\objects\startup_stm32f407xx.o(.text)
    OTG_HS_EP1_IN_IRQHandler                 0x080002fb   Thumb Code     0  .\objects\startup_stm32f407xx.o(.text)
    OTG_HS_EP1_OUT_IRQHandler                0x080002fb   Thumb Code     0  .\objects\startup_stm32f407xx.o(.text)
    OTG_HS_IRQHandler                        0x080002fb   Thumb Code     0  .\objects\startup_stm32f407xx.o(.text)
    OTG_HS_WKUP_IRQHandler                   0x080002fb   Thumb Code     0  .\objects\startup_stm32f407xx.o(.text)
    PVD_IRQHandler                           0x080002fb   Thumb Code     0  .\objects\startup_stm32f407xx.o(.text)
    RCC_IRQHandler                           0x080002fb   Thumb Code     0  .\objects\startup_stm32f407xx.o(.text)
    RTC_Alarm_IRQHandler                     0x080002fb   Thumb Code     0  .\objects\startup_stm32f407xx.o(.text)
    RTC_WKUP_IRQHandler                      0x080002fb   Thumb Code     0  .\objects\startup_stm32f407xx.o(.text)
    SDIO_IRQHandler                          0x080002fb   Thumb Code     0  .\objects\startup_stm32f407xx.o(.text)
    SPI1_IRQHandler                          0x080002fb   Thumb Code     0  .\objects\startup_stm32f407xx.o(.text)
    SPI2_IRQHandler                          0x080002fb   Thumb Code     0  .\objects\startup_stm32f407xx.o(.text)
    SPI3_IRQHandler                          0x080002fb   Thumb Code     0  .\objects\startup_stm32f407xx.o(.text)
    TAMP_STAMP_IRQHandler                    0x080002fb   Thumb Code     0  .\objects\startup_stm32f407xx.o(.text)
    TIM1_BRK_TIM9_IRQHandler                 0x080002fb   Thumb Code     0  .\objects\startup_stm32f407xx.o(.text)
    TIM1_CC_IRQHandler                       0x080002fb   Thumb Code     0  .\objects\startup_stm32f407xx.o(.text)
    TIM1_TRG_COM_TIM11_IRQHandler            0x080002fb   Thumb Code     0  .\objects\startup_stm32f407xx.o(.text)
    TIM1_UP_TIM10_IRQHandler                 0x080002fb   Thumb Code     0  .\objects\startup_stm32f407xx.o(.text)
    TIM3_IRQHandler                          0x080002fb   Thumb Code     0  .\objects\startup_stm32f407xx.o(.text)
    TIM4_IRQHandler                          0x080002fb   Thumb Code     0  .\objects\startup_stm32f407xx.o(.text)
    TIM5_IRQHandler                          0x080002fb   Thumb Code     0  .\objects\startup_stm32f407xx.o(.text)
    TIM6_DAC_IRQHandler                      0x080002fb   Thumb Code     0  .\objects\startup_stm32f407xx.o(.text)
    TIM7_IRQHandler                          0x080002fb   Thumb Code     0  .\objects\startup_stm32f407xx.o(.text)
    TIM8_BRK_TIM12_IRQHandler                0x080002fb   Thumb Code     0  .\objects\startup_stm32f407xx.o(.text)
    TIM8_CC_IRQHandler                       0x080002fb   Thumb Code     0  .\objects\startup_stm32f407xx.o(.text)
    TIM8_TRG_COM_TIM14_IRQHandler            0x080002fb   Thumb Code     0  .\objects\startup_stm32f407xx.o(.text)
    TIM8_UP_TIM13_IRQHandler                 0x080002fb   Thumb Code     0  .\objects\startup_stm32f407xx.o(.text)
    UART4_IRQHandler                         0x080002fb   Thumb Code     0  .\objects\startup_stm32f407xx.o(.text)
    UART5_IRQHandler                         0x080002fb   Thumb Code     0  .\objects\startup_stm32f407xx.o(.text)
    USART1_IRQHandler                        0x080002fb   Thumb Code     0  .\objects\startup_stm32f407xx.o(.text)
    USART2_IRQHandler                        0x080002fb   Thumb Code     0  .\objects\startup_stm32f407xx.o(.text)
    USART3_IRQHandler                        0x080002fb   Thumb Code     0  .\objects\startup_stm32f407xx.o(.text)
    USART6_IRQHandler                        0x080002fb   Thumb Code     0  .\objects\startup_stm32f407xx.o(.text)
    WWDG_IRQHandler                          0x080002fb   Thumb Code     0  .\objects\startup_stm32f407xx.o(.text)
    __user_initial_stackheap                 0x080002fd   Thumb Code     0  .\objects\startup_stm32f407xx.o(.text)
    __aeabi_memset                           0x08000321   Thumb Code    16  e:\Keil_v5\ARM\ARMCC\Bin\..\lib\armlib\c_w.l(aeabi_memset.o)(.text)
    __use_two_region_memory                  0x08000331   Thumb Code     2  e:\Keil_v5\ARM\ARMCC\Bin\..\lib\armlib\c_w.l(heapauxi.o)(.text)
    __rt_heap_escrow$2region                 0x08000333   Thumb Code     2  e:\Keil_v5\ARM\ARMCC\Bin\..\lib\armlib\c_w.l(heapauxi.o)(.text)
    __rt_heap_expand$2region                 0x08000335   Thumb Code     2  e:\Keil_v5\ARM\ARMCC\Bin\..\lib\armlib\c_w.l(heapauxi.o)(.text)
    __aeabi_memclr                           0x08000337   Thumb Code     0  e:\Keil_v5\ARM\ARMCC\Bin\..\lib\armlib\c_w.l(rt_memclr.o)(.text)
    __rt_memclr                              0x08000337   Thumb Code    68  e:\Keil_v5\ARM\ARMCC\Bin\..\lib\armlib\c_w.l(rt_memclr.o)(.text)
    _memset                                  0x0800033b   Thumb Code     0  e:\Keil_v5\ARM\ARMCC\Bin\..\lib\armlib\c_w.l(rt_memclr.o)(.text)
    __aeabi_memclr4                          0x0800037b   Thumb Code     0  e:\Keil_v5\ARM\ARMCC\Bin\..\lib\armlib\c_w.l(rt_memclr_w.o)(.text)
    __aeabi_memclr8                          0x0800037b   Thumb Code     0  e:\Keil_v5\ARM\ARMCC\Bin\..\lib\armlib\c_w.l(rt_memclr_w.o)(.text)
    __rt_memclr_w                            0x0800037b   Thumb Code    78  e:\Keil_v5\ARM\ARMCC\Bin\..\lib\armlib\c_w.l(rt_memclr_w.o)(.text)
    _memset_w                                0x0800037f   Thumb Code     0  e:\Keil_v5\ARM\ARMCC\Bin\..\lib\armlib\c_w.l(rt_memclr_w.o)(.text)
    __user_setup_stackheap                   0x080003c9   Thumb Code    74  e:\Keil_v5\ARM\ARMCC\Bin\..\lib\armlib\c_w.l(sys_stackheap_outer.o)(.text)
    exit                                     0x08000413   Thumb Code    18  e:\Keil_v5\ARM\ARMCC\Bin\..\lib\armlib\c_w.l(exit.o)(.text)
    __user_libspace                          0x08000425   Thumb Code     8  e:\Keil_v5\ARM\ARMCC\Bin\..\lib\armlib\c_w.l(libspace.o)(.text)
    __user_perproc_libspace                  0x08000425   Thumb Code     0  e:\Keil_v5\ARM\ARMCC\Bin\..\lib\armlib\c_w.l(libspace.o)(.text)
    __user_perthread_libspace                0x08000425   Thumb Code     0  e:\Keil_v5\ARM\ARMCC\Bin\..\lib\armlib\c_w.l(libspace.o)(.text)
    _sys_exit                                0x0800042d   Thumb Code     8  e:\Keil_v5\ARM\ARMCC\Bin\..\lib\armlib\c_w.l(sys_exit.o)(.text)
    __I$use$semihosting                      0x08000439   Thumb Code     0  e:\Keil_v5\ARM\ARMCC\Bin\..\lib\armlib\c_w.l(use_no_semi.o)(.text)
    __use_no_semihosting_swi                 0x08000439   Thumb Code     2  e:\Keil_v5\ARM\ARMCC\Bin\..\lib\armlib\c_w.l(use_no_semi.o)(.text)
    BusFault_Handler                         0x0800043b   Thumb Code     4  .\objects\stm32f4xx_it.o(i.BusFault_Handler)
    __semihosting_library_function           0x0800043b   Thumb Code     0  e:\Keil_v5\ARM\ARMCC\Bin\..\lib\armlib\c_w.l(indicate_semi.o)(.text)
    DebugMon_Handler                         0x0800043f   Thumb Code     2  .\objects\stm32f4xx_it.o(i.DebugMon_Handler)
    HAL_GPIO_Init                            0x08000441   Thumb Code   466  .\objects\stm32f4xx_hal_gpio_1.o(i.HAL_GPIO_Init)
    HAL_GPIO_TogglePin                       0x08000641   Thumb Code     8  .\objects\stm32f4xx_hal_gpio_1.o(i.HAL_GPIO_TogglePin)
    HAL_IncTick                              0x08000649   Thumb Code    16  .\objects\stm32f4xx_hal_1.o(i.HAL_IncTick)
    HAL_Init                                 0x08000661   Thumb Code    54  .\objects\stm32f4xx_hal_1.o(i.HAL_Init)
    HAL_InitTick                             0x0800069d   Thumb Code    64  .\objects\stm32f4xx_hal_1.o(i.HAL_InitTick)
    HAL_MspInit                              0x080006e9   Thumb Code     2  .\objects\stm32f4xx_hal_1.o(i.HAL_MspInit)
    HAL_NVIC_EnableIRQ                       0x080006eb   Thumb Code    32  .\objects\stm32f4xx_hal_cortex_1.o(i.HAL_NVIC_EnableIRQ)
    HAL_NVIC_SetPriority                     0x0800070b   Thumb Code   124  .\objects\stm32f4xx_hal_cortex_1.o(i.HAL_NVIC_SetPriority)
    HAL_NVIC_SetPriorityGrouping             0x08000789   Thumb Code    32  .\objects\stm32f4xx_hal_cortex_1.o(i.HAL_NVIC_SetPriorityGrouping)
    HAL_SYSTICK_Callback                     0x080007b1   Thumb Code     2  .\objects\stm32f4xx_hal_cortex_1.o(i.HAL_SYSTICK_Callback)
    HAL_SYSTICK_Config                       0x080007b3   Thumb Code    52  .\objects\stm32f4xx_hal_cortex_1.o(i.HAL_SYSTICK_Config)
    HAL_SYSTICK_IRQHandler                   0x080007e7   Thumb Code     8  .\objects\stm32f4xx_hal_cortex_1.o(i.HAL_SYSTICK_IRQHandler)
    HAL_TIM_Base_Init                        0x080007ef   Thumb Code    52  .\objects\stm32f4xx_hal_tim.o(i.HAL_TIM_Base_Init)
    HAL_TIM_Base_MspInit                     0x08000823   Thumb Code     2  .\objects\stm32f4xx_hal_tim.o(i.HAL_TIM_Base_MspInit)
    HAL_TIM_Base_Start_IT                    0x08000825   Thumb Code    30  .\objects\stm32f4xx_hal_tim.o(i.HAL_TIM_Base_Start_IT)
    HardFault_Handler                        0x08000843   Thumb Code     4  .\objects\stm32f4xx_it.o(i.HardFault_Handler)
    MemManage_Handler                        0x08000847   Thumb Code     4  .\objects\stm32f4xx_it.o(i.MemManage_Handler)
    NMI_Handler                              0x0800084b   Thumb Code     2  .\objects\stm32f4xx_it.o(i.NMI_Handler)
    SysTick_Handler                          0x0800084d   Thumb Code    12  .\objects\stm32f4xx_it.o(i.SysTick_Handler)
    SystemInit                               0x08000859   Thumb Code    82  .\objects\system_stm32f4xx.o(i.SystemInit)
    TIM2_IRQHandler                          0x080008bd   Thumb Code    26  .\objects\stm32f4xx_it.o(i.TIM2_IRQHandler)
    TIM_Base_SetConfig                       0x080008dd   Thumb Code   184  .\objects\stm32f4xx_hal_tim.o(i.TIM_Base_SetConfig)
    UsageFault_Handler                       0x080009c1   Thumb Code     4  .\objects\stm32f4xx_it.o(i.UsageFault_Handler)
    main                                     0x08000a49   Thumb Code    86  .\objects\main.o(i.main)
    myTask1                                  0x08000ac1   Thumb Code    42  .\objects\main.o(i.myTask1)
    myTask2                                  0x08000af1   Thumb Code    40  .\objects\main.o(i.myTask2)
    pvPortMalloc                             0x08000e21   Thumb Code   164  .\objects\heap_2.o(i.pvPortMalloc)
    pxPortInitialiseStack                    0x08000ed9   Thumb Code    38  .\objects\port.o(i.pxPortInitialiseStack)
    uxListRemove                             0x08000f05   Thumb Code    40  .\objects\list.o(i.uxListRemove)
    vListInitialise                          0x08000f2d   Thumb Code    26  .\objects\list.o(i.vListInitialise)
    vListInitialiseItem                      0x08000f47   Thumb Code     6  .\objects\list.o(i.vListInitialiseItem)
    vListInsertEnd                           0x08000f4d   Thumb Code    24  .\objects\list.o(i.vListInsertEnd)
    vPortEnterCritical                       0x08000f65   Thumb Code    76  .\objects\port.o(i.vPortEnterCritical)
    vPortExitCritical                        0x08000fb9   Thumb Code    56  .\objects\port.o(i.vPortExitCritical)
    vPortFree                                0x08000ff5   Thumb Code    56  .\objects\heap_2.o(i.vPortFree)
    vPortSetupTimerInterrupt                 0x08001035   Thumb Code   114  .\objects\main.o(i.vPortSetupTimerInterrupt)
    vTaskStartScheduler                      0x080010b9   Thumb Code   108  .\objects\tasks.o(i.vTaskStartScheduler)
    vTaskSuspendAll                          0x08001141   Thumb Code    12  .\objects\tasks.o(i.vTaskSuspendAll)
    vTaskSwitchContext                       0x08001151   Thumb Code   118  .\objects\tasks.o(i.vTaskSwitchContext)
    xPortStartScheduler                      0x080011dd   Thumb Code   288  .\objects\port.o(i.xPortStartScheduler)
    xPortSysTickHandler                      0x08001319   Thumb Code    46  .\objects\port.o(i.xPortSysTickHandler)
    xTaskCreate                              0x0800134d   Thumb Code    96  .\objects\tasks.o(i.xTaskCreate)
    xTaskGetSchedulerState                   0x080013ad   Thumb Code    24  .\objects\tasks.o(i.xTaskGetSchedulerState)
    xTaskIncrementTick                       0x080013cd   Thumb Code   282  .\objects\tasks.o(i.xTaskIncrementTick)
    xTaskResumeAll                           0x08001515   Thumb Code   224  .\objects\tasks.o(i.xTaskResumeAll)
    _fp_init                                 0x08001619   Thumb Code    10  e:\Keil_v5\ARM\ARMCC\Bin\..\lib\armlib\fz_wm.l(fpinit.o)(x$fpl$fpinit)
    __fplib_config_fpu_vfp                   0x08001621   Thumb Code     0  e:\Keil_v5\ARM\ARMCC\Bin\..\lib\armlib\fz_wm.l(fpinit.o)(x$fpl$fpinit)
    __fplib_config_pureend_doubles           0x08001621   Thumb Code     0  e:\Keil_v5\ARM\ARMCC\Bin\..\lib\armlib\fz_wm.l(fpinit.o)(x$fpl$fpinit)
    Region$$Table$$Base                      0x08001624   Number         0  anon$$obj.o(Region$$Table)
    Region$$Table$$Limit                     0x08001644   Number         0  anon$$obj.o(Region$$Table)
    pxCurrentTCB                             0x20000000   Data           4  .\objects\tasks.o(.data)
    SystemCoreClock                          0x20000060   Data           4  .\objects\system_stm32f4xx.o(.data)
    uwTick                                   0x20000064   Data           4  .\objects\stm32f4xx_hal_1.o(.data)
    uwTickPrio                               0x20000068   Data           4  .\objects\stm32f4xx_hal_1.o(.data)
    uwTickFreq                               0x2000006c   Data           1  .\objects\stm32f4xx_hal_1.o(.data)
    TIM_InitStruct                           0x20000070   Data          60  .\objects\main.o(.bss)
    __libspace_start                         0x20012d74   Data          96  e:\Keil_v5\ARM\ARMCC\Bin\..\lib\armlib\c_w.l(libspace.o)(.bss)
    __temporary_stack_top$libspace           0x20012dd4   Data           0  e:\Keil_v5\ARM\ARMCC\Bin\..\lib\armlib\c_w.l(libspace.o)(.bss)



==============================================================================

Memory Map of the image

  Image Entry point : 0x080002e1

  Load Region LR_1 (Base: 0x08000000, Size: 0x000016b4, Max: 0xffffffff, ABSOLUTE)

    Execution Region ER_RO (Base: 0x08000000, Size: 0x00001644, Max: 0xffffffff, ABSOLUTE)

    Base Addr    Size         Type   Attr      Idx    E Section Name        Object

    0x08000000   0x00000188   Data   RO          764    RESET               .\objects\startup_stm32f407xx.o
    0x08000188   0x00000008   Code   RO         2771  * !!!main             e:\Keil_v5\ARM\ARMCC\Bin\..\lib\armlib\c_w.l(__main.o)
    0x08000190   0x00000034   Code   RO         2942    !!!scatter          e:\Keil_v5\ARM\ARMCC\Bin\..\lib\armlib\c_w.l(__scatter.o)
    0x080001c4   0x0000001a   Code   RO         2944    !!handler_copy      e:\Keil_v5\ARM\ARMCC\Bin\..\lib\armlib\c_w.l(__scatter_copy.o)
    0x080001de   0x00000002   PAD
    0x080001e0   0x0000001c   Code   RO         2946    !!handler_zi        e:\Keil_v5\ARM\ARMCC\Bin\..\lib\armlib\c_w.l(__scatter_zi.o)
    0x080001fc   0x00000002   Code   RO         2812    .ARM.Collect$$libinit$$00000000  e:\Keil_v5\ARM\ARMCC\Bin\..\lib\armlib\c_w.l(libinit.o)
    0x080001fe   0x00000004   Code   RO         2824    .ARM.Collect$$libinit$$00000001  e:\Keil_v5\ARM\ARMCC\Bin\..\lib\armlib\c_w.l(libinit2.o)
    0x08000202   0x00000000   Code   RO         2827    .ARM.Collect$$libinit$$00000004  e:\Keil_v5\ARM\ARMCC\Bin\..\lib\armlib\c_w.l(libinit2.o)
    0x08000202   0x00000000   Code   RO         2830    .ARM.Collect$$libinit$$0000000A  e:\Keil_v5\ARM\ARMCC\Bin\..\lib\armlib\c_w.l(libinit2.o)
    0x08000202   0x00000000   Code   RO         2832    .ARM.Collect$$libinit$$0000000C  e:\Keil_v5\ARM\ARMCC\Bin\..\lib\armlib\c_w.l(libinit2.o)
    0x08000202   0x00000000   Code   RO         2834    .ARM.Collect$$libinit$$0000000E  e:\Keil_v5\ARM\ARMCC\Bin\..\lib\armlib\c_w.l(libinit2.o)
    0x08000202   0x00000000   Code   RO         2837    .ARM.Collect$$libinit$$00000011  e:\Keil_v5\ARM\ARMCC\Bin\..\lib\armlib\c_w.l(libinit2.o)
    0x08000202   0x00000000   Code   RO         2839    .ARM.Collect$$libinit$$00000013  e:\Keil_v5\ARM\ARMCC\Bin\..\lib\armlib\c_w.l(libinit2.o)
    0x08000202   0x00000000   Code   RO         2841    .ARM.Collect$$libinit$$00000015  e:\Keil_v5\ARM\ARMCC\Bin\..\lib\armlib\c_w.l(libinit2.o)
    0x08000202   0x00000000   Code   RO         2843    .ARM.Collect$$libinit$$00000017  e:\Keil_v5\ARM\ARMCC\Bin\..\lib\armlib\c_w.l(libinit2.o)
    0x08000202   0x00000000   Code   RO         2845    .ARM.Collect$$libinit$$00000019  e:\Keil_v5\ARM\ARMCC\Bin\..\lib\armlib\c_w.l(libinit2.o)
    0x08000202   0x00000000   Code   RO         2847    .ARM.Collect$$libinit$$0000001B  e:\Keil_v5\ARM\ARMCC\Bin\..\lib\armlib\c_w.l(libinit2.o)
    0x08000202   0x00000000   Code   RO         2849    .ARM.Collect$$libinit$$0000001D  e:\Keil_v5\ARM\ARMCC\Bin\..\lib\armlib\c_w.l(libinit2.o)
    0x08000202   0x00000000   Code   RO         2851    .ARM.Collect$$libinit$$0000001F  e:\Keil_v5\ARM\ARMCC\Bin\..\lib\armlib\c_w.l(libinit2.o)
    0x08000202   0x00000000   Code   RO         2853    .ARM.Collect$$libinit$$00000021  e:\Keil_v5\ARM\ARMCC\Bin\..\lib\armlib\c_w.l(libinit2.o)
    0x08000202   0x00000000   Code   RO         2855    .ARM.Collect$$libinit$$00000023  e:\Keil_v5\ARM\ARMCC\Bin\..\lib\armlib\c_w.l(libinit2.o)
    0x08000202   0x00000000   Code   RO         2857    .ARM.Collect$$libinit$$00000025  e:\Keil_v5\ARM\ARMCC\Bin\..\lib\armlib\c_w.l(libinit2.o)
    0x08000202   0x00000000   Code   RO         2861    .ARM.Collect$$libinit$$0000002C  e:\Keil_v5\ARM\ARMCC\Bin\..\lib\armlib\c_w.l(libinit2.o)
    0x08000202   0x00000000   Code   RO         2863    .ARM.Collect$$libinit$$0000002E  e:\Keil_v5\ARM\ARMCC\Bin\..\lib\armlib\c_w.l(libinit2.o)
    0x08000202   0x00000000   Code   RO         2865    .ARM.Collect$$libinit$$00000030  e:\Keil_v5\ARM\ARMCC\Bin\..\lib\armlib\c_w.l(libinit2.o)
    0x08000202   0x00000000   Code   RO         2867    .ARM.Collect$$libinit$$00000032  e:\Keil_v5\ARM\ARMCC\Bin\..\lib\armlib\c_w.l(libinit2.o)
    0x08000202   0x00000002   Code   RO         2868    .ARM.Collect$$libinit$$00000033  e:\Keil_v5\ARM\ARMCC\Bin\..\lib\armlib\c_w.l(libinit2.o)
    0x08000204   0x00000002   Code   RO         2899    .ARM.Collect$$libshutdown$$00000000  e:\Keil_v5\ARM\ARMCC\Bin\..\lib\armlib\c_w.l(libshutdown.o)
    0x08000206   0x00000000   Code   RO         2925    .ARM.Collect$$libshutdown$$00000002  e:\Keil_v5\ARM\ARMCC\Bin\..\lib\armlib\c_w.l(libshutdown2.o)
    0x08000206   0x00000000   Code   RO         2927    .ARM.Collect$$libshutdown$$00000004  e:\Keil_v5\ARM\ARMCC\Bin\..\lib\armlib\c_w.l(libshutdown2.o)
    0x08000206   0x00000000   Code   RO         2930    .ARM.Collect$$libshutdown$$00000007  e:\Keil_v5\ARM\ARMCC\Bin\..\lib\armlib\c_w.l(libshutdown2.o)
    0x08000206   0x00000000   Code   RO         2933    .ARM.Collect$$libshutdown$$0000000A  e:\Keil_v5\ARM\ARMCC\Bin\..\lib\armlib\c_w.l(libshutdown2.o)
    0x08000206   0x00000000   Code   RO         2935    .ARM.Collect$$libshutdown$$0000000C  e:\Keil_v5\ARM\ARMCC\Bin\..\lib\armlib\c_w.l(libshutdown2.o)
    0x08000206   0x00000000   Code   RO         2938    .ARM.Collect$$libshutdown$$0000000F  e:\Keil_v5\ARM\ARMCC\Bin\..\lib\armlib\c_w.l(libshutdown2.o)
    0x08000206   0x00000002   Code   RO         2939    .ARM.Collect$$libshutdown$$00000010  e:\Keil_v5\ARM\ARMCC\Bin\..\lib\armlib\c_w.l(libshutdown2.o)
    0x08000208   0x00000000   Code   RO         2773    .ARM.Collect$$rtentry$$00000000  e:\Keil_v5\ARM\ARMCC\Bin\..\lib\armlib\c_w.l(__rtentry.o)
    0x08000208   0x00000000   Code   RO         2781    .ARM.Collect$$rtentry$$00000002  e:\Keil_v5\ARM\ARMCC\Bin\..\lib\armlib\c_w.l(__rtentry2.o)
    0x08000208   0x00000006   Code   RO         2793    .ARM.Collect$$rtentry$$00000004  e:\Keil_v5\ARM\ARMCC\Bin\..\lib\armlib\c_w.l(__rtentry4.o)
    0x0800020e   0x00000000   Code   RO         2783    .ARM.Collect$$rtentry$$00000009  e:\Keil_v5\ARM\ARMCC\Bin\..\lib\armlib\c_w.l(__rtentry2.o)
    0x0800020e   0x00000004   Code   RO         2784    .ARM.Collect$$rtentry$$0000000A  e:\Keil_v5\ARM\ARMCC\Bin\..\lib\armlib\c_w.l(__rtentry2.o)
    0x08000212   0x00000000   Code   RO         2786    .ARM.Collect$$rtentry$$0000000C  e:\Keil_v5\ARM\ARMCC\Bin\..\lib\armlib\c_w.l(__rtentry2.o)
    0x08000212   0x00000008   Code   RO         2787    .ARM.Collect$$rtentry$$0000000D  e:\Keil_v5\ARM\ARMCC\Bin\..\lib\armlib\c_w.l(__rtentry2.o)
    0x0800021a   0x00000002   Code   RO         2816    .ARM.Collect$$rtexit$$00000000  e:\Keil_v5\ARM\ARMCC\Bin\..\lib\armlib\c_w.l(rtexit.o)
    0x0800021c   0x00000000   Code   RO         2872    .ARM.Collect$$rtexit$$00000002  e:\Keil_v5\ARM\ARMCC\Bin\..\lib\armlib\c_w.l(rtexit2.o)
    0x0800021c   0x00000004   Code   RO         2873    .ARM.Collect$$rtexit$$00000003  e:\Keil_v5\ARM\ARMCC\Bin\..\lib\armlib\c_w.l(rtexit2.o)
    0x08000220   0x00000006   Code   RO         2874    .ARM.Collect$$rtexit$$00000004  e:\Keil_v5\ARM\ARMCC\Bin\..\lib\armlib\c_w.l(rtexit2.o)
    0x08000226   0x00000002   PAD
    0x08000228   0x000000b6   Code   RO          685    .emb_text           .\objects\port.o
    0x080002de   0x00000002   PAD
    0x080002e0   0x00000040   Code   RO          765  * .text               .\objects\startup_stm32f407xx.o
    0x08000320   0x00000010   Code   RO         2767    .text               e:\Keil_v5\ARM\ARMCC\Bin\..\lib\armlib\c_w.l(aeabi_memset.o)
    0x08000330   0x00000006   Code   RO         2769    .text               e:\Keil_v5\ARM\ARMCC\Bin\..\lib\armlib\c_w.l(heapauxi.o)
    0x08000336   0x00000044   Code   RO         2778    .text               e:\Keil_v5\ARM\ARMCC\Bin\..\lib\armlib\c_w.l(rt_memclr.o)
    0x0800037a   0x0000004e   Code   RO         2797    .text               e:\Keil_v5\ARM\ARMCC\Bin\..\lib\armlib\c_w.l(rt_memclr_w.o)
    0x080003c8   0x0000004a   Code   RO         2799    .text               e:\Keil_v5\ARM\ARMCC\Bin\..\lib\armlib\c_w.l(sys_stackheap_outer.o)
    0x08000412   0x00000012   Code   RO         2801    .text               e:\Keil_v5\ARM\ARMCC\Bin\..\lib\armlib\c_w.l(exit.o)
    0x08000424   0x00000008   Code   RO         2813    .text               e:\Keil_v5\ARM\ARMCC\Bin\..\lib\armlib\c_w.l(libspace.o)
    0x0800042c   0x0000000c   Code   RO         2869    .text               e:\Keil_v5\ARM\ARMCC\Bin\..\lib\armlib\c_w.l(sys_exit.o)
    0x08000438   0x00000002   Code   RO         2888    .text               e:\Keil_v5\ARM\ARMCC\Bin\..\lib\armlib\c_w.l(use_no_semi.o)
    0x0800043a   0x00000000   Code   RO         2890    .text               e:\Keil_v5\ARM\ARMCC\Bin\..\lib\armlib\c_w.l(indicate_semi.o)
    0x0800043a   0x00000004   Code   RO            4    i.BusFault_Handler  .\objects\stm32f4xx_it.o
    0x0800043e   0x00000002   Code   RO            5    i.DebugMon_Handler  .\objects\stm32f4xx_it.o
    0x08000440   0x00000200   Code   RO         1123    i.HAL_GPIO_Init     .\objects\stm32f4xx_hal_gpio_1.o
    0x08000640   0x00000008   Code   RO         1126    i.HAL_GPIO_TogglePin  .\objects\stm32f4xx_hal_gpio_1.o
    0x08000648   0x00000018   Code   RO          826    i.HAL_IncTick       .\objects\stm32f4xx_hal_1.o
    0x08000660   0x0000003c   Code   RO          827    i.HAL_Init          .\objects\stm32f4xx_hal_1.o
    0x0800069c   0x0000004c   Code   RO          828    i.HAL_InitTick      .\objects\stm32f4xx_hal_1.o
    0x080006e8   0x00000002   Code   RO          830    i.HAL_MspInit       .\objects\stm32f4xx_hal_1.o
    0x080006ea   0x00000020   Code   RO          985    i.HAL_NVIC_EnableIRQ  .\objects\stm32f4xx_hal_cortex_1.o
    0x0800070a   0x0000007c   Code   RO          991    i.HAL_NVIC_SetPriority  .\objects\stm32f4xx_hal_cortex_1.o
    0x08000786   0x00000002   PAD
    0x08000788   0x00000028   Code   RO          992    i.HAL_NVIC_SetPriorityGrouping  .\objects\stm32f4xx_hal_cortex_1.o
    0x080007b0   0x00000002   Code   RO          995    i.HAL_SYSTICK_Callback  .\objects\stm32f4xx_hal_cortex_1.o
    0x080007b2   0x00000034   Code   RO          996    i.HAL_SYSTICK_Config  .\objects\stm32f4xx_hal_cortex_1.o
    0x080007e6   0x00000008   Code   RO          997    i.HAL_SYSTICK_IRQHandler  .\objects\stm32f4xx_hal_cortex_1.o
    0x080007ee   0x00000034   Code   RO         1665    i.HAL_TIM_Base_Init  .\objects\stm32f4xx_hal_tim.o
    0x08000822   0x00000002   Code   RO         1667    i.HAL_TIM_Base_MspInit  .\objects\stm32f4xx_hal_tim.o
    0x08000824   0x0000001e   Code   RO         1670    i.HAL_TIM_Base_Start_IT  .\objects\stm32f4xx_hal_tim.o
    0x08000842   0x00000004   Code   RO            6    i.HardFault_Handler  .\objects\stm32f4xx_it.o
    0x08000846   0x00000004   Code   RO            7    i.MemManage_Handler  .\objects\stm32f4xx_it.o
    0x0800084a   0x00000002   Code   RO            8    i.NMI_Handler       .\objects\stm32f4xx_it.o
    0x0800084c   0x0000000c   Code   RO            9    i.SysTick_Handler   .\objects\stm32f4xx_it.o
    0x08000858   0x00000064   Code   RO          773    i.SystemInit        .\objects\system_stm32f4xx.o
    0x080008bc   0x00000020   Code   RO           10    i.TIM2_IRQHandler   .\objects\stm32f4xx_it.o
    0x080008dc   0x000000e4   Code   RO         1749    i.TIM_Base_SetConfig  .\objects\stm32f4xx_hal_tim.o
    0x080009c0   0x00000004   Code   RO           11    i.UsageFault_Handler  .\objects\stm32f4xx_it.o
    0x080009c4   0x00000010   Code   RO          998    i.__NVIC_GetPriorityGrouping  .\objects\stm32f4xx_hal_cortex_1.o
    0x080009d4   0x00000028   Code   RO          999    i.__NVIC_SetPriority  .\objects\stm32f4xx_hal_cortex_1.o
    0x080009fc   0x0000004c   Code   RO          197    i.configureLEDs     .\objects\main.o
    0x08000a48   0x00000078   Code   RO          198    i.main              .\objects\main.o
    0x08000ac0   0x00000030   Code   RO          199    i.myTask1           .\objects\main.o
    0x08000af0   0x00000030   Code   RO          200    i.myTask2           .\objects\main.o
    0x08000b20   0x000000b8   Code   RO          300    i.prvAddNewTaskToReadyList  .\objects\tasks.o
    0x08000bd8   0x00000064   Code   RO          301    i.prvCheckTasksWaitingTermination  .\objects\tasks.o
    0x08000c3c   0x00000012   Code   RO          302    i.prvDeleteTCB      .\objects\tasks.o
    0x08000c4e   0x00000002   PAD
    0x08000c50   0x00000038   Code   RO          647    i.prvHeapInit       .\objects\heap_2.o
    0x08000c88   0x00000008   Code   RO          303    i.prvIdleTask       .\objects\tasks.o
    0x08000c90   0x000000b4   Code   RO          304    i.prvInitialiseNewTask  .\objects\tasks.o
    0x08000d44   0x00000068   Code   RO          305    i.prvInitialiseTaskLists  .\objects\tasks.o
    0x08000dac   0x00000034   Code   RO          307    i.prvResetNextTaskUnblockTime  .\objects\tasks.o
    0x08000de0   0x00000040   Code   RO          686    i.prvTaskExitError  .\objects\port.o
    0x08000e20   0x000000b8   Code   RO          648    i.pvPortMalloc      .\objects\heap_2.o
    0x08000ed8   0x0000002c   Code   RO          687    i.pxPortInitialiseStack  .\objects\port.o
    0x08000f04   0x00000028   Code   RO          248    i.uxListRemove      .\objects\list.o
    0x08000f2c   0x0000001a   Code   RO          249    i.vListInitialise   .\objects\list.o
    0x08000f46   0x00000006   Code   RO          250    i.vListInitialiseItem  .\objects\list.o
    0x08000f4c   0x00000018   Code   RO          252    i.vListInsertEnd    .\objects\list.o
    0x08000f64   0x00000054   Code   RO          689    i.vPortEnterCritical  .\objects\port.o
    0x08000fb8   0x0000003c   Code   RO          690    i.vPortExitCritical  .\objects\port.o
    0x08000ff4   0x00000040   Code   RO          649    i.vPortFree         .\objects\heap_2.o
    0x08001034   0x00000084   Code   RO          201    i.vPortSetupTimerInterrupt  .\objects\main.o
    0x080010b8   0x00000088   Code   RO          332    i.vTaskStartScheduler  .\objects\tasks.o
    0x08001140   0x00000010   Code   RO          334    i.vTaskSuspendAll   .\objects\tasks.o
    0x08001150   0x0000008c   Code   RO          335    i.vTaskSwitchContext  .\objects\tasks.o
    0x080011dc   0x0000013c   Code   RO          692    i.xPortStartScheduler  .\objects\port.o
    0x08001318   0x00000034   Code   RO          693    i.xPortSysTickHandler  .\objects\port.o
    0x0800134c   0x00000060   Code   RO          337    i.xTaskCreate       .\objects\tasks.o
    0x080013ac   0x00000020   Code   RO          341    i.xTaskGetSchedulerState  .\objects\tasks.o
    0x080013cc   0x00000148   Code   RO          344    i.xTaskIncrementTick  .\objects\tasks.o
    0x08001514   0x00000104   Code   RO          350    i.xTaskResumeAll    .\objects\tasks.o
    0x08001618   0x0000000a   Code   RO         2884    x$fpl$fpinit        e:\Keil_v5\ARM\ARMCC\Bin\..\lib\armlib\fz_wm.l(fpinit.o)
    0x08001622   0x00000002   PAD
    0x08001624   0x00000020   Data   RO         2940    Region$$Table       anon$$obj.o


    Execution Region ER_RW (Base: 0x20000000, Size: 0x00000070, Max: 0xffffffff, ABSOLUTE)

    Base Addr    Size         Type   Attr      Idx    E Section Name        Object

    0x20000000   0x0000003c   Data   RW          353    .data               .\objects\tasks.o
    0x2000003c   0x00000018   Data   RW          653    .data               .\objects\heap_2.o
    0x20000054   0x0000000c   Data   RW          694    .data               .\objects\port.o
    0x20000060   0x00000004   Data   RW          775    .data               .\objects\system_stm32f4xx.o
    0x20000064   0x00000009   Data   RW          834    .data               .\objects\stm32f4xx_hal_1.o


    Execution Region ER_ZI (Base: 0x20000070, Size: 0x00013368, Max: 0xffffffff, ABSOLUTE)

    Base Addr    Size         Type   Attr      Idx    E Section Name        Object

    0x20000070   0x0000003c   Zero   RW          202    .bss                .\objects\main.o
    0x200000ac   0x000000c8   Zero   RW          352    .bss                .\objects\tasks.o
    0x20000174   0x00012c00   Zero   RW          652    .bss                .\objects\heap_2.o
    0x20012d74   0x00000060   Zero   RW         2814    .bss                e:\Keil_v5\ARM\ARMCC\Bin\..\lib\armlib\c_w.l(libspace.o)
    0x20012dd4   0x00000004   PAD
    0x20012dd8   0x00000200   Zero   RW          763    HEAP                .\objects\startup_stm32f407xx.o
    0x20012fd8   0x00000400   Zero   RW          762    STACK               .\objects\startup_stm32f407xx.o


==============================================================================

Image component sizes


      Code (inc. data)   RO Data    RW Data    ZI Data      Debug   Object Name

       304         46          0         24      76800       3843   .\objects\heap_2.o
        96          0          0          0          0       4232   .\objects\list.o
       424         76          0          0         60      33786   .\objects\main.o
       802         72          0         12          0      10397   .\objects\port.o
        64         26        392          0       1536        900   .\objects\startup_stm32f407xx.o
       162         26          0          9          0       4129   .\objects\stm32f4xx_hal_1.o
       314         22          0          0          0      35627   .\objects\stm32f4xx_hal_cortex_1.o
       520         46          0          0          0       2437   .\objects\stm32f4xx_hal_gpio_1.o
       312         44          0          0          0       3304   .\objects\stm32f4xx_hal_tim.o
        64          6          0          0          0     615429   .\objects\stm32f4xx_it.o
       100         18          0          4          0       1399   .\objects\system_stm32f4xx.o
      1654        230          0         60        200      22509   .\objects\tasks.o

    ----------------------------------------------------------------------
      4822        612        424        112      78596     737992   Object Totals
         0          0         32          0          0          0   (incl. Generated)
         6          0          0          3          0          0   (incl. Padding)

    ----------------------------------------------------------------------

      Code (inc. data)   RO Data    RW Data    ZI Data      Debug   Library Member Name

         8          0          0          0          0         68   e:\Keil_v5\ARM\ARMCC\Bin\..\lib\armlib\c_w.l(__main.o)
         0          0          0          0          0          0   e:\Keil_v5\ARM\ARMCC\Bin\..\lib\armlib\c_w.l(__rtentry.o)
        12          0          0          0          0          0   e:\Keil_v5\ARM\ARMCC\Bin\..\lib\armlib\c_w.l(__rtentry2.o)
         6          0          0          0          0          0   e:\Keil_v5\ARM\ARMCC\Bin\..\lib\armlib\c_w.l(__rtentry4.o)
        52          8          0          0          0          0   e:\Keil_v5\ARM\ARMCC\Bin\..\lib\armlib\c_w.l(__scatter.o)
        26          0          0          0          0          0   e:\Keil_v5\ARM\ARMCC\Bin\..\lib\armlib\c_w.l(__scatter_copy.o)
        28          0          0          0          0          0   e:\Keil_v5\ARM\ARMCC\Bin\..\lib\armlib\c_w.l(__scatter_zi.o)
        16          0          0          0          0         68   e:\Keil_v5\ARM\ARMCC\Bin\..\lib\armlib\c_w.l(aeabi_memset.o)
        18          0          0          0          0         80   e:\Keil_v5\ARM\ARMCC\Bin\..\lib\armlib\c_w.l(exit.o)
         6          0          0          0          0        152   e:\Keil_v5\ARM\ARMCC\Bin\..\lib\armlib\c_w.l(heapauxi.o)
         0          0          0          0          0          0   e:\Keil_v5\ARM\ARMCC\Bin\..\lib\armlib\c_w.l(indicate_semi.o)
         2          0          0          0          0          0   e:\Keil_v5\ARM\ARMCC\Bin\..\lib\armlib\c_w.l(libinit.o)
         6          0          0          0          0          0   e:\Keil_v5\ARM\ARMCC\Bin\..\lib\armlib\c_w.l(libinit2.o)
         2          0          0          0          0          0   e:\Keil_v5\ARM\ARMCC\Bin\..\lib\armlib\c_w.l(libshutdown.o)
         2          0          0          0          0          0   e:\Keil_v5\ARM\ARMCC\Bin\..\lib\armlib\c_w.l(libshutdown2.o)
         8          4          0          0         96         68   e:\Keil_v5\ARM\ARMCC\Bin\..\lib\armlib\c_w.l(libspace.o)
        68          0          0          0          0         68   e:\Keil_v5\ARM\ARMCC\Bin\..\lib\armlib\c_w.l(rt_memclr.o)
        78          0          0          0          0         80   e:\Keil_v5\ARM\ARMCC\Bin\..\lib\armlib\c_w.l(rt_memclr_w.o)
         2          0          0          0          0          0   e:\Keil_v5\ARM\ARMCC\Bin\..\lib\armlib\c_w.l(rtexit.o)
        10          0          0          0          0          0   e:\Keil_v5\ARM\ARMCC\Bin\..\lib\armlib\c_w.l(rtexit2.o)
        12          4          0          0          0         68   e:\Keil_v5\ARM\ARMCC\Bin\..\lib\armlib\c_w.l(sys_exit.o)
        74          0          0          0          0         80   e:\Keil_v5\ARM\ARMCC\Bin\..\lib\armlib\c_w.l(sys_stackheap_outer.o)
         2          0          0          0          0         68   e:\Keil_v5\ARM\ARMCC\Bin\..\lib\armlib\c_w.l(use_no_semi.o)
        10          0          0          0          0        116   e:\Keil_v5\ARM\ARMCC\Bin\..\lib\armlib\fz_wm.l(fpinit.o)

    ----------------------------------------------------------------------
       454         16          0          0        100        916   Library Totals
         6          0          0          0          4          0   (incl. Padding)

    ----------------------------------------------------------------------

      Code (inc. data)   RO Data    RW Data    ZI Data      Debug   Library Name

       438         16          0          0         96        800   e:\Keil_v5\ARM\ARMCC\Bin\..\lib\armlib\c_w.l
        10          0          0          0          0        116   e:\Keil_v5\ARM\ARMCC\Bin\..\lib\armlib\fz_wm.l

    ----------------------------------------------------------------------
       454         16          0          0        100        916   Library Totals

    ----------------------------------------------------------------------

==============================================================================


      Code (inc. data)   RO Data    RW Data    ZI Data      Debug   

      5276        628        424        112      78696     733096   Grand Totals
      5276        628        424        112      78696     733096   ELF Image Totals
      5276        628        424        112          0          0   ROM Totals

==============================================================================

    Total RO  Size (Code + RO Data)                 5700 (   5.57kB)
    Total RW  Size (RW Data + ZI Data)             78808 (  76.96kB)
    Total ROM Size (Code + RO Data + RW Data)       5812 (   5.68kB)

==============================================================================

