Component: ARM Compiler 5.06 update 4 (build 422) Tool: armlink [4d35d2]

==============================================================================

Section Cross References

    .\objects\stm32f4xx_it.o(i.SysTick_Handler) refers to .\objects\stm32f4xx_hal.o(i.HAL_IncTick) for HAL_IncTick
    .\objects\stm32f4xx_it.o(i.SysTick_Handler) refers to .\objects\stm32f4xx_hal_cortex.o(i.HAL_SYSTICK_IRQHandler) for HAL_SYSTICK_IRQHandler
    .\objects\stm32f4xx_it.o(i.TIM2_IRQHandler) refers to .\objects\port.o(i.xPortSysTickHandler) for xPortSysTickHandler
    .\objects\stm32f4xx_it.o(i.TIM2_IRQHandler) refers to .\objects\main.o(.bss) for TIM_InitStruct
    .\objects\main.o(i.configureLEDs) refers to .\objects\stm32f4xx_hal_gpio.o(i.HAL_GPIO_Init) for HAL_GPIO_Init
    .\objects\main.o(i.main) refers to .\objects\stm32f4xx_hal.o(i.HAL_Init) for HAL_Init
    .\objects\main.o(i.main) refers to .\objects\main.o(i.configureLEDs) for configureLEDs
    .\objects\main.o(i.main) refers to .\objects\tasks.o(i.xTaskCreate) for xTaskCreate
    .\objects\main.o(i.main) refers to .\objects\tasks.o(i.vTaskStartScheduler) for vTaskStartScheduler
    .\objects\main.o(i.main) refers to .\objects\tasks.o(i.xTaskGetSchedulerState) for xTaskGetSchedulerState
    .\objects\main.o(i.main) refers to .\objects\main.o(i.myTask1) for myTask1
    .\objects\main.o(i.main) refers to .\objects\main.o(i.myTask2) for myTask2
    .\objects\main.o(i.myTask1) refers to .\objects\stm32f4xx_hal_gpio.o(i.HAL_GPIO_TogglePin) for HAL_GPIO_TogglePin
    .\objects\main.o(i.myTask2) refers to .\objects\stm32f4xx_hal_gpio.o(i.HAL_GPIO_TogglePin) for HAL_GPIO_TogglePin
    .\objects\main.o(i.vPortSetupTimerInterrupt) refers to .\objects\stm32f4xx_hal_tim.o(i.HAL_TIM_Base_Init) for HAL_TIM_Base_Init
    .\objects\main.o(i.vPortSetupTimerInterrupt) refers to .\objects\stm32f4xx_hal_cortex.o(i.HAL_NVIC_EnableIRQ) for HAL_NVIC_EnableIRQ
    .\objects\main.o(i.vPortSetupTimerInterrupt) refers to .\objects\stm32f4xx_hal_tim.o(i.HAL_TIM_Base_Start_IT) for HAL_TIM_Base_Start_IT
    .\objects\main.o(i.vPortSetupTimerInterrupt) refers to .\objects\main.o(.bss) for TIM_InitStruct
    .\objects\stm32f4xx_hal_gpio.o(i.HAL_GPIO_EXTI_IRQHandler) refers to .\objects\stm32f4xx_hal_gpio.o(i.HAL_GPIO_EXTI_Callback) for HAL_GPIO_EXTI_Callback
    .\objects\stm32f4xx_hal_cortex.o(i.HAL_NVIC_GetPriorityGrouping) refers to .\objects\stm32f4xx_hal_cortex.o(i.NVIC_GetPriorityGrouping) for NVIC_GetPriorityGrouping
    .\objects\stm32f4xx_hal_cortex.o(i.HAL_NVIC_SetPriority) refers to .\objects\stm32f4xx_hal_cortex.o(i.NVIC_GetPriorityGrouping) for NVIC_GetPriorityGrouping
    .\objects\stm32f4xx_hal_cortex.o(i.HAL_NVIC_SetPriority) refers to .\objects\stm32f4xx_hal_cortex.o(i.NVIC_SetPriority) for NVIC_SetPriority
    .\objects\stm32f4xx_hal_cortex.o(i.HAL_SYSTICK_Config) refers to .\objects\stm32f4xx_hal_cortex.o(i.NVIC_SetPriority) for NVIC_SetPriority
    .\objects\stm32f4xx_hal_cortex.o(i.HAL_SYSTICK_IRQHandler) refers to .\objects\stm32f4xx_hal_cortex.o(i.HAL_SYSTICK_Callback) for HAL_SYSTICK_Callback
    .\objects\stm32f4xx_hal.o(i.HAL_DeInit) refers to .\objects\stm32f4xx_hal.o(i.HAL_MspDeInit) for HAL_MspDeInit
    .\objects\stm32f4xx_hal.o(i.HAL_Delay) refers to .\objects\stm32f4xx_hal.o(i.HAL_GetTick) for HAL_GetTick
    .\objects\stm32f4xx_hal.o(i.HAL_Delay) refers to .\objects\stm32f4xx_hal.o(.data) for uwTickFreq
    .\objects\stm32f4xx_hal.o(i.HAL_GetTick) refers to .\objects\stm32f4xx_hal.o(.data) for uwTick
    .\objects\stm32f4xx_hal.o(i.HAL_GetTickFreq) refers to .\objects\stm32f4xx_hal.o(.data) for uwTickFreq
    .\objects\stm32f4xx_hal.o(i.HAL_GetTickPrio) refers to .\objects\stm32f4xx_hal.o(.data) for uwTickPrio
    .\objects\stm32f4xx_hal.o(i.HAL_IncTick) refers to .\objects\stm32f4xx_hal.o(.data) for uwTick
    .\objects\stm32f4xx_hal.o(i.HAL_Init) refers to .\objects\stm32f4xx_hal_cortex.o(i.HAL_NVIC_SetPriorityGrouping) for HAL_NVIC_SetPriorityGrouping
    .\objects\stm32f4xx_hal.o(i.HAL_Init) refers to .\objects\stm32f4xx_hal.o(i.HAL_InitTick) for HAL_InitTick
    .\objects\stm32f4xx_hal.o(i.HAL_Init) refers to .\objects\stm32f4xx_hal.o(i.HAL_MspInit) for HAL_MspInit
    .\objects\stm32f4xx_hal.o(i.HAL_InitTick) refers to .\objects\stm32f4xx_hal_cortex.o(i.HAL_SYSTICK_Config) for HAL_SYSTICK_Config
    .\objects\stm32f4xx_hal.o(i.HAL_InitTick) refers to .\objects\stm32f4xx_hal_cortex.o(i.HAL_NVIC_SetPriority) for HAL_NVIC_SetPriority
    .\objects\stm32f4xx_hal.o(i.HAL_InitTick) refers to .\objects\stm32f4xx_hal.o(.data) for uwTickFreq
    .\objects\stm32f4xx_hal.o(i.HAL_InitTick) refers to .\objects\system_stm32f4xx.o(.data) for SystemCoreClock
    .\objects\stm32f4xx_hal.o(i.HAL_SetTickFreq) refers to .\objects\stm32f4xx_hal.o(i.HAL_InitTick) for HAL_InitTick
    .\objects\stm32f4xx_hal.o(i.HAL_SetTickFreq) refers to .\objects\stm32f4xx_hal.o(.data) for uwTickFreq
[...]
    Removing .\objects\stm32f4xx_hal_tim_ex.o(i.HAL_TIMEx_HallSensor_Stop_IT), (68 bytes).
    Removing .\objects\stm32f4xx_hal_tim_ex.o(i.HAL_TIMEx_MasterConfigSynchronization), (98 bytes).
    Removing .\objects\stm32f4xx_hal_tim_ex.o(i.HAL_TIMEx_OCN_Start), (44 bytes).
    Removing .\objects\stm32f4xx_hal_tim_ex.o(i.HAL_TIMEx_OCN_Start_DMA), (280 bytes).
    Removing .\objects\stm32f4xx_hal_tim_ex.o(i.HAL_TIMEx_OCN_Start_IT), (132 bytes).
    Removing .\objects\stm32f4xx_hal_tim_ex.o(i.HAL_TIMEx_OCN_Stop), (96 bytes).
    Removing .\objects\stm32f4xx_hal_tim_ex.o(i.HAL_TIMEx_OCN_Stop_DMA), (178 bytes).
    Removing .\objects\stm32f4xx_hal_tim_ex.o(i.HAL_TIMEx_OCN_Stop_IT), (196 bytes).
    Removing .\objects\stm32f4xx_hal_tim_ex.o(i.HAL_TIMEx_OnePulseN_Start), (32 bytes).
    Removing .\objects\stm32f4xx_hal_tim_ex.o(i.HAL_TIMEx_OnePulseN_Start_IT), (56 bytes).
    Removing .\objects\stm32f4xx_hal_tim_ex.o(i.HAL_TIMEx_OnePulseN_Stop), (96 bytes).
    Removing .\objects\stm32f4xx_hal_tim_ex.o(i.HAL_TIMEx_OnePulseN_Stop_IT), (120 bytes).
    Removing .\objects\stm32f4xx_hal_tim_ex.o(i.HAL_TIMEx_PWMN_Start), (44 bytes).
    Removing .\objects\stm32f4xx_hal_tim_ex.o(i.HAL_TIMEx_PWMN_Start_DMA), (280 bytes).
    Removing .\objects\stm32f4xx_hal_tim_ex.o(i.HAL_TIMEx_PWMN_Start_IT), (132 bytes).
    Removing .\objects\stm32f4xx_hal_tim_ex.o(i.HAL_TIMEx_PWMN_Stop), (96 bytes).
    Removing .\objects\stm32f4xx_hal_tim_ex.o(i.HAL_TIMEx_PWMN_Stop_DMA), (178 bytes).
    Removing .\objects\stm32f4xx_hal_tim_ex.o(i.HAL_TIMEx_PWMN_Stop_IT), (196 bytes).
    Removing .\objects\stm32f4xx_hal_tim_ex.o(i.HAL_TIMEx_RemapConfig), (48 bytes).
    Removing .\objects\stm32f4xx_hal_tim_ex.o(i.TIMEx_DMACommutationCplt), (20 bytes).
    Removing .\objects\stm32f4xx_hal_tim_ex.o(i.TIM_CCxNChannelCmd), (28 bytes).
    Removing .\objects\stm32f4xx_hal_dma.o(.rev16_text), (4 bytes).
    Removing .\objects\stm32f4xx_hal_dma.o(.revsh_text), (4 bytes).
    Removing .\objects\stm32f4xx_hal_dma.o(.rrx_text), (6 bytes).
    Removing .\objects\stm32f4xx_hal_dma.o(i.DMA_CalcBaseAndBitshift), (52 bytes).
    Removing .\objects\stm32f4xx_hal_dma.o(i.DMA_CheckFifoParam), (170 bytes).
    Removing .\objects\stm32f4xx_hal_dma.o(i.DMA_SetConfig), (44 bytes).
    Removing .\objects\stm32f4xx_hal_dma.o(i.HAL_DMA_Abort), (170 bytes).
    Removing .\objects\stm32f4xx_hal_dma.o(i.HAL_DMA_Abort_IT), (40 bytes).
    Removing .\objects\stm32f4xx_hal_dma.o(i.HAL_DMA_DeInit), (98 bytes).
    Removing .\objects\stm32f4xx_hal_dma.o(i.HAL_DMA_GetError), (6 bytes).
    Removing .\objects\stm32f4xx_hal_dma.o(i.HAL_DMA_GetState), (8 bytes).
    Removing .\objects\stm32f4xx_hal_dma.o(i.HAL_DMA_IRQHandler), (576 bytes).
    Removing .\objects\stm32f4xx_hal_dma.o(i.HAL_DMA_Init), (236 bytes).
    Removing .\objects\stm32f4xx_hal_dma.o(i.HAL_DMA_PollForTransfer), (346 bytes).
    Removing .\objects\stm32f4xx_hal_dma.o(i.HAL_DMA_RegisterCallback), (94 bytes).
    Removing .\objects\stm32f4xx_hal_dma.o(i.HAL_DMA_Start), (102 bytes).
    Removing .\objects\stm32f4xx_hal_dma.o(i.HAL_DMA_Start_IT), (158 bytes).
    Removing .\objects\stm32f4xx_hal_dma.o(i.HAL_DMA_UnRegisterCallback), (124 bytes).
    Removing .\objects\stm32f4xx_hal_dma.o(.constdata), (8 bytes).
    Removing .\objects\stm32f4xx_hal_dma_ex.o(.rev16_text), (4 bytes).
    Removing .\objects\stm32f4xx_hal_dma_ex.o(.revsh_text), (4 bytes).
    Removing .\objects\stm32f4xx_hal_dma_ex.o(.rrx_text), (6 bytes).
    Removing .\objects\stm32f4xx_hal_dma_ex.o(i.DMA_MultiBufferSetConfig), (32 bytes).
    Removing .\objects\stm32f4xx_hal_dma_ex.o(i.HAL_DMAEx_ChangeMemory), (18 bytes).
    Removing .\objects\stm32f4xx_hal_dma_ex.o(i.HAL_DMAEx_MultiBufferStart), (124 bytes).
    Removing .\objects\stm32f4xx_hal_dma_ex.o(i.HAL_DMAEx_MultiBufferStart_IT), (4056 bytes).
    Removing .\objects\list.o(i.vListInsert), (52 bytes).
    Removing .\objects\tasks.o(i.eTaskGetState), (132 bytes).
    Removing .\objects\tasks.o(i.pcTaskGetName), (48 bytes).
    Removing .\objects\tasks.o(i.prvAddCurrentTaskToDelayedList), (152 bytes).
    Removing .\objects\tasks.o(i.prvListTasksWithinSingleList), (106 bytes).
    Removing .\objects\tasks.o(i.prvTaskCheckFreeStackSpace), (22 bytes).
    Removing .\objects\tasks.o(i.prvTaskIsTaskSuspended), (88 bytes).
    Removing .\objects\tasks.o(i.pvTaskIncrementMutexHeldCount), (32 bytes).
    Removing .\objects\tasks.o(i.ulTaskNotifyTake), (116 bytes).
    Removing .\objects\tasks.o(i.uxTaskGetNumberOfTasks), (12 bytes).
    Removing .\objects\tasks.o(i.uxTaskGetSystemState), (176 bytes).
    Removing .\objects\tasks.o(i.uxTaskGetTaskNumber), (14 bytes).
    Removing .\objects\tasks.o(i.uxTaskPriorityGet), (36 bytes).
    Removing .\objects\tasks.o(i.uxTaskPriorityGetFromISR), (68 bytes).
    Removing .\objects\tasks.o(i.uxTaskResetEventItemValue), (28 bytes).
    Removing .\objects\tasks.o(i.vTaskDelay), (92 bytes).
    Removing .\objects\tasks.o(i.vTaskDelayUntil), (212 bytes).
    Removing .\objects\tasks.o(i.vTaskDelete), (244 bytes).
    Removing .\objects\tasks.o(i.vTaskEndScheduler), (36 bytes).
    Removing .\objects\tasks.o(i.vTaskGetInfo), (120 bytes).
    Removing .\objects\tasks.o(i.vTaskMissedYield), (12 bytes).
    Removing .\objects\tasks.o(i.vTaskNotifyGiveFromISR), (240 bytes).
    Removing .\objects\tasks.o(i.vTaskPlaceOnEventList), (56 bytes).
    Removing .\objects\tasks.o(i.vTaskPlaceOnUnorderedEventList), (108 bytes).
    Removing .\objects\tasks.o(i.vTaskPriorityInherit), (176 bytes).
    Removing .\objects\tasks.o(i.vTaskPrioritySet), (276 bytes).
    Removing .\objects\tasks.o(i.vTaskResume), (144 bytes).
    Removing .\objects\tasks.o(i.vTaskSetTaskNumber), (8 bytes).
    Removing .\objects\tasks.o(i.vTaskSetTimeOutState), (48 bytes).
    Removing .\objects\tasks.o(i.vTaskSuspend), (228 bytes).
    Removing .\objects\tasks.o(i.xTaskCheckForTimeOut), (140 bytes).
    Removing .\objects\tasks.o(i.xTaskGenericNotify), (260 bytes).
    Removing .\objects\tasks.o(i.xTaskGenericNotifyFromISR), (324 bytes).
    Removing .\objects\tasks.o(i.xTaskGetCurrentTaskHandle), (12 bytes).
    Removing .\objects\tasks.o(i.xTaskGetTickCount), (12 bytes).
    Removing .\objects\tasks.o(i.xTaskGetTickCountFromISR), (20 bytes).
    Removing .\objects\tasks.o(i.xTaskNotifyStateClear), (52 bytes).
    Removing .\objects\tasks.o(i.xTaskNotifyWait), (160 bytes).
    Removing .\objects\tasks.o(i.xTaskPriorityDisinherit), (200 bytes).
    Removing .\objects\tasks.o(i.xTaskRemoveFromEventList), (152 bytes).
    Removing .\objects\tasks.o(i.xTaskRemoveFromUnorderedEventList), (176 bytes).
    Removing .\objects\tasks.o(i.xTaskResumeFromISR), (180 bytes).
    Removing .\objects\heap_2.o(i.vPortInitialiseBlocks), (2 bytes).
    Removing .\objects\heap_2.o(i.xPortGetFreeHeapSize), (12 bytes).
    Removing .\objects\port.o(i.vPortEndScheduler), (48 bytes).
    Removing .\objects\port.o(i.vPortValidateInterruptPriority), (120 bytes).
    Removing .\objects\system_stm32f4xx.o(.rev16_text), (4 bytes).
    Removing .\objects\system_stm32f4xx.o(.revsh_text), (4 bytes).
    Removing .\objects\system_stm32f4xx.o(.rrx_text), (6 bytes).
    Removing .\objects\system_stm32f4xx.o(i.SystemCoreClockUpdate), (192 bytes).
    Removing .\objects\system_stm32f4xx.o(.constdata), (24 bytes).

276 unused section(s) (total 26862 bytes) removed from the image.

==============================================================================

Image Symbol Table

    Local Symbols

    Symbol Name                              Value     Ov Type        Size  Object(Section)

    ../clib/angel/boardlib.s                 0x00000000   Number         0  e:\Keil_v5\ARM\ARMCC\Bin\..\lib\armlib\c_w.l(boardshut.o) ABSOLUTE
    ../clib/angel/boardlib.s                 0x00000000   Number         0  e:\Keil_v5\ARM\ARMCC\Bin\..\lib\armlib\c_w.l(boardinit3.o) ABSOLUTE
    ../clib/angel/boardlib.s                 0x00000000   Number         0  e:\Keil_v5\ARM\ARMCC\Bin\..\lib\armlib\c_w.l(boardinit2.o) ABSOLUTE
    ../clib/angel/boardlib.s                 0x00000000   Number         0  e:\Keil_v5\ARM\ARMCC\Bin\..\lib\armlib\c_w.l(boardinit1.o) ABSOLUTE
    ../clib/angel/handlers.s                 0x00000000   Number         0  e:\Keil_v5\ARM\ARMCC\Bin\..\lib\armlib\c_w.l(__scatter_zi.o) ABSOLUTE
    ../clib/angel/handlers.s                 0x00000000   Number         0  e:\Keil_v5\ARM\ARMCC\Bin\..\lib\armlib\c_w.l(__scatter_copy.o) ABSOLUTE
    ../clib/angel/kernel.s                   0x00000000   Number         0  e:\Keil_v5\ARM\ARMCC\Bin\..\lib\armlib\c_w.l(__rtentry4.o) ABSOLUTE
    ../clib/angel/kernel.s                   0x00000000   Number         0  e:\Keil_v5\ARM\ARMCC\Bin\..\lib\armlib\c_w.l(rtexit.o) ABSOLUTE
    ../clib/angel/kernel.s                   0x00000000   Number         0  e:\Keil_v5\ARM\ARMCC\Bin\..\lib\armlib\c_w.l(__rtentry.o) ABSOLUTE
    ../clib/angel/kernel.s                   0x00000000   Number         0  e:\Keil_v5\ARM\ARMCC\Bin\..\lib\armlib\c_w.l(__rtentry2.o) ABSOLUTE
    ../clib/angel/kernel.s                   0x00000000   Number         0  e:\Keil_v5\ARM\ARMCC\Bin\..\lib\armlib\c_w.l(rtexit2.o) ABSOLUTE
    ../clib/angel/rt.s                       0x00000000   Number         0  e:\Keil_v5\ARM\ARMCC\Bin\..\lib\armlib\c_w.l(rt_raise.o) ABSOLUTE
    ../clib/angel/scatter.s                  0x00000000   Number         0  e:\Keil_v5\ARM\ARMCC\Bin\..\lib\armlib\c_w.l(__scatter.o) ABSOLUTE
    ../clib/angel/startup.s                  0x00000000   Number         0  e:\Keil_v5\ARM\ARMCC\Bin\..\lib\armlib\c_w.l(__main.o) ABSOLUTE
    ../clib/angel/sys.s                      0x00000000   Number         0  e:\Keil_v5\ARM\ARMCC\Bin\..\lib\armlib\c_w.l(sys_stackheap_outer.o) ABSOLUTE
    ../clib/angel/sys.s                      0x00000000   Number         0  e:\Keil_v5\ARM\ARMCC\Bin\..\lib\armlib\c_w.l(indicate_semi.o) ABSOLUTE
    ../clib/angel/sys.s                      0x00000000   Number         0  e:\Keil_v5\ARM\ARMCC\Bin\..\lib\armlib\c_w.l(libspace.o) ABSOLUTE
    ../clib/angel/sys.s                      0x00000000   Number         0  e:\Keil_v5\ARM\ARMCC\Bin\..\lib\armlib\c_w.l(use_no_semi.o) ABSOLUTE
    ../clib/angel/sysapp.c                   0x00000000   Number         0  e:\Keil_v5\ARM\ARMCC\Bin\..\lib\armlib\c_w.l(sys_exit.o) ABSOLUTE
    ../clib/angel/sysapp.c                   0x00000000   Number         0  e:\Keil_v5\ARM\ARMCC\Bin\..\lib\armlib\c_w.l(sys_command.o) ABSOLUTE
    ../clib/angel/sysapp.c                   0x00000000   Number         0  e:\Keil_v5\ARM\ARMCC\Bin\..\lib\armlib\c_w.l(sys_wrch.o) ABSOLUTE
    ../clib/armsys.c                         0x00000000   Number         0  e:\Keil_v5\ARM\ARMCC\Bin\..\lib\armlib\c_w.l(no_argv.o) ABSOLUTE
    ../clib/armsys.c                         0x00000000   Number         0  e:\Keil_v5\ARM\ARMCC\Bin\..\lib\armlib\c_w.l(argv_veneer.o) ABSOLUTE
    ../clib/armsys.c                         0x00000000   Number         0  e:\Keil_v5\ARM\ARMCC\Bin\..\lib\armlib\c_w.l(argv_veneer.o) ABSOLUTE
    ../clib/armsys.c                         0x00000000   Number         0  e:\Keil_v5\ARM\ARMCC\Bin\..\lib\armlib\c_w.l(_get_argv_nomalloc.o) ABSOLUTE
    ../clib/heapalloc.c                      0x00000000   Number         0  e:\Keil_v5\ARM\ARMCC\Bin\..\lib\armlib\c_w.l(hrguard.o) ABSOLUTE
    ../clib/heapaux.c                        0x00000000   Number         0  e:\Keil_v5\ARM\ARMCC\Bin\..\lib\armlib\c_w.l(heapauxi.o) ABSOLUTE
    ../clib/libinit.s                        0x00000000   Number         0  e:\Keil_v5\ARM\ARMCC\Bin\..\lib\armlib\c_w.l(libshutdown2.o) ABSOLUTE
    ../clib/libinit.s                        0x00000000   Number         0  e:\Keil_v5\ARM\ARMCC\Bin\..\lib\armlib\c_w.l(libshutdown.o) ABSOLUTE
    ../clib/libinit.s                        0x00000000   Number         0  e:\Keil_v5\ARM\ARMCC\Bin\..\lib\armlib\c_w.l(libinit2.o) ABSOLUTE
    ../clib/libinit.s                        0x00000000   Number         0  e:\Keil_v5\ARM\ARMCC\Bin\..\lib\armlib\c_w.l(libinit.o) ABSOLUTE
    ../clib/memcpset.s                       0x00000000   Number         0  e:\Keil_v5\ARM\ARMCC\Bin\..\lib\armlib\c_w.l(aeabi_memset.o) ABSOLUTE
    ../clib/memcpset.s                       0x00000000   Number         0  e:\Keil_v5\ARM\ARMCC\Bin\..\lib\armlib\c_w.l(rt_memclr_w.o) ABSOLUTE
    ../clib/memcpset.s                       0x00000000   Number         0  e:\Keil_v5\ARM\ARMCC\Bin\..\lib\armlib\c_w.l(rt_memclr.o) ABSOLUTE
    ../clib/signal.c                         0x00000000   Number         0  e:\Keil_v5\ARM\ARMCC\Bin\..\lib\armlib\c_w.l(defsig_abrt_inner.o) ABSOLUTE
    ../clib/signal.c                         0x00000000   Number         0  e:\Keil_v5\ARM\ARMCC\Bin\..\lib\armlib\c_w.l(defsig_general.o) ABSOLUTE
    ../clib/signal.c                         0x00000000   Number         0  e:\Keil_v5\ARM\ARMCC\Bin\..\lib\armlib\c_w.l(__raise.o) ABSOLUTE
    ../clib/signal.c                         0x00000000   Number         0  e:\Keil_v5\ARM\ARMCC\Bin\..\lib\armlib\c_w.l(defsig_rtmem_inner.o) ABSOLUTE
    ../clib/signal.c                         0x00000000   Number         0  e:\Keil_v5\ARM\ARMCC\Bin\..\lib\armlib\c_w.l(defsig_cppl_inner.o) ABSOLUTE
    ../clib/signal.c                         0x00000000   Number         0  e:\Keil_v5\ARM\ARMCC\Bin\..\lib\armlib\c_w.l(defsig_rtmem_formal.o) ABSOLUTE
    ../clib/signal.c                         0x00000000   Number         0  e:\Keil_v5\ARM\ARMCC\Bin\..\lib\armlib\c_w.l(defsig_rtmem_outer.o) ABSOLUTE
    ../clib/signal.c                         0x00000000   Number         0  e:\Keil_v5\ARM\ARMCC\Bin\..\lib\armlib\c_w.l(defsig_exit.o) ABSOLUTE
    ../clib/signal.c                         0x00000000   Number         0  e:\Keil_v5\ARM\ARMCC\Bin\..\lib\armlib\c_w.l(defsig_other.o) ABSOLUTE
    ../clib/signal.c                         0x00000000   Number         0  e:\Keil_v5\ARM\ARMCC\Bin\..\lib\armlib\c_w.l(defsig_segv_inner.o) ABSOLUTE
    ../clib/signal.c                         0x00000000   Number         0  e:\Keil_v5\ARM\ARMCC\Bin\..\lib\armlib\c_w.l(defsig_pvfn_inner.o) ABSOLUTE
    ../clib/signal.c                         0x00000000   Number         0  e:\Keil_v5\ARM\ARMCC\Bin\..\lib\armlib\c_w.l(defsig_stak_inner.o) ABSOLUTE
    ../clib/signal.c                         0x00000000   Number         0  e:\Keil_v5\ARM\ARMCC\Bin\..\lib\armlib\c_w.l(defsig_rtred_inner.o) ABSOLUTE
    ../clib/signal.c                         0x00000000   Number         0  e:\Keil_v5\ARM\ARMCC\Bin\..\lib\armlib\c_w.l(defsig_fpe_inner.o) ABSOLUTE
    ../clib/signal.s                         0x00000000   Number         0  e:\Keil_v5\ARM\ARMCC\Bin\..\lib\armlib\c_w.l(defsig.o) ABSOLUTE
    ../clib/stdlib.c                         0x00000000   Number         0  e:\Keil_v5\ARM\ARMCC\Bin\..\lib\armlib\c_w.l(exit.o) ABSOLUTE
    ../fplib/fpinit.s                        0x00000000   Number         0  e:\Keil_v5\ARM\ARMCC\Bin\..\lib\armlib\fz_wm.l(fpinit.o) ABSOLUTE
    ..\FreeRTOS-Source\list.c                0x00000000   Number         0  .\objects\list.o ABSOLUTE
    ..\FreeRTOS-Source\portable\MemMang\heap_2.c 0x00000000   Number         0  .\objects\heap_2.o ABSOLUTE
    ..\FreeRTOS-Source\portable\RVDS\ARM_CM4F\port.c 0x00000000   Number         0  .\objects\port.o ABSOLUTE
    ..\FreeRTOS-Source\tasks.c               0x00000000   Number         0  .\objects\tasks.o ABSOLUTE
    ..\STM32Cube_FW_F4_V1.19.0\Drivers\STM32F4xx_HAL_Driver\Src\stm32f4xx_hal.c 0x00000000   Number         0  .\objects\stm32f4xx_hal.o ABSOLUTE
    ..\STM32Cube_FW_F4_V1.19.0\Drivers\STM32F4xx_HAL_Driver\Src\stm32f4xx_hal_cortex.c 0x00000000   Number         0  .\objects\stm32f4xx_hal_cortex.o ABSOLUTE
    ..\STM32Cube_FW_F4_V1.19.0\Drivers\STM32F4xx_HAL_Driver\Src\stm32f4xx_hal_dma.c 0x00000000   Number         0  .\objects\stm32f4xx_hal_dma.o ABSOLUTE
    ..\STM32Cube_FW_F4_V1.19.0\Drivers\STM32F4xx_HAL_Driver\Src\stm32f4xx_hal_dma_ex.c 0x00000000   Number         0  .\objects\stm32f4xx_hal_dma_ex.o ABSOLUTE
    ..\STM32Cube_FW_F4_V1.19.0\Drivers\STM32F4xx_HAL_Driver\Src\stm32f4xx_hal_gpio.c 0x00000000   Number         0  .\objects\stm32f4xx_hal_gpio.o ABSOLUTE
    ..\STM32Cube_FW_F4_V1.19.0\Drivers\STM32F4xx_HAL_Driver\Src\stm32f4xx_hal_tim.c 0x00000000   Number         0  .\objects\stm32f4xx_hal_tim.o ABSOLUTE
    ..\STM32Cube_FW_F4_V1.19.0\Drivers\STM32F4xx_HAL_Driver\Src\stm32f4xx_hal_tim_ex.c 0x00000000   Number         0  .\objects\stm32f4xx_hal_tim_ex.o ABSOLUTE
    ..\\FreeRTOS-Source\\portable\\RVDS\\ARM_CM4F\\port.c 0x00000000   Number         0  .\objects\port.o ABSOLUTE
    ..\\STM32Cube_FW_F4_V1.19.0\\Drivers\\STM32F4xx_HAL_Driver\\Src\\stm32f4xx_hal.c 0x00000000   Number         0  .\objects\stm32f4xx_hal.o ABSOLUTE
    ..\\STM32Cube_FW_F4_V1.19.0\\Drivers\\STM32F4xx_HAL_Driver\\Src\\stm32f4xx_hal_cortex.c 0x00000000   Number         0  .\objects\stm32f4xx_hal_cortex.o ABSOLUTE
    ..\\STM32Cube_FW_F4_V1.19.0\\Drivers\\STM32F4xx_HAL_Driver\\Src\\stm32f4xx_hal_dma.c 0x00000000   Number         0  .\objects\stm32f4xx_hal_dma.o ABSOLUTE
    ..\\STM32Cube_FW_F4_V1.19.0\\Drivers\\STM32F4xx_HAL_Driver\\Src\\stm32f4xx_hal_dma_ex.c 0x00000000   Number         0  .\objects\stm32f4xx_hal_dma_ex.o ABSOLUTE
    ..\\STM32Cube_FW_F4_V1.19.0\\Drivers\\STM32F4xx_HAL_Driver\\Src\\stm32f4xx_hal_gpio.c 0x00000000   Number         0  .\objects\stm32f4xx_hal_gpio.o ABSOLUTE
    ..\\STM32Cube_FW_F4_V1.19.0\\Drivers\\STM32F4xx_HAL_Driver\\Src\\stm32f4xx_hal_tim.c 0x00000000   Number         0  .\objects\stm32f4xx_hal_tim.o ABSOLUTE
    ..\\STM32Cube_FW_F4_V1.19.0\\Drivers\\STM32F4xx_HAL_Driver\\Src\\stm32f4xx_hal_tim_ex.c 0x00000000   Number         0  .\objects\stm32f4xx_hal_tim_ex.o ABSOLUTE
    RTE\Device\STM32F407VGTx\startup_stm32f407xx.s 0x00000000   Number         0  .\objects\startup_stm32f407xx.o ABSOLUTE
    RTE\Device\STM32F407VGTx\system_stm32f4xx.c 0x00000000   Number         0  .\objects\system_stm32f4xx.o ABSOLUTE
    RTE\\Device\\STM32F407VGTx\\system_stm32f4xx.c 0x00000000   Number         0  .\objects\system_stm32f4xx.o ABSOLUTE
    Source\\main.c                           0x00000000   Number         0  .\objects\main.o ABSOLUTE
    Source\\stm32f4xx_it.c                   0x00000000   Number         0  .\objects\stm32f4xx_it.o ABSOLUTE
    Source\main.c                            0x00000000   Number         0  .\objects\main.o ABSOLUTE
    Source\stm32f4xx_it.c                    0x00000000   Number         0  .\objects\stm32f4xx_it.o ABSOLUTE
    dc.s                                     0x00000000   Number         0  e:\Keil_v5\ARM\ARMCC\Bin\..\lib\armlib\c_w.l(dc.o) ABSOLUTE
    RESET                                    0x08000000   Section      392  .\objects\startup_stm32f407xx.o(RESET)
    !!!main                                  0x08000188   Section        8  e:\Keil_v5\ARM\ARMCC\Bin\..\lib\armlib\c_w.l(__main.o)(!!!main)
    !!!scatter                               0x08000190   Section       52  e:\Keil_v5\ARM\ARMCC\Bin\..\lib\armlib\c_w.l(__scatter.o)(!!!scatter)
    !!handler_copy                           0x080001c4   Section       26  e:\Keil_v5\ARM\ARMCC\Bin\..\lib\armlib\c_w.l(__scatter_copy.o)(!!handler_copy)
    !!handler_zi                             0x080001e0   Section       28  e:\Keil_v5\ARM\ARMCC\Bin\..\lib\armlib\c_w.l(__scatter_zi.o)(!!handler_zi)
    .ARM.Collect$$libinit$$00000000          0x080001fc   Section        2  e:\Keil_v5\ARM\ARMCC\Bin\..\lib\armlib\c_w.l(libinit.o)(.ARM.Collect$$libinit$$00000000)
    .ARM.Collect$$libinit$$00000001          0x080001fe   Section        4  e:\Keil_v5\ARM\ARMCC\Bin\..\lib\armlib\c_w.l(libinit2.o)(.ARM.Collect$$libinit$$00000001)
    .ARM.Collect$$libinit$$00000004          0x08000202   Section        0  e:\Keil_v5\ARM\ARMCC\Bin\..\lib\armlib\c_w.l(libinit2.o)(.ARM.Collect$$libinit$$00000004)
    .ARM.Collect$$libinit$$0000000A          0x08000202   Section        0  e:\Keil_v5\ARM\ARMCC\Bin\..\lib\armlib\c_w.l(libinit2.o)(.ARM.Collect$$libinit$$0000000A)
    .ARM.Collect$$libinit$$0000000C          0x08000202   Section        0  e:\Keil_v5\ARM\ARMCC\Bin\..\lib\armlib\c_w.l(libinit2.o)(.ARM.Collect$$libinit$$0000000C)
    .ARM.Collect$$libinit$$0000000E          0x08000202   Section        0  e:\Keil_v5\ARM\ARMCC\Bin\..\lib\armlib\c_w.l(libinit2.o)(.ARM.Collect$$libinit$$0000000E)
    .ARM.Collect$$libinit$$00000011          0x08000202   Section        0  e:\Keil_v5\ARM\ARMCC\Bin\..\lib\armlib\c_w.l(libinit2.o)(.ARM.Collect$$libinit$$00000011)
    .ARM.Collect$$libinit$$00000013          0x08000202   Section        0  e:\Keil_v5\ARM\ARMCC\Bin\..\lib\armlib\c_w.l(libinit2.o)(.ARM.Collect$$libinit$$00000013)
    .ARM.Collect$$libinit$$00000015          0x08000202   Section        0  e:\Keil_v5\ARM\ARMCC\Bin\..\lib\armlib\c_w.l(libinit2.o)(.ARM.Collect$$libinit$$00000015)
    .ARM.Collect$$libinit$$00000017          0x08000202   Section        0  e:\Keil_v5\ARM\ARMCC\Bin\..\lib\armlib\c_w.l(libinit2.o)(.ARM.Collect$$libinit$$00000017)
    .ARM.Collect$$libinit$$00000019          0x08000202   Section        0  e:\Keil_v5\ARM\ARMCC\Bin\..\lib\armlib\c_w.l(libinit2.o)(.ARM.Collect$$libinit$$00000019)
    .ARM.Collect$$libinit$$0000001B          0x08000202   Section        0  e:\Keil_v5\ARM\ARMCC\Bin\..\lib\armlib\c_w.l(libinit2.o)(.ARM.Collect$$libinit$$0000001B)
    .ARM.Collect$$libinit$$0000001D          0x08000202   Section        0  e:\Keil_v5\ARM\ARMCC\Bin\..\lib\armlib\c_w.l(libinit2.o)(.ARM.Collect$$libinit$$0000001D)
    .ARM.Collect$$libinit$$0000001F          0x08000202   Section        0  e:\Keil_v5\ARM\ARMCC\Bin\..\lib\armlib\c_w.l(libinit2.o)(.ARM.Collect$$libinit$$0000001F)
    .ARM.Collect$$libinit$$00000021          0x08000202   Section        0  e:\Keil_v5\ARM\ARMCC\Bin\..\lib\armlib\c_w.l(libinit2.o)(.ARM.Collect$$libinit$$00000021)
    .ARM.Collect$$libinit$$00000023          0x08000202   Section        0  e:\Keil_v5\ARM\ARMCC\Bin\..\lib\armlib\c_w.l(libinit2.o)(.ARM.Collect$$libinit$$00000023)
    .ARM.Collect$$libinit$$00000025          0x08000202   Section        0  e:\Keil_v5\ARM\ARMCC\Bin\..\lib\armlib\c_w.l(libinit2.o)(.ARM.Collect$$libinit$$00000025)
    .ARM.Collect$$libinit$$0000002C          0x08000202   Section        0  e:\Keil_v5\ARM\ARMCC\Bin\..\lib\armlib\c_w.l(libinit2.o)(.ARM.Collect$$libinit$$0000002C)
    .ARM.Collect$$libinit$$0000002E          0x08000202   Section        0  e:\Keil_v5\ARM\ARMCC\Bin\..\lib\armlib\c_w.l(libinit2.o)(.ARM.Collect$$libinit$$0000002E)
    .ARM.Collect$$libinit$$00000030          0x08000202   Section        0  e:\Keil_v5\ARM\ARMCC\Bin\..\lib\armlib\c_w.l(libinit2.o)(.ARM.Collect$$libinit$$00000030)
    .ARM.Collect$$libinit$$00000032          0x08000202   Section        0  e:\Keil_v5\ARM\ARMCC\Bin\..\lib\armlib\c_w.l(libinit2.o)(.ARM.Collect$$libinit$$00000032)
    .ARM.Collect$$libinit$$00000033          0x08000202   Section        2  e:\Keil_v5\ARM\ARMCC\Bin\..\lib\armlib\c_w.l(libinit2.o)(.ARM.Collect$$libinit$$00000033)
    .ARM.Collect$$libshutdown$$00000000      0x08000204   Section        2  e:\Keil_v5\ARM\ARMCC\Bin\..\lib\armlib\c_w.l(libshutdown.o)(.ARM.Collect$$libshutdown$$00000000)
    .ARM.Collect$$libshutdown$$00000002      0x08000206   Section        0  e:\Keil_v5\ARM\ARMCC\Bin\..\lib\armlib\c_w.l(libshutdown2.o)(.ARM.Collect$$libshutdown$$00000002)
    .ARM.Collect$$libshutdown$$00000004      0x08000206   Section        0  e:\Keil_v5\ARM\ARMCC\Bin\..\lib\armlib\c_w.l(libshutdown2.o)(.ARM.Collect$$libshutdown$$00000004)
    .ARM.Collect$$libshutdown$$00000007      0x08000206   Section        0  e:\Keil_v5\ARM\ARMCC\Bin\..\lib\armlib\c_w.l(libshutdown2.o)(.ARM.Collect$$libshutdown$$00000007)
    .ARM.Collect$$libshutdown$$0000000A      0x08000206   Section        0  e:\Keil_v5\ARM\ARMCC\Bin\..\lib\armlib\c_w.l(libshutdown2.o)(.ARM.Collect$$libshutdown$$0000000A)
    .ARM.Collect$$libshutdown$$0000000C      0x08000206   Section        0  e:\Keil_v5\ARM\ARMCC\Bin\..\lib\armlib\c_w.l(libshutdown2.o)(.ARM.Collect$$libshutdown$$0000000C)
    .ARM.Collect$$libshutdown$$0000000F      0x08000206   Section        0  e:\Keil_v5\ARM\ARMCC\Bin\..\lib\armlib\c_w.l(libshutdown2.o)(.ARM.Collect$$libshutdown$$0000000F)
    .ARM.Collect$$libshutdown$$00000010      0x08000206   Section        2  e:\Keil_v5\ARM\ARMCC\Bin\..\lib\armlib\c_w.l(libshutdown2.o)(.ARM.Collect$$libshutdown$$00000010)
    .ARM.Collect$$rtentry$$00000000          0x08000208   Section        0  e:\Keil_v5\ARM\ARMCC\Bin\..\lib\armlib\c_w.l(__rtentry.o)(.ARM.Collect$$rtentry$$00000000)
    .ARM.Collect$$rtentry$$00000002          0x08000208   Section        0  e:\Keil_v5\ARM\ARMCC\Bin\..\lib\armlib\c_w.l(__rtentry2.o)(.ARM.Collect$$rtentry$$00000002)
    .ARM.Collect$$rtentry$$00000004          0x08000208   Section        6  e:\Keil_v5\ARM\ARMCC\Bin\..\lib\armlib\c_w.l(__rtentry4.o)(.ARM.Collect$$rtentry$$00000004)
    .ARM.Collect$$rtentry$$00000009          0x0800020e   Section        0  e:\Keil_v5\ARM\ARMCC\Bin\..\lib\armlib\c_w.l(__rtentry2.o)(.ARM.Collect$$rtentry$$00000009)
    .ARM.Collect$$rtentry$$0000000A          0x0800020e   Section        4  e:\Keil_v5\ARM\ARMCC\Bin\..\lib\armlib\c_w.l(__rtentry2.o)(.ARM.Collect$$rtentry$$0000000A)
    .ARM.Collect$$rtentry$$0000000C          0x08000212   Section        0  e:\Keil_v5\ARM\ARMCC\Bin\..\lib\armlib\c_w.l(__rtentry2.o)(.ARM.Collect$$rtentry$$0000000C)
    .ARM.Collect$$rtentry$$0000000D          0x08000212   Section        8  e:\Keil_v5\ARM\ARMCC\Bin\..\lib\armlib\c_w.l(__rtentry2.o)(.ARM.Collect$$rtentry$$0000000D)
    .ARM.Collect$$rtexit$$00000000           0x0800021a   Section        2  e:\Keil_v5\ARM\ARMCC\Bin\..\lib\armlib\c_w.l(rtexit.o)(.ARM.Collect$$rtexit$$00000000)
    .ARM.Collect$$rtexit$$00000002           0x0800021c   Section        0  e:\Keil_v5\ARM\ARMCC\Bin\..\lib\armlib\c_w.l(rtexit2.o)(.ARM.Collect$$rtexit$$00000002)
    .ARM.Collect$$rtexit$$00000003           0x0800021c   Section        4  e:\Keil_v5\ARM\ARMCC\Bin\..\lib\armlib\c_w.l(rtexit2.o)(.ARM.Collect$$rtexit$$00000003)
    .ARM.Collect$$rtexit$$00000004           0x08000220   Section        6  e:\Keil_v5\ARM\ARMCC\Bin\..\lib\armlib\c_w.l(rtexit2.o)(.ARM.Collect$$rtexit$$00000004)
    .emb_text                                0x08000228   Section      182  .\objects\port.o(.emb_text)
    $v0                                      0x08000228   Number         0  .\objects\port.o(.emb_text)
    .text                                    0x080002e0   Section       64  .\objects\startup_stm32f407xx.o(.text)
    $v0                                      0x080002e0   Number         0  .\objects\startup_stm32f407xx.o(.text)
    .text                                    0x08000320   Section       16  e:\Keil_v5\ARM\ARMCC\Bin\..\lib\armlib\c_w.l(aeabi_memset.o)(.text)
    .text                                    0x08000330   Section        0  e:\Keil_v5\ARM\ARMCC\Bin\..\lib\armlib\c_w.l(heapauxi.o)(.text)
    .text                                    0x08000336   Section       68  e:\Keil_v5\ARM\ARMCC\Bin\..\lib\armlib\c_w.l(rt_memclr.o)(.text)
    .text                                    0x0800037a   Section       78  e:\Keil_v5\ARM\ARMCC\Bin\..\lib\armlib\c_w.l(rt_memclr_w.o)(.text)
    .text                                    0x080003c8   Section       74  e:\Keil_v5\ARM\ARMCC\Bin\..\lib\armlib\c_w.l(sys_stackheap_outer.o)(.text)
    .text                                    0x08000412   Section        0  e:\Keil_v5\ARM\ARMCC\Bin\..\lib\armlib\c_w.l(exit.o)(.text)
    .text                                    0x08000424   Section        8  e:\Keil_v5\ARM\ARMCC\Bin\..\lib\armlib\c_w.l(libspace.o)(.text)
    .text                                    0x0800042c   Section        0  e:\Keil_v5\ARM\ARMCC\Bin\..\lib\armlib\c_w.l(sys_exit.o)(.text)
    .text                                    0x08000438   Section        2  e:\Keil_v5\ARM\ARMCC\Bin\..\lib\armlib\c_w.l(use_no_semi.o)(.text)
    .text                                    0x0800043a   Section        0  e:\Keil_v5\ARM\ARMCC\Bin\..\lib\armlib\c_w.l(indicate_semi.o)(.text)
    i.BusFault_Handler                       0x0800043a   Section        0  .\objects\stm32f4xx_it.o(i.BusFault_Handler)
    i.DebugMon_Handler                       0x0800043e   Section        0  .\objects\stm32f4xx_it.o(i.DebugMon_Handler)
    i.HAL_GPIO_Init                          0x08000440   Section        0  .\objects\stm32f4xx_hal_gpio.o(i.HAL_GPIO_Init)
    i.HAL_GPIO_TogglePin                     0x08000640   Section        0  .\objects\stm32f4xx_hal_gpio.o(i.HAL_GPIO_TogglePin)
    i.HAL_IncTick                            0x08000648   Section        0  .\objects\stm32f4xx_hal.o(i.HAL_IncTick)
    i.HAL_Init                               0x08000660   Section        0  .\objects\stm32f4xx_hal.o(i.HAL_Init)
    i.HAL_InitTick                           0x08000678   Section        0  .\objects\stm32f4xx_hal.o(i.HAL_InitTick)
    i.HAL_MspInit                            0x080006c4   Section        0  .\objects\stm32f4xx_hal.o(i.HAL_MspInit)
    i.HAL_NVIC_EnableIRQ                     0x080006c6   Section        0  .\objects\stm32f4xx_hal_cortex.o(i.HAL_NVIC_EnableIRQ)
    i.HAL_NVIC_SetPriority                   0x080006e0   Section        0  .\objects\stm32f4xx_hal_cortex.o(i.HAL_NVIC_SetPriority)
    i.HAL_NVIC_SetPriorityGrouping           0x0800075c   Section        0  .\objects\stm32f4xx_hal_cortex.o(i.HAL_NVIC_SetPriorityGrouping)
    i.HAL_SYSTICK_Callback                   0x08000784   Section        0  .\objects\stm32f4xx_hal_cortex.o(i.HAL_SYSTICK_Callback)
    i.HAL_SYSTICK_Config                     0x08000786   Section        0  .\objects\stm32f4xx_hal_cortex.o(i.HAL_SYSTICK_Config)
    i.HAL_SYSTICK_IRQHandler                 0x080007ba   Section        0  .\objects\stm32f4xx_hal_cortex.o(i.HAL_SYSTICK_IRQHandler)
    i.HAL_TIM_Base_Init                      0x080007c2   Section        0  .\objects\stm32f4xx_hal_tim.o(i.HAL_TIM_Base_Init)
    i.HAL_TIM_Base_MspInit                   0x080007f6   Section        0  .\objects\stm32f4xx_hal_tim.o(i.HAL_TIM_Base_MspInit)
    i.HAL_TIM_Base_Start_IT                  0x080007f8   Section        0  .\objects\stm32f4xx_hal_tim.o(i.HAL_TIM_Base_Start_IT)
    i.HardFault_Handler                      0x08000816   Section        0  .\objects\stm32f4xx_it.o(i.HardFault_Handler)
    i.MemManage_Handler                      0x0800081a   Section        0  .\objects\stm32f4xx_it.o(i.MemManage_Handler)
    i.NMI_Handler                            0x0800081e   Section        0  .\objects\stm32f4xx_it.o(i.NMI_Handler)
    i.NVIC_GetPriorityGrouping               0x08000820   Section        0  .\objects\stm32f4xx_hal_cortex.o(i.NVIC_GetPriorityGrouping)
    NVIC_GetPriorityGrouping                 0x08000821   Thumb Code    10  .\objects\stm32f4xx_hal_cortex.o(i.NVIC_GetPriorityGrouping)
    i.NVIC_SetPriority                       0x08000830   Section        0  .\objects\stm32f4xx_hal_cortex.o(i.NVIC_SetPriority)
    NVIC_SetPriority                         0x08000831   Thumb Code    32  .\objects\stm32f4xx_hal_cortex.o(i.NVIC_SetPriority)
    i.SysTick_Handler                        0x08000858   Section        0  .\objects\stm32f4xx_it.o(i.SysTick_Handler)
    i.SystemInit                             0x08000864   Section        0  .\objects\system_stm32f4xx.o(i.SystemInit)
    i.TIM2_IRQHandler                        0x080008c8   Section        0  .\objects\stm32f4xx_it.o(i.TIM2_IRQHandler)
    i.TIM_Base_SetConfig                     0x080008e0   Section        0  .\objects\stm32f4xx_hal_tim.o(i.TIM_Base_SetConfig)
    i.UsageFault_Handler                     0x080009c4   Section        0  .\objects\stm32f4xx_it.o(i.UsageFault_Handler)
    i.configureLEDs                          0x080009c8   Section        0  .\objects\main.o(i.configureLEDs)
    configureLEDs                            0x080009c9   Thumb Code    66  .\objects\main.o(i.configureLEDs)
    i.main                                   0x08000a14   Section        0  .\objects\main.o(i.main)
    i.myTask1                                0x08000a94   Section        0  .\objects\main.o(i.myTask1)
    i.myTask2                                0x08000ac4   Section        0  .\objects\main.o(i.myTask2)
    i.prvAddNewTaskToReadyList               0x08000af4   Section        0  .\objects\tasks.o(i.prvAddNewTaskToReadyList)
    prvAddNewTaskToReadyList                 0x08000af5   Thumb Code   156  .\objects\tasks.o(i.prvAddNewTaskToReadyList)
    i.prvCheckTasksWaitingTermination        0x08000bac   Section        0  .\objects\tasks.o(i.prvCheckTasksWaitingTermination)
    prvCheckTasksWaitingTermination          0x08000bad   Thumb Code    86  .\objects\tasks.o(i.prvCheckTasksWaitingTermination)
    i.prvDeleteTCB                           0x08000c10   Section        0  .\objects\tasks.o(i.prvDeleteTCB)
    prvDeleteTCB                             0x08000c11   Thumb Code    18  .\objects\tasks.o(i.prvDeleteTCB)
    i.prvHeapInit                            0x08000c24   Section        0  .\objects\heap_2.o(i.prvHeapInit)
    prvHeapInit                              0x08000c25   Thumb Code    38  .\objects\heap_2.o(i.prvHeapInit)
    i.prvIdleTask                            0x08000c5c   Section        0  .\objects\tasks.o(i.prvIdleTask)
    prvIdleTask                              0x08000c5d   Thumb Code     8  .\objects\tasks.o(i.prvIdleTask)
    i.prvInitialiseNewTask                   0x08000c64   Section        0  .\objects\tasks.o(i.prvInitialiseNewTask)
    prvInitialiseNewTask                     0x08000c65   Thumb Code   180  .\objects\tasks.o(i.prvInitialiseNewTask)
    i.prvInitialiseTaskLists                 0x08000d18   Section        0  .\objects\tasks.o(i.prvInitialiseTaskLists)
    prvInitialiseTaskLists                   0x08000d19   Thumb Code    70  .\objects\tasks.o(i.prvInitialiseTaskLists)
    i.prvResetNextTaskUnblockTime            0x08000d80   Section        0  .\objects\tasks.o(i.prvResetNextTaskUnblockTime)
    prvResetNextTaskUnblockTime              0x08000d81   Thumb Code    42  .\objects\tasks.o(i.prvResetNextTaskUnblockTime)
    i.prvTaskExitError                       0x08000db4   Section        0  .\objects\port.o(i.prvTaskExitError)
    prvTaskExitError                         0x08000db5   Thumb Code    60  .\objects\port.o(i.prvTaskExitError)
    i.pvPortMalloc                           0x08000df4   Section        0  .\objects\heap_2.o(i.pvPortMalloc)
    i.pxPortInitialiseStack                  0x08000eac   Section        0  .\objects\port.o(i.pxPortInitialiseStack)
    i.uxListRemove                           0x08000ed8   Section        0  .\objects\list.o(i.uxListRemove)
    i.vListInitialise                        0x08000f00   Section        0  .\objects\list.o(i.vListInitialise)
    i.vListInitialiseItem                    0x08000f1a   Section        0  .\objects\list.o(i.vListInitialiseItem)
    i.vListInsertEnd                         0x08000f20   Section        0  .\objects\list.o(i.vListInsertEnd)
    i.vPortEnterCritical                     0x08000f38   Section        0  .\objects\port.o(i.vPortEnterCritical)
    i.vPortExitCritical                      0x08000f8c   Section        0  .\objects\port.o(i.vPortExitCritical)
    i.vPortFree                              0x08000fc8   Section        0  .\objects\heap_2.o(i.vPortFree)
    i.vPortSetupTimerInterrupt               0x08001008   Section        0  .\objects\main.o(i.vPortSetupTimerInterrupt)
    i.vTaskStartScheduler                    0x0800108c   Section        0  .\objects\tasks.o(i.vTaskStartScheduler)
    i.vTaskSuspendAll                        0x08001114   Section        0  .\objects\tasks.o(i.vTaskSuspendAll)
    i.vTaskSwitchContext                     0x08001124   Section        0  .\objects\tasks.o(i.vTaskSwitchContext)
    i.xPortStartScheduler                    0x080011b0   Section        0  .\objects\port.o(i.xPortStartScheduler)
    i.xPortSysTickHandler                    0x080012ec   Section        0  .\objects\port.o(i.xPortSysTickHandler)
    i.xTaskCreate                            0x08001320   Section        0  .\objects\tasks.o(i.xTaskCreate)
    i.xTaskGetSchedulerState                 0x08001380   Section        0  .\objects\tasks.o(i.xTaskGetSchedulerState)
    i.xTaskIncrementTick                     0x080013a0   Section        0  .\objects\tasks.o(i.xTaskIncrementTick)
    i.xTaskResumeAll                         0x080014e8   Section        0  .\objects\tasks.o(i.xTaskResumeAll)
    x$fpl$fpinit                             0x080015ec   Section       10  e:\Keil_v5\ARM\ARMCC\Bin\..\lib\armlib\fz_wm.l(fpinit.o)(x$fpl$fpinit)
    $v0                                      0x080015ec   Number         0  e:\Keil_v5\ARM\ARMCC\Bin\..\lib\armlib\fz_wm.l(fpinit.o)(x$fpl$fpinit)
    .data                                    0x20000000   Section        9  .\objects\stm32f4xx_hal.o(.data)
    .data                                    0x2000000c   Section       60  .\objects\tasks.o(.data)
    pxDelayedTaskList                        0x20000010   Data           4  .\objects\tasks.o(.data)
    pxOverflowDelayedTaskList                0x20000014   Data           4  .\objects\tasks.o(.data)
    uxDeletedTasksWaitingCleanUp             0x20000018   Data           4  .\objects\tasks.o(.data)
    uxCurrentNumberOfTasks                   0x2000001c   Data           4  .\objects\tasks.o(.data)
    xTickCount                               0x20000020   Data           4  .\objects\tasks.o(.data)
    uxTopReadyPriority                       0x20000024   Data           4  .\objects\tasks.o(.data)
    xSchedulerRunning                        0x20000028   Data           4  .\objects\tasks.o(.data)
    uxPendedTicks                            0x2000002c   Data           4  .\objects\tasks.o(.data)
    xYieldPending                            0x20000030   Data           4  .\objects\tasks.o(.data)
    xNumOfOverflows                          0x20000034   Data           4  .\objects\tasks.o(.data)
    uxTaskNumber                             0x20000038   Data           4  .\objects\tasks.o(.data)
    xNextTaskUnblockTime                     0x2000003c   Data           4  .\objects\tasks.o(.data)
    xIdleTaskHandle                          0x20000040   Data           4  .\objects\tasks.o(.data)
    uxSchedulerSuspended                     0x20000044   Data           4  .\objects\tasks.o(.data)
    .data                                    0x20000048   Section       24  .\objects\heap_2.o(.data)
    xStart                                   0x20000048   Data           8  .\objects\heap_2.o(.data)
    xEnd                                     0x20000050   Data           8  .\objects\heap_2.o(.data)
    xFreeBytesRemaining                      0x20000058   Data           4  .\objects\heap_2.o(.data)
    xHeapHasBeenInitialised                  0x2000005c   Data           4  .\objects\heap_2.o(.data)
    .data                                    0x20000060   Section       12  .\objects\port.o(.data)
    uxCriticalNesting                        0x20000060   Data           4  .\objects\port.o(.data)
    ucMaxSysCallPriority                     0x20000064   Data           1  .\objects\port.o(.data)
    ulMaxPRIGROUPValue                       0x20000068   Data           4  .\objects\port.o(.data)
    .data                                    0x2000006c   Section        4  .\objects\system_stm32f4xx.o(.data)
    .bss                                     0x20000070   Section       60  .\objects\main.o(.bss)
    .bss                                     0x200000ac   Section      200  .\objects\tasks.o(.bss)
    pxReadyTasksLists                        0x200000ac   Data         100  .\objects\tasks.o(.bss)
    xDelayedTaskList1                        0x20000110   Data          20  .\objects\tasks.o(.bss)
    xDelayedTaskList2                        0x20000124   Data          20  .\objects\tasks.o(.bss)
    xPendingReadyList                        0x20000138   Data          20  .\objects\tasks.o(.bss)
    xTasksWaitingTermination                 0x2000014c   Data          20  .\objects\tasks.o(.bss)
    xSuspendedTaskList                       0x20000160   Data          20  .\objects\tasks.o(.bss)
    .bss                                     0x20000174   Section    76800  .\objects\heap_2.o(.bss)
    ucHeap                                   0x20000174   Data       76800  .\objects\heap_2.o(.bss)
    .bss                                     0x20012d74   Section       96  e:\Keil_v5\ARM\ARMCC\Bin\..\lib\armlib\c_w.l(libspace.o)(.bss)
    HEAP                                     0x20012dd8   Section      512  .\objects\startup_stm32f407xx.o(HEAP)
    Heap_Mem                                 0x20012dd8   Data         512  .\objects\startup_stm32f407xx.o(HEAP)
    STACK                                    0x20012fd8   Section     1024  .\objects\startup_stm32f407xx.o(STACK)
    Stack_Mem                                0x20012fd8   Data        1024  .\objects\startup_stm32f407xx.o(STACK)
    __initial_sp                             0x200133d8   Data           0  .\objects\startup_stm32f407xx.o(STACK)

    Global Symbols

    Symbol Name                              Value     Ov Type        Size  Object(Section)

    BuildAttributes$$THM_ISAv4$E$P$D$K$B$S$7EM$VFPi3$EXTD16$VFPS$VFMA$PE$A:L22UL41UL21$X:L11$S22US41US21$IEEE1$IW$USESV6$~STKCKD$USESV7$~SHL$OSPACE$ROPI$EBA8$UX$STANDARDLIB$REQ8$PRES8$EABIv2 0x00000000   Number         0  anon$$obj.o ABSOLUTE
    __ARM_use_no_argv                        0x00000000   Number         0  .\objects\main.o ABSOLUTE
    __ARM_exceptions_init                     - Undefined Weak Reference
    __alloca_initialize                       - Undefined Weak Reference
    __arm_preinit_                            - Undefined Weak Reference
    __cpp_initialize__aeabi_                  - Undefined Weak Reference
    __cxa_finalize                            - Undefined Weak Reference
    __rt_locale                               - Undefined Weak Reference
    __sigvec_lookup                           - Undefined Weak Reference
    _atexit_init                              - Undefined Weak Reference
    _call_atexit_fns                          - Undefined Weak Reference
    _clock_init                               - Undefined Weak Reference
    _fp_trap_init                             - Undefined Weak Reference
    _fp_trap_shutdown                         - Undefined Weak Reference
    _get_lc_collate                           - Undefined Weak Reference
    _get_lc_ctype                             - Undefined Weak Reference
    _get_lc_monetary                          - Undefined Weak Reference
    _get_lc_numeric                           - Undefined Weak Reference
    _get_lc_time                              - Undefined Weak Reference
    _getenv_init                              - Undefined Weak Reference
    _handle_redirection                       - Undefined Weak Reference
    _init_alloc                               - Undefined Weak Reference
    _init_user_alloc                          - Undefined Weak Reference
    _initio                                   - Undefined Weak Reference
    _rand_init                                - Undefined Weak Reference
    _signal_finish                            - Undefined Weak Reference
    _signal_init                              - Undefined Weak Reference
    _terminate_alloc                          - Undefined Weak Reference
    _terminate_user_alloc                     - Undefined Weak Reference
    _terminateio                              - Undefined Weak Reference
    __Vectors_Size                           0x00000188   Number         0  .\objects\startup_stm32f407xx.o ABSOLUTE
    __Vectors                                0x08000000   Data           4  .\objects\startup_stm32f407xx.o(RESET)
    __Vectors_End                            0x08000188   Data           0  .\objects\startup_stm32f407xx.o(RESET)
    __main                                   0x08000189   Thumb Code     8  e:\Keil_v5\ARM\ARMCC\Bin\..\lib\armlib\c_w.l(__main.o)(!!!main)
    __scatterload                            0x08000191   Thumb Code     0  e:\Keil_v5\ARM\ARMCC\Bin\..\lib\armlib\c_w.l(__scatter.o)(!!!scatter)
    __scatterload_rt2                        0x08000191   Thumb Code    44  e:\Keil_v5\ARM\ARMCC\Bin\..\lib\armlib\c_w.l(__scatter.o)(!!!scatter)
    __scatterload_rt2_thumb_only             0x08000191   Thumb Code     0  e:\Keil_v5\ARM\ARMCC\Bin\..\lib\armlib\c_w.l(__scatter.o)(!!!scatter)
    __scatterload_null                       0x0800019f   Thumb Code     0  e:\Keil_v5\ARM\ARMCC\Bin\..\lib\armlib\c_w.l(__scatter.o)(!!!scatter)
    __scatterload_copy                       0x080001c5   Thumb Code    26  e:\Keil_v5\ARM\ARMCC\Bin\..\lib\armlib\c_w.l(__scatter_copy.o)(!!handler_copy)
    __scatterload_zeroinit                   0x080001e1   Thumb Code    28  e:\Keil_v5\ARM\ARMCC\Bin\..\lib\armlib\c_w.l(__scatter_zi.o)(!!handler_zi)
    __rt_lib_init                            0x080001fd   Thumb Code     0  e:\Keil_v5\ARM\ARMCC\Bin\..\lib\armlib\c_w.l(libinit.o)(.ARM.Collect$$libinit$$00000000)
    __rt_lib_init_fp_1                       0x080001ff   Thumb Code     0  e:\Keil_v5\ARM\ARMCC\Bin\..\lib\armlib\c_w.l(libinit2.o)(.ARM.Collect$$libinit$$00000001)
    __rt_lib_init_alloca_1                   0x08000203   Thumb Code     0  e:\Keil_v5\ARM\ARMCC\Bin\..\lib\armlib\c_w.l(libinit2.o)(.ARM.Collect$$libinit$$0000002E)
    __rt_lib_init_argv_1                     0x08000203   Thumb Code     0  e:\Keil_v5\ARM\ARMCC\Bin\..\lib\armlib\c_w.l(libinit2.o)(.ARM.Collect$$libinit$$0000002C)
    __rt_lib_init_atexit_1                   0x08000203   Thumb Code     0  e:\Keil_v5\ARM\ARMCC\Bin\..\lib\armlib\c_w.l(libinit2.o)(.ARM.Collect$$libinit$$0000001B)
    __rt_lib_init_clock_1                    0x08000203   Thumb Code     0  e:\Keil_v5\ARM\ARMCC\Bin\..\lib\armlib\c_w.l(libinit2.o)(.ARM.Collect$$libinit$$00000021)
    __rt_lib_init_cpp_1                      0x08000203   Thumb Code     0  e:\Keil_v5\ARM\ARMCC\Bin\..\lib\armlib\c_w.l(libinit2.o)(.ARM.Collect$$libinit$$00000032)
    __rt_lib_init_exceptions_1               0x08000203   Thumb Code     0  e:\Keil_v5\ARM\ARMCC\Bin\..\lib\armlib\c_w.l(libinit2.o)(.ARM.Collect$$libinit$$00000030)
    __rt_lib_init_fp_trap_1                  0x08000203   Thumb Code     0  e:\Keil_v5\ARM\ARMCC\Bin\..\lib\armlib\c_w.l(libinit2.o)(.ARM.Collect$$libinit$$0000001F)
    __rt_lib_init_getenv_1                   0x08000203   Thumb Code     0  e:\Keil_v5\ARM\ARMCC\Bin\..\lib\armlib\c_w.l(libinit2.o)(.ARM.Collect$$libinit$$00000023)
    __rt_lib_init_heap_1                     0x08000203   Thumb Code     0  e:\Keil_v5\ARM\ARMCC\Bin\..\lib\armlib\c_w.l(libinit2.o)(.ARM.Collect$$libinit$$0000000A)
    __rt_lib_init_lc_collate_1               0x08000203   Thumb Code     0  e:\Keil_v5\ARM\ARMCC\Bin\..\lib\armlib\c_w.l(libinit2.o)(.ARM.Collect$$libinit$$00000011)
    __rt_lib_init_lc_ctype_1                 0x08000203   Thumb Code     0  e:\Keil_v5\ARM\ARMCC\Bin\..\lib\armlib\c_w.l(libinit2.o)(.ARM.Collect$$libinit$$00000013)
    __rt_lib_init_lc_monetary_1              0x08000203   Thumb Code     0  e:\Keil_v5\ARM\ARMCC\Bin\..\lib\armlib\c_w.l(libinit2.o)(.ARM.Collect$$libinit$$00000015)
    __rt_lib_init_lc_numeric_1               0x08000203   Thumb Code     0  e:\Keil_v5\ARM\ARMCC\Bin\..\lib\armlib\c_w.l(libinit2.o)(.ARM.Collect$$libinit$$00000017)
    __rt_lib_init_lc_time_1                  0x08000203   Thumb Code     0  e:\Keil_v5\ARM\ARMCC\Bin\..\lib\armlib\c_w.l(libinit2.o)(.ARM.Collect$$libinit$$00000019)
    __rt_lib_init_preinit_1                  0x08000203   Thumb Code     0  e:\Keil_v5\ARM\ARMCC\Bin\..\lib\armlib\c_w.l(libinit2.o)(.ARM.Collect$$libinit$$00000004)
    __rt_lib_init_rand_1                     0x08000203   Thumb Code     0  e:\Keil_v5\ARM\ARMCC\Bin\..\lib\armlib\c_w.l(libinit2.o)(.ARM.Collect$$libinit$$0000000E)
    __rt_lib_init_return                     0x08000203   Thumb Code     0  e:\Keil_v5\ARM\ARMCC\Bin\..\lib\armlib\c_w.l(libinit2.o)(.ARM.Collect$$libinit$$00000033)
    __rt_lib_init_signal_1                   0x08000203   Thumb Code     0  e:\Keil_v5\ARM\ARMCC\Bin\..\lib\armlib\c_w.l(libinit2.o)(.ARM.Collect$$libinit$$0000001D)
    __rt_lib_init_stdio_1                    0x08000203   Thumb Code     0  e:\Keil_v5\ARM\ARMCC\Bin\..\lib\armlib\c_w.l(libinit2.o)(.ARM.Collect$$libinit$$00000025)
    __rt_lib_init_user_alloc_1               0x08000203   Thumb Code     0  e:\Keil_v5\ARM\ARMCC\Bin\..\lib\armlib\c_w.l(libinit2.o)(.ARM.Collect$$libinit$$0000000C)
    __rt_lib_shutdown                        0x08000205   Thumb Code     0  e:\Keil_v5\ARM\ARMCC\Bin\..\lib\armlib\c_w.l(libshutdown.o)(.ARM.Collect$$libshutdown$$00000000)
    __rt_lib_shutdown_cpp_1                  0x08000207   Thumb Code     0  e:\Keil_v5\ARM\ARMCC\Bin\..\lib\armlib\c_w.l(libshutdown2.o)(.ARM.Collect$$libshutdown$$00000002)
    __rt_lib_shutdown_fp_trap_1              0x08000207   Thumb Code     0  e:\Keil_v5\ARM\ARMCC\Bin\..\lib\armlib\c_w.l(libshutdown2.o)(.ARM.Collect$$libshutdown$$00000007)
    __rt_lib_shutdown_heap_1                 0x08000207   Thumb Code     0  e:\Keil_v5\ARM\ARMCC\Bin\..\lib\armlib\c_w.l(libshutdown2.o)(.ARM.Collect$$libshutdown$$0000000F)
    __rt_lib_shutdown_return                 0x08000207   Thumb Code     0  e:\Keil_v5\ARM\ARMCC\Bin\..\lib\armlib\c_w.l(libshutdown2.o)(.ARM.Collect$$libshutdown$$00000010)
    __rt_lib_shutdown_signal_1               0x08000207   Thumb Code     0  e:\Keil_v5\ARM\ARMCC\Bin\..\lib\armlib\c_w.l(libshutdown2.o)(.ARM.Collect$$libshutdown$$0000000A)
    __rt_lib_shutdown_stdio_1                0x08000207   Thumb Code     0  e:\Keil_v5\ARM\ARMCC\Bin\..\lib\armlib\c_w.l(libshutdown2.o)(.ARM.Collect$$libshutdown$$00000004)
    __rt_lib_shutdown_user_alloc_1           0x08000207   Thumb Code     0  e:\Keil_v5\ARM\ARMCC\Bin\..\lib\armlib\c_w.l(libshutdown2.o)(.ARM.Collect$$libshutdown$$0000000C)
    __rt_entry                               0x08000209   Thumb Code     0  e:\Keil_v5\ARM\ARMCC\Bin\..\lib\armlib\c_w.l(__rtentry.o)(.ARM.Collect$$rtentry$$00000000)
    __rt_entry_presh_1                       0x08000209   Thumb Code     0  e:\Keil_v5\ARM\ARMCC\Bin\..\lib\armlib\c_w.l(__rtentry2.o)(.ARM.Collect$$rtentry$$00000002)
    __rt_entry_sh                            0x08000209   Thumb Code     0  e:\Keil_v5\ARM\ARMCC\Bin\..\lib\armlib\c_w.l(__rtentry4.o)(.ARM.Collect$$rtentry$$00000004)
    __rt_entry_li                            0x0800020f   Thumb Code     0  e:\Keil_v5\ARM\ARMCC\Bin\..\lib\armlib\c_w.l(__rtentry2.o)(.ARM.Collect$$rtentry$$0000000A)
    __rt_entry_postsh_1                      0x0800020f   Thumb Code     0  e:\Keil_v5\ARM\ARMCC\Bin\..\lib\armlib\c_w.l(__rtentry2.o)(.ARM.Collect$$rtentry$$00000009)
    __rt_entry_main                          0x08000213   Thumb Code     0  e:\Keil_v5\ARM\ARMCC\Bin\..\lib\armlib\c_w.l(__rtentry2.o)(.ARM.Collect$$rtentry$$0000000D)
    __rt_entry_postli_1                      0x08000213   Thumb Code     0  e:\Keil_v5\ARM\ARMCC\Bin\..\lib\armlib\c_w.l(__rtentry2.o)(.ARM.Collect$$rtentry$$0000000C)
    __rt_exit                                0x0800021b   Thumb Code     0  e:\Keil_v5\ARM\ARMCC\Bin\..\lib\armlib\c_w.l(rtexit.o)(.ARM.Collect$$rtexit$$00000000)
    __rt_exit_ls                             0x0800021d   Thumb Code     0  e:\Keil_v5\ARM\ARMCC\Bin\..\lib\armlib\c_w.l(rtexit2.o)(.ARM.Collect$$rtexit$$00000003)
    __rt_exit_prels_1                        0x0800021d   Thumb Code     0  e:\Keil_v5\ARM\ARMCC\Bin\..\lib\armlib\c_w.l(rtexit2.o)(.ARM.Collect$$rtexit$$00000002)
    __rt_exit_exit                           0x08000221   Thumb Code     0  e:\Keil_v5\ARM\ARMCC\Bin\..\lib\armlib\c_w.l(rtexit2.o)(.ARM.Collect$$rtexit$$00000004)
    SVC_Handler                              0x08000229   Thumb Code    28  .\objects\port.o(.emb_text)
    __asm___6_port_c_39a90d8d__prvStartFirstTask 0x08000249   Thumb Code    28  .\objects\port.o(.emb_text)
    __asm___6_port_c_39a90d8d__prvEnableVFP  0x08000269   Thumb Code    16  .\objects\port.o(.emb_text)
    PendSV_Handler                           0x0800027d   Thumb Code    88  .\objects\port.o(.emb_text)
    vPortGetIPSR                             0x080002d9   Thumb Code     6  .\objects\port.o(.emb_text)
    Reset_Handler                            0x080002e1   Thumb Code     8  .\objects\startup_stm32f407xx.o(.text)
    ADC_IRQHandler                           0x080002fb   Thumb Code     0  .\objects\startup_stm32f407xx.o(.text)
    CAN1_RX0_IRQHandler                      0x080002fb   Thumb Code     0  .\objects\startup_stm32f407xx.o(.text)
    CAN1_RX1_IRQHandler                      0x080002fb   Thumb Code     0  .\objects\startup_stm32f407xx.o(.text)
    CAN1_SCE_IRQHandler                      0x080002fb   Thumb Code     0  .\objects\startup_stm32f407xx.o(.text)
    CAN1_TX_IRQHandler                       0x080002fb   Thumb Code     0  .\objects\startup_stm32f407xx.o(.text)
    CAN2_RX0_IRQHandler                      0x080002fb   Thumb Code     0  .\objects\startup_stm32f407xx.o(.text)
    CAN2_RX1_IRQHandler                      0x080002fb   Thumb Code     0  .\objects\startup_stm32f407xx.o(.text)
    CAN2_SCE_IRQHandler                      0x080002fb   Thumb Code     0  .\objects\startup_stm32f407xx.o(.text)
    CAN2_TX_IRQHandler                       0x080002fb   Thumb Code     0  .\objects\startup_stm32f407xx.o(.text)
    DCMI_IRQHandler                          0x080002fb   Thumb Code     0  .\objects\startup_stm32f407xx.o(.text)
    DMA1_Stream0_IRQHandler                  0x080002fb   Thumb Code     0  .\objects\startup_stm32f407xx.o(.text)
    DMA1_Stream1_IRQHandler                  0x080002fb   Thumb Code     0  .\objects\startup_stm32f407xx.o(.text)
    DMA1_Stream2_IRQHandler                  0x080002fb   Thumb Code     0  .\objects\startup_stm32f407xx.o(.text)
    DMA1_Stream3_IRQHandler                  0x080002fb   Thumb Code     0  .\objects\startup_stm32f407xx.o(.text)
    DMA1_Stream4_IRQHandler                  0x080002fb   Thumb Code     0  .\objects\startup_stm32f407xx.o(.text)
    DMA1_Stream5_IRQHandler                  0x080002fb   Thumb Code     0  .\objects\startup_stm32f407xx.o(.text)
    DMA1_Stream6_IRQHandler                  0x080002fb   Thumb Code     0  .\objects\startup_stm32f407xx.o(.text)
    DMA1_Stream7_IRQHandler                  0x080002fb   Thumb Code     0  .\objects\startup_stm32f407xx.o(.text)
    DMA2_Stream0_IRQHandler                  0x080002fb   Thumb Code     0  .\objects\startup_stm32f407xx.o(.text)
    DMA2_Stream1_IRQHandler                  0x080002fb   Thumb Code     0  .\objects\startup_stm32f407xx.o(.text)
    DMA2_Stream2_IRQHandler                  0x080002fb   Thumb Code     0  .\objects\startup_stm32f407xx.o(.text)
    DMA2_Stream3_IRQHandler                  0x080002fb   Thumb Code     0  .\objects\startup_stm32f407xx.o(.text)
    DMA2_Stream4_IRQHandler                  0x080002fb   Thumb Code     0  .\objects\startup_stm32f407xx.o(.text)
    DMA2_Stream5_IRQHandler                  0x080002fb   Thumb Code     0  .\objects\startup_stm32f407xx.o(.text)
    DMA2_Stream6_IRQHandler                  0x080002fb   Thumb Code     0  .\objects\startup_stm32f407xx.o(.text)
    DMA2_Stream7_IRQHandler                  0x080002fb   Thumb Code     0  .\objects\startup_stm32f407xx.o(.text)
    ETH_IRQHandler                           0x080002fb   Thumb Code     0  .\objects\startup_stm32f407xx.o(.text)
    ETH_WKUP_IRQHandler                      0x080002fb   Thumb Code     0  .\objects\startup_stm32f407xx.o(.text)
    EXTI0_IRQHandler                         0x080002fb   Thumb Code     0  .\objects\startup_stm32f407xx.o(.text)
    EXTI15_10_IRQHandler                     0x080002fb   Thumb Code     0  .\objects\startup_stm32f407xx.o(.text)
    EXTI1_IRQHandler                         0x080002fb   Thumb Code     0  .\objects\startup_stm32f407xx.o(.text)
    EXTI2_IRQHandler                         0x080002fb   Thumb Code     0  .\objects\startup_stm32f407xx.o(.text)
    EXTI3_IRQHandler                         0x080002fb   Thumb Code     0  .\objects\startup_stm32f407xx.o(.text)
    EXTI4_IRQHandler                         0x080002fb   Thumb Code     0  .\objects\startup_stm32f407xx.o(.text)
    EXTI9_5_IRQHandler                       0x080002fb   Thumb Code     0  .\objects\startup_stm32f407xx.o(.text)
    FLASH_IRQHandler                         0x080002fb   Thumb Code     0  .\objects\startup_stm32f407xx.o(.text)
    FMC_IRQHandler                           0x080002fb   Thumb Code     0  .\objects\startup_stm32f407xx.o(.text)
    FPU_IRQHandler                           0x080002fb   Thumb Code     0  .\objects\startup_stm32f407xx.o(.text)
    HASH_RNG_IRQHandler                      0x080002fb   Thumb Code     0  .\objects\startup_stm32f407xx.o(.text)
    I2C1_ER_IRQHandler                       0x080002fb   Thumb Code     0  .\objects\startup_stm32f407xx.o(.text)
    I2C1_EV_IRQHandler                       0x080002fb   Thumb Code     0  .\objects\startup_stm32f407xx.o(.text)
    I2C2_ER_IRQHandler                       0x080002fb   Thumb Code     0  .\objects\startup_stm32f407xx.o(.text)
    I2C2_EV_IRQHandler                       0x080002fb   Thumb Code     0  .\objects\startup_stm32f407xx.o(.text)
    I2C3_ER_IRQHandler                       0x080002fb   Thumb Code     0  .\objects\startup_stm32f407xx.o(.text)
    I2C3_EV_IRQHandler                       0x080002fb   Thumb Code     0  .\objects\startup_stm32f407xx.o(.text)
    OTG_FS_IRQHandler                        0x080002fb   Thumb Code     0  .\objects\startup_stm32f407xx.o(.text)
    OTG_FS_WKUP_IRQHandler                   0x080002fb   Thumb Code     0  .\objects\startup_stm32f407xx.o(.text)
    OTG_HS_EP1_IN_IRQHandler                 0x080002fb   Thumb Code     0  .\objects\startup_stm32f407xx.o(.text)
    OTG_HS_EP1_OUT_IRQHandler                0x080002fb   Thumb Code     0  .\objects\startup_stm32f407xx.o(.text)
    OTG_HS_IRQHandler                        0x080002fb   Thumb Code     0  .\objects\startup_stm32f407xx.o(.text)
    OTG_HS_WKUP_IRQHandler                   0x080002fb   Thumb Code     0  .\objects\startup_stm32f407xx.o(.text)
    PVD_IRQHandler                           0x080002fb   Thumb Code     0  .\objects\startup_stm32f407xx.o(.text)
    RCC_IRQHandler                           0x080002fb   Thumb Code     0  .\objects\startup_stm32f407xx.o(.text)
    RTC_Alarm_IRQHandler                     0x080002fb   Thumb Code     0  .\objects\startup_stm32f407xx.o(.text)
    RTC_WKUP_IRQHandler                      0x080002fb   Thumb Code     0  .\objects\startup_stm32f407xx.o(.text)
    SDIO_IRQHandler                          0x080002fb   Thumb Code     0  .\objects\startup_stm32f407xx.o(.text)
    SPI1_IRQHandler                          0x080002fb   Thumb Code     0  .\objects\startup_stm32f407xx.o(.text)
    SPI2_IRQHandler                          0x080002fb   Thumb Code     0  .\objects\startup_stm32f407xx.o(.text)
    SPI3_IRQHandler                          0x080002fb   Thumb Code     0  .\objects\startup_stm32f407xx.o(.text)
    TAMP_STAMP_IRQHandler                    0x080002fb   Thumb Code     0  .\objects\startup_stm32f407xx.o(.text)
    TIM1_BRK_TIM9_IRQHandler                 0x080002fb   Thumb Code     0  .\objects\startup_stm32f407xx.o(.text)
    TIM1_CC_IRQHandler                       0x080002fb   Thumb Code     0  .\objects\startup_stm32f407xx.o(.text)
    TIM1_TRG_COM_TIM11_IRQHandler            0x080002fb   Thumb Code     0  .\objects\startup_stm32f407xx.o(.text)
    TIM1_UP_TIM10_IRQHandler                 0x080002fb   Thumb Code     0  .\objects\startup_stm32f407xx.o(.text)
    TIM3_IRQHandler                          0x080002fb   Thumb Code     0  .\objects\startup_stm32f407xx.o(.text)
    TIM4_IRQHandler                          0x080002fb   Thumb Code     0  .\objects\startup_stm32f407xx.o(.text)
    TIM5_IRQHandler                          0x080002fb   Thumb Code     0  .\objects\startup_stm32f407xx.o(.text)
    TIM6_DAC_IRQHandler                      0x080002fb   Thumb Code     0  .\objects\startup_stm32f407xx.o(.text)
    TIM7_IRQHandler                          0x080002fb   Thumb Code     0  .\objects\startup_stm32f407xx.o(.text)
    TIM8_BRK_TIM12_IRQHandler                0x080002fb   Thumb Code     0  .\objects\startup_stm32f407xx.o(.text)
    TIM8_CC_IRQHandler                       0x080002fb   Thumb Code     0  .\objects\startup_stm32f407xx.o(.text)
    TIM8_TRG_COM_TIM14_IRQHandler            0x080002fb   Thumb Code     0  .\objects\startup_stm32f407xx.o(.text)
    TIM8_UP_TIM13_IRQHandler                 0x080002fb   Thumb Code     0  .\objects\startup_stm32f407xx.o(.text)
    UART4_IRQHandler                         0x080002fb   Thumb Code     0  .\objects\startup_stm32f407xx.o(.text)
    UART5_IRQHandler                         0x080002fb   Thumb Code     0  .\objects\startup_stm32f407xx.o(.text)
    USART1_IRQHandler                        0x080002fb   Thumb Code     0  .\objects\startup_stm32f407xx.o(.text)
    USART2_IRQHandler                        0x080002fb   Thumb Code     0  .\objects\startup_stm32f407xx.o(.text)
    USART3_IRQHandler                        0x080002fb   Thumb Code     0  .\objects\startup_stm32f407xx.o(.text)
    USART6_IRQHandler                        0x080002fb   Thumb Code     0  .\objects\startup_stm32f407xx.o(.text)
    WWDG_IRQHandler                          0x080002fb   Thumb Code     0  .\objects\startup_stm32f407xx.o(.text)
    __user_initial_stackheap                 0x080002fd   Thumb Code     0  .\objects\startup_stm32f407xx.o(.text)
    __aeabi_memset                           0x08000321   Thumb Code    16  e:\Keil_v5\ARM\ARMCC\Bin\..\lib\armlib\c_w.l(aeabi_memset.o)(.text)
    __use_two_region_memory                  0x08000331   Thumb Code     2  e:\Keil_v5\ARM\ARMCC\Bin\..\lib\armlib\c_w.l(heapauxi.o)(.text)
    __rt_heap_escrow$2region                 0x08000333   Thumb Code     2  e:\Keil_v5\ARM\ARMCC\Bin\..\lib\armlib\c_w.l(heapauxi.o)(.text)
    __rt_heap_expand$2region                 0x08000335   Thumb Code     2  e:\Keil_v5\ARM\ARMCC\Bin\..\lib\armlib\c_w.l(heapauxi.o)(.text)
    __aeabi_memclr                           0x08000337   Thumb Code     0  e:\Keil_v5\ARM\ARMCC\Bin\..\lib\armlib\c_w.l(rt_memclr.o)(.text)
    __rt_memclr                              0x08000337   Thumb Code    68  e:\Keil_v5\ARM\ARMCC\Bin\..\lib\armlib\c_w.l(rt_memclr.o)(.text)
    _memset                                  0x0800033b   Thumb Code     0  e:\Keil_v5\ARM\ARMCC\Bin\..\lib\armlib\c_w.l(rt_memclr.o)(.text)
    __aeabi_memclr4                          0x0800037b   Thumb Code     0  e:\Keil_v5\ARM\ARMCC\Bin\..\lib\armlib\c_w.l(rt_memclr_w.o)(.text)
    __aeabi_memclr8                          0x0800037b   Thumb Code     0  e:\Keil_v5\ARM\ARMCC\Bin\..\lib\armlib\c_w.l(rt_memclr_w.o)(.text)
    __rt_memclr_w                            0x0800037b   Thumb Code    78  e:\Keil_v5\ARM\ARMCC\Bin\..\lib\armlib\c_w.l(rt_memclr_w.o)(.text)
    _memset_w                                0x0800037f   Thumb Code     0  e:\Keil_v5\ARM\ARMCC\Bin\..\lib\armlib\c_w.l(rt_memclr_w.o)(.text)
    __user_setup_stackheap                   0x080003c9   Thumb Code    74  e:\Keil_v5\ARM\ARMCC\Bin\..\lib\armlib\c_w.l(sys_stackheap_outer.o)(.text)
    exit                                     0x08000413   Thumb Code    18  e:\Keil_v5\ARM\ARMCC\Bin\..\lib\armlib\c_w.l(exit.o)(.text)
    __user_libspace                          0x08000425   Thumb Code     8  e:\Keil_v5\ARM\ARMCC\Bin\..\lib\armlib\c_w.l(libspace.o)(.text)
    __user_perproc_libspace                  0x08000425   Thumb Code     0  e:\Keil_v5\ARM\ARMCC\Bin\..\lib\armlib\c_w.l(libspace.o)(.text)
    __user_perthread_libspace                0x08000425   Thumb Code     0  e:\Keil_v5\ARM\ARMCC\Bin\..\lib\armlib\c_w.l(libspace.o)(.text)
    _sys_exit                                0x0800042d   Thumb Code     8  e:\Keil_v5\ARM\ARMCC\Bin\..\lib\armlib\c_w.l(sys_exit.o)(.text)
    __I$use$semihosting                      0x08000439   Thumb Code     0  e:\Keil_v5\ARM\ARMCC\Bin\..\lib\armlib\c_w.l(use_no_semi.o)(.text)
    __use_no_semihosting_swi                 0x08000439   Thumb Code     2  e:\Keil_v5\ARM\ARMCC\Bin\..\lib\armlib\c_w.l(use_no_semi.o)(.text)
    BusFault_Handler                         0x0800043b   Thumb Code     4  .\objects\stm32f4xx_it.o(i.BusFault_Handler)
    __semihosting_library_function           0x0800043b   Thumb Code     0  e:\Keil_v5\ARM\ARMCC\Bin\..\lib\armlib\c_w.l(indicate_semi.o)(.text)
    DebugMon_Handler                         0x0800043f   Thumb Code     2  .\objects\stm32f4xx_it.o(i.DebugMon_Handler)
    HAL_GPIO_Init                            0x08000441   Thumb Code   466  .\objects\stm32f4xx_hal_gpio.o(i.HAL_GPIO_Init)
    HAL_GPIO_TogglePin                       0x08000641   Thumb Code     8  .\objects\stm32f4xx_hal_gpio.o(i.HAL_GPIO_TogglePin)
    HAL_IncTick                              0x08000649   Thumb Code    16  .\objects\stm32f4xx_hal.o(i.HAL_IncTick)
    HAL_Init                                 0x08000661   Thumb Code    22  .\objects\stm32f4xx_hal.o(i.HAL_Init)
    HAL_InitTick                             0x08000679   Thumb Code    64  .\objects\stm32f4xx_hal.o(i.HAL_InitTick)
    HAL_MspInit                              0x080006c5   Thumb Code     2  .\objects\stm32f4xx_hal.o(i.HAL_MspInit)
    HAL_NVIC_EnableIRQ                       0x080006c7   Thumb Code    26  .\objects\stm32f4xx_hal_cortex.o(i.HAL_NVIC_EnableIRQ)
    HAL_NVIC_SetPriority                     0x080006e1   Thumb Code   124  .\objects\stm32f4xx_hal_cortex.o(i.HAL_NVIC_SetPriority)
    HAL_NVIC_SetPriorityGrouping             0x0800075d   Thumb Code    32  .\objects\stm32f4xx_hal_cortex.o(i.HAL_NVIC_SetPriorityGrouping)
    HAL_SYSTICK_Callback                     0x08000785   Thumb Code     2  .\objects\stm32f4xx_hal_cortex.o(i.HAL_SYSTICK_Callback)
    HAL_SYSTICK_Config                       0x08000787   Thumb Code    52  .\objects\stm32f4xx_hal_cortex.o(i.HAL_SYSTICK_Config)
    HAL_SYSTICK_IRQHandler                   0x080007bb   Thumb Code     8  .\objects\stm32f4xx_hal_cortex.o(i.HAL_SYSTICK_IRQHandler)
    HAL_TIM_Base_Init                        0x080007c3   Thumb Code    52  .\objects\stm32f4xx_hal_tim.o(i.HAL_TIM_Base_Init)
    HAL_TIM_Base_MspInit                     0x080007f7   Thumb Code     2  .\objects\stm32f4xx_hal_tim.o(i.HAL_TIM_Base_MspInit)
    HAL_TIM_Base_Start_IT                    0x080007f9   Thumb Code    30  .\objects\stm32f4xx_hal_tim.o(i.HAL_TIM_Base_Start_IT)
    HardFault_Handler                        0x08000817   Thumb Code     4  .\objects\stm32f4xx_it.o(i.HardFault_Handler)
    MemManage_Handler                        0x0800081b   Thumb Code     4  .\objects\stm32f4xx_it.o(i.MemManage_Handler)
    NMI_Handler                              0x0800081f   Thumb Code     2  .\objects\stm32f4xx_it.o(i.NMI_Handler)
    SysTick_Handler                          0x08000859   Thumb Code    12  .\objects\stm32f4xx_it.o(i.SysTick_Handler)
    SystemInit                               0x08000865   Thumb Code    82  .\objects\system_stm32f4xx.o(i.SystemInit)
    TIM2_IRQHandler                          0x080008c9   Thumb Code    18  .\objects\stm32f4xx_it.o(i.TIM2_IRQHandler)
    TIM_Base_SetConfig                       0x080008e1   Thumb Code   184  .\objects\stm32f4xx_hal_tim.o(i.TIM_Base_SetConfig)
    UsageFault_Handler                       0x080009c5   Thumb Code     4  .\objects\stm32f4xx_it.o(i.UsageFault_Handler)
    main                                     0x08000a15   Thumb Code    96  .\objects\main.o(i.main)
    myTask1                                  0x08000a95   Thumb Code    42  .\objects\main.o(i.myTask1)
    myTask2                                  0x08000ac5   Thumb Code    40  .\objects\main.o(i.myTask2)
    pvPortMalloc                             0x08000df5   Thumb Code   164  .\objects\heap_2.o(i.pvPortMalloc)
    pxPortInitialiseStack                    0x08000ead   Thumb Code    38  .\objects\port.o(i.pxPortInitialiseStack)
    uxListRemove                             0x08000ed9   Thumb Code    40  .\objects\list.o(i.uxListRemove)
    vListInitialise                          0x08000f01   Thumb Code    26  .\objects\list.o(i.vListInitialise)
    vListInitialiseItem                      0x08000f1b   Thumb Code     6  .\objects\list.o(i.vListInitialiseItem)
    vListInsertEnd                           0x08000f21   Thumb Code    24  .\objects\list.o(i.vListInsertEnd)
    vPortEnterCritical                       0x08000f39   Thumb Code    76  .\objects\port.o(i.vPortEnterCritical)
    vPortExitCritical                        0x08000f8d   Thumb Code    56  .\objects\port.o(i.vPortExitCritical)
    vPortFree                                0x08000fc9   Thumb Code    56  .\objects\heap_2.o(i.vPortFree)
    vPortSetupTimerInterrupt                 0x08001009   Thumb Code   114  .\objects\main.o(i.vPortSetupTimerInterrupt)
    vTaskStartScheduler                      0x0800108d   Thumb Code   108  .\objects\tasks.o(i.vTaskStartScheduler)
    vTaskSuspendAll                          0x08001115   Thumb Code    12  .\objects\tasks.o(i.vTaskSuspendAll)
    vTaskSwitchContext                       0x08001125   Thumb Code   118  .\objects\tasks.o(i.vTaskSwitchContext)
    xPortStartScheduler                      0x080011b1   Thumb Code   288  .\objects\port.o(i.xPortStartScheduler)
    xPortSysTickHandler                      0x080012ed   Thumb Code    46  .\objects\port.o(i.xPortSysTickHandler)
    xTaskCreate                              0x08001321   Thumb Code    96  .\objects\tasks.o(i.xTaskCreate)
    xTaskGetSchedulerState                   0x08001381   Thumb Code    24  .\objects\tasks.o(i.xTaskGetSchedulerState)
    xTaskIncrementTick                       0x080013a1   Thumb Code   282  .\objects\tasks.o(i.xTaskIncrementTick)
    xTaskResumeAll                           0x080014e9   Thumb Code   224  .\objects\tasks.o(i.xTaskResumeAll)
    _fp_init                                 0x080015ed   Thumb Code    10  e:\Keil_v5\ARM\ARMCC\Bin\..\lib\armlib\fz_wm.l(fpinit.o)(x$fpl$fpinit)
    __fplib_config_fpu_vfp                   0x080015f5   Thumb Code     0  e:\Keil_v5\ARM\ARMCC\Bin\..\lib\armlib\fz_wm.l(fpinit.o)(x$fpl$fpinit)
    __fplib_config_pureend_doubles           0x080015f5   Thumb Code     0  e:\Keil_v5\ARM\ARMCC\Bin\..\lib\armlib\fz_wm.l(fpinit.o)(x$fpl$fpinit)
    Region$$Table$$Base                      0x080015f8   Number         0  anon$$obj.o(Region$$Table)
    Region$$Table$$Limit                     0x08001618   Number         0  anon$$obj.o(Region$$Table)
    uwTick                                   0x20000000   Data           4  .\objects\stm32f4xx_hal.o(.data)
    uwTickPrio                               0x20000004   Data           4  .\objects\stm32f4xx_hal.o(.data)
    uwTickFreq                               0x20000008   Data           1  .\objects\stm32f4xx_hal.o(.data)
    pxCurrentTCB                             0x2000000c   Data           4  .\objects\tasks.o(.data)
    SystemCoreClock                          0x2000006c   Data           4  .\objects\system_stm32f4xx.o(.data)
    TIM_InitStruct                           0x20000070   Data          60  .\objects\main.o(.bss)
    __libspace_start                         0x20012d74   Data          96  e:\Keil_v5\ARM\ARMCC\Bin\..\lib\armlib\c_w.l(libspace.o)(.bss)
    __temporary_stack_top$libspace           0x20012dd4   Data           0  e:\Keil_v5\ARM\ARMCC\Bin\..\lib\armlib\c_w.l(libspace.o)(.bss)



==============================================================================

Memory Map of the image

  Image Entry point : 0x080002e1

  Load Region LR_1 (Base: 0x08000000, Size: 0x00001688, Max: 0xffffffff, ABSOLUTE)

    Execution Region ER_RO (Base: 0x08000000, Size: 0x00001618, Max: 0xffffffff, ABSOLUTE)

    Base Addr    Size         Type   Attr      Idx    E Section Name        Object

    0x08000000   0x00000188   Data   RO         2150    RESET               .\objects\startup_stm32f407xx.o
    0x08000188   0x00000008   Code   RO         2198  * !!!main             e:\Keil_v5\ARM\ARMCC\Bin\..\lib\armlib\c_w.l(__main.o)
    0x08000190   0x00000034   Code   RO         2359    !!!scatter          e:\Keil_v5\ARM\ARMCC\Bin\..\lib\armlib\c_w.l(__scatter.o)
    0x080001c4   0x0000001a   Code   RO         2361    !!handler_copy      e:\Keil_v5\ARM\ARMCC\Bin\..\lib\armlib\c_w.l(__scatter_copy.o)
    0x080001de   0x00000002   PAD
    0x080001e0   0x0000001c   Code   RO         2363    !!handler_zi        e:\Keil_v5\ARM\ARMCC\Bin\..\lib\armlib\c_w.l(__scatter_zi.o)
    0x080001fc   0x00000002   Code   RO         2229    .ARM.Collect$$libinit$$00000000  e:\Keil_v5\ARM\ARMCC\Bin\..\lib\armlib\c_w.l(libinit.o)
    0x080001fe   0x00000004   Code   RO         2235    .ARM.Collect$$libinit$$00000001  e:\Keil_v5\ARM\ARMCC\Bin\..\lib\armlib\c_w.l(libinit2.o)
    0x08000202   0x00000000   Code   RO         2238    .ARM.Collect$$libinit$$00000004  e:\Keil_v5\ARM\ARMCC\Bin\..\lib\armlib\c_w.l(libinit2.o)
    0x08000202   0x00000000   Code   RO         2241    .ARM.Collect$$libinit$$0000000A  e:\Keil_v5\ARM\ARMCC\Bin\..\lib\armlib\c_w.l(libinit2.o)
    0x08000202   0x00000000   Code   RO         2243    .ARM.Collect$$libinit$$0000000C  e:\Keil_v5\ARM\ARMCC\Bin\..\lib\armlib\c_w.l(libinit2.o)
    0x08000202   0x00000000   Code   RO         2245    .ARM.Collect$$libinit$$0000000E  e:\Keil_v5\ARM\ARMCC\Bin\..\lib\armlib\c_w.l(libinit2.o)
    0x08000202   0x00000000   Code   RO         2248    .ARM.Collect$$libinit$$00000011  e:\Keil_v5\ARM\ARMCC\Bin\..\lib\armlib\c_w.l(libinit2.o)
    0x08000202   0x00000000   Code   RO         2250    .ARM.Collect$$libinit$$00000013  e:\Keil_v5\ARM\ARMCC\Bin\..\lib\armlib\c_w.l(libinit2.o)
    0x08000202   0x00000000   Code   RO         2252    .ARM.Collect$$libinit$$00000015  e:\Keil_v5\ARM\ARMCC\Bin\..\lib\armlib\c_w.l(libinit2.o)
    0x08000202   0x00000000   Code   RO         2254    .ARM.Collect$$libinit$$00000017  e:\Keil_v5\ARM\ARMCC\Bin\..\lib\armlib\c_w.l(libinit2.o)
    0x08000202   0x00000000   Code   RO         2256    .ARM.Collect$$libinit$$00000019  e:\Keil_v5\ARM\ARMCC\Bin\..\lib\armlib\c_w.l(libinit2.o)
    0x08000202   0x00000000   Code   RO         2258    .ARM.Collect$$libinit$$0000001B  e:\Keil_v5\ARM\ARMCC\Bin\..\lib\armlib\c_w.l(libinit2.o)
    0x08000202   0x00000000   Code   RO         2260    .ARM.Collect$$libinit$$0000001D  e:\Keil_v5\ARM\ARMCC\Bin\..\lib\armlib\c_w.l(libinit2.o)
    0x08000202   0x00000000   Code   RO         2262    .ARM.Collect$$libinit$$0000001F  e:\Keil_v5\ARM\ARMCC\Bin\..\lib\armlib\c_w.l(libinit2.o)
    0x08000202   0x00000000   Code   RO         2264    .ARM.Collect$$libinit$$00000021  e:\Keil_v5\ARM\ARMCC\Bin\..\lib\armlib\c_w.l(libinit2.o)
    0x08000202   0x00000000   Code   RO         2266    .ARM.Collect$$libinit$$00000023  e:\Keil_v5\ARM\ARMCC\Bin\..\lib\armlib\c_w.l(libinit2.o)
    0x08000202   0x00000000   Code   RO         2268    .ARM.Collect$$libinit$$00000025  e:\Keil_v5\ARM\ARMCC\Bin\..\lib\armlib\c_w.l(libinit2.o)
    0x08000202   0x00000000   Code   RO         2272    .ARM.Collect$$libinit$$0000002C  e:\Keil_v5\ARM\ARMCC\Bin\..\lib\armlib\c_w.l(libinit2.o)
    0x08000202   0x00000000   Code   RO         2274    .ARM.Collect$$libinit$$0000002E  e:\Keil_v5\ARM\ARMCC\Bin\..\lib\armlib\c_w.l(libinit2.o)
    0x08000202   0x00000000   Code   RO         2276    .ARM.Collect$$libinit$$00000030  e:\Keil_v5\ARM\ARMCC\Bin\..\lib\armlib\c_w.l(libinit2.o)
    0x08000202   0x00000000   Code   RO         2278    .ARM.Collect$$libinit$$00000032  e:\Keil_v5\ARM\ARMCC\Bin\..\lib\armlib\c_w.l(libinit2.o)
    0x08000202   0x00000002   Code   RO         2279    .ARM.Collect$$libinit$$00000033  e:\Keil_v5\ARM\ARMCC\Bin\..\lib\armlib\c_w.l(libinit2.o)
    0x08000204   0x00000002   Code   RO         2299    .ARM.Collect$$libshutdown$$00000000  e:\Keil_v5\ARM\ARMCC\Bin\..\lib\armlib\c_w.l(libshutdown.o)
    0x08000206   0x00000000   Code   RO         2312    .ARM.Collect$$libshutdown$$00000002  e:\Keil_v5\ARM\ARMCC\Bin\..\lib\armlib\c_w.l(libshutdown2.o)
    0x08000206   0x00000000   Code   RO         2314    .ARM.Collect$$libshutdown$$00000004  e:\Keil_v5\ARM\ARMCC\Bin\..\lib\armlib\c_w.l(libshutdown2.o)
    0x08000206   0x00000000   Code   RO         2317    .ARM.Collect$$libshutdown$$00000007  e:\Keil_v5\ARM\ARMCC\Bin\..\lib\armlib\c_w.l(libshutdown2.o)
    0x08000206   0x00000000   Code   RO         2320    .ARM.Collect$$libshutdown$$0000000A  e:\Keil_v5\ARM\ARMCC\Bin\..\lib\armlib\c_w.l(libshutdown2.o)
    0x08000206   0x00000000   Code   RO         2322    .ARM.Collect$$libshutdown$$0000000C  e:\Keil_v5\ARM\ARMCC\Bin\..\lib\armlib\c_w.l(libshutdown2.o)
    0x08000206   0x00000000   Code   RO         2325    .ARM.Collect$$libshutdown$$0000000F  e:\Keil_v5\ARM\ARMCC\Bin\..\lib\armlib\c_w.l(libshutdown2.o)
    0x08000206   0x00000002   Code   RO         2326    .ARM.Collect$$libshutdown$$00000010  e:\Keil_v5\ARM\ARMCC\Bin\..\lib\armlib\c_w.l(libshutdown2.o)
    0x08000208   0x00000000   Code   RO         2200    .ARM.Collect$$rtentry$$00000000  e:\Keil_v5\ARM\ARMCC\Bin\..\lib\armlib\c_w.l(__rtentry.o)
    0x08000208   0x00000000   Code   RO         2204    .ARM.Collect$$rtentry$$00000002  e:\Keil_v5\ARM\ARMCC\Bin\..\lib\armlib\c_w.l(__rtentry2.o)
    0x08000208   0x00000006   Code   RO         2216    .ARM.Collect$$rtentry$$00000004  e:\Keil_v5\ARM\ARMCC\Bin\..\lib\armlib\c_w.l(__rtentry4.o)
    0x0800020e   0x00000000   Code   RO         2206    .ARM.Collect$$rtentry$$00000009  e:\Keil_v5\ARM\ARMCC\Bin\..\lib\armlib\c_w.l(__rtentry2.o)
    0x0800020e   0x00000004   Code   RO         2207    .ARM.Collect$$rtentry$$0000000A  e:\Keil_v5\ARM\ARMCC\Bin\..\lib\armlib\c_w.l(__rtentry2.o)
    0x08000212   0x00000000   Code   RO         2209    .ARM.Collect$$rtentry$$0000000C  e:\Keil_v5\ARM\ARMCC\Bin\..\lib\armlib\c_w.l(__rtentry2.o)
    0x08000212   0x00000008   Code   RO         2210    .ARM.Collect$$rtentry$$0000000D  e:\Keil_v5\ARM\ARMCC\Bin\..\lib\armlib\c_w.l(__rtentry2.o)
    0x0800021a   0x00000002   Code   RO         2233    .ARM.Collect$$rtexit$$00000000  e:\Keil_v5\ARM\ARMCC\Bin\..\lib\armlib\c_w.l(rtexit.o)
    0x0800021c   0x00000000   Code   RO         2281    .ARM.Collect$$rtexit$$00000002  e:\Keil_v5\ARM\ARMCC\Bin\..\lib\armlib\c_w.l(rtexit2.o)
    0x0800021c   0x00000004   Code   RO         2282    .ARM.Collect$$rtexit$$00000003  e:\Keil_v5\ARM\ARMCC\Bin\..\lib\armlib\c_w.l(rtexit2.o)
    0x08000220   0x00000006   Code   RO         2283    .ARM.Collect$$rtexit$$00000004  e:\Keil_v5\ARM\ARMCC\Bin\..\lib\armlib\c_w.l(rtexit2.o)
    0x08000226   0x00000002   PAD
    0x08000228   0x000000b6   Code   RO         2071    .emb_text           .\objects\port.o
    0x080002de   0x00000002   PAD
    0x080002e0   0x00000040   Code   RO         2151  * .text               .\objects\startup_stm32f407xx.o
    0x08000320   0x00000010   Code   RO         2194    .text               e:\Keil_v5\ARM\ARMCC\Bin\..\lib\armlib\c_w.l(aeabi_memset.o)
    0x08000330   0x00000006   Code   RO         2196    .text               e:\Keil_v5\ARM\ARMCC\Bin\..\lib\armlib\c_w.l(heapauxi.o)
    0x08000336   0x00000044   Code   RO         2201    .text               e:\Keil_v5\ARM\ARMCC\Bin\..\lib\armlib\c_w.l(rt_memclr.o)
    0x0800037a   0x0000004e   Code   RO         2218    .text               e:\Keil_v5\ARM\ARMCC\Bin\..\lib\armlib\c_w.l(rt_memclr_w.o)
    0x080003c8   0x0000004a   Code   RO         2220    .text               e:\Keil_v5\ARM\ARMCC\Bin\..\lib\armlib\c_w.l(sys_stackheap_outer.o)
    0x08000412   0x00000012   Code   RO         2222    .text               e:\Keil_v5\ARM\ARMCC\Bin\..\lib\armlib\c_w.l(exit.o)
    0x08000424   0x00000008   Code   RO         2230    .text               e:\Keil_v5\ARM\ARMCC\Bin\..\lib\armlib\c_w.l(libspace.o)
    0x0800042c   0x0000000c   Code   RO         2291    .text               e:\Keil_v5\ARM\ARMCC\Bin\..\lib\armlib\c_w.l(sys_exit.o)
    0x08000438   0x00000002   Code   RO         2302    .text               e:\Keil_v5\ARM\ARMCC\Bin\..\lib\armlib\c_w.l(use_no_semi.o)
    0x0800043a   0x00000000   Code   RO         2304    .text               e:\Keil_v5\ARM\ARMCC\Bin\..\lib\armlib\c_w.l(indicate_semi.o)
    0x0800043a   0x00000004   Code   RO            4    i.BusFault_Handler  .\objects\stm32f4xx_it.o
    0x0800043e   0x00000002   Code   RO            5    i.DebugMon_Handler  .\objects\stm32f4xx_it.o
    0x08000440   0x00000200   Code   RO          236    i.HAL_GPIO_Init     .\objects\stm32f4xx_hal_gpio.o
    0x08000640   0x00000008   Code   RO          239    i.HAL_GPIO_TogglePin  .\objects\stm32f4xx_hal_gpio.o
    0x08000648   0x00000018   Code   RO          456    i.HAL_IncTick       .\objects\stm32f4xx_hal.o
    0x08000660   0x00000016   Code   RO          457    i.HAL_Init          .\objects\stm32f4xx_hal.o
    0x08000676   0x00000002   PAD
    0x08000678   0x0000004c   Code   RO          458    i.HAL_InitTick      .\objects\stm32f4xx_hal.o
    0x080006c4   0x00000002   Code   RO          460    i.HAL_MspInit       .\objects\stm32f4xx_hal.o
    0x080006c6   0x0000001a   Code   RO          304    i.HAL_NVIC_EnableIRQ  .\objects\stm32f4xx_hal_cortex.o
    0x080006e0   0x0000007c   Code   RO          310    i.HAL_NVIC_SetPriority  .\objects\stm32f4xx_hal_cortex.o
    0x0800075c   0x00000028   Code   RO          311    i.HAL_NVIC_SetPriorityGrouping  .\objects\stm32f4xx_hal_cortex.o
    0x08000784   0x00000002   Code   RO          314    i.HAL_SYSTICK_Callback  .\objects\stm32f4xx_hal_cortex.o
    0x08000786   0x00000034   Code   RO          315    i.HAL_SYSTICK_Config  .\objects\stm32f4xx_hal_cortex.o
    0x080007ba   0x00000008   Code   RO          316    i.HAL_SYSTICK_IRQHandler  .\objects\stm32f4xx_hal_cortex.o
    0x080007c2   0x00000034   Code   RO          612    i.HAL_TIM_Base_Init  .\objects\stm32f4xx_hal_tim.o
    0x080007f6   0x00000002   Code   RO          614    i.HAL_TIM_Base_MspInit  .\objects\stm32f4xx_hal_tim.o
    0x080007f8   0x0000001e   Code   RO          617    i.HAL_TIM_Base_Start_IT  .\objects\stm32f4xx_hal_tim.o
    0x08000816   0x00000004   Code   RO            6    i.HardFault_Handler  .\objects\stm32f4xx_it.o
    0x0800081a   0x00000004   Code   RO            7    i.MemManage_Handler  .\objects\stm32f4xx_it.o
    0x0800081e   0x00000002   Code   RO            8    i.NMI_Handler       .\objects\stm32f4xx_it.o
    0x08000820   0x00000010   Code   RO          317    i.NVIC_GetPriorityGrouping  .\objects\stm32f4xx_hal_cortex.o
    0x08000830   0x00000028   Code   RO          318    i.NVIC_SetPriority  .\objects\stm32f4xx_hal_cortex.o
    0x08000858   0x0000000c   Code   RO            9    i.SysTick_Handler   .\objects\stm32f4xx_it.o
    0x08000864   0x00000064   Code   RO         2159    i.SystemInit        .\objects\system_stm32f4xx.o
    0x080008c8   0x00000018   Code   RO           10    i.TIM2_IRQHandler   .\objects\stm32f4xx_it.o
    0x080008e0   0x000000e4   Code   RO          696    i.TIM_Base_SetConfig  .\objects\stm32f4xx_hal_tim.o
    0x080009c4   0x00000004   Code   RO           11    i.UsageFault_Handler  .\objects\stm32f4xx_it.o
    0x080009c8   0x0000004c   Code   RO          149    i.configureLEDs     .\objects\main.o
    0x08000a14   0x00000080   Code   RO          150    i.main              .\objects\main.o
    0x08000a94   0x00000030   Code   RO          151    i.myTask1           .\objects\main.o
    0x08000ac4   0x00000030   Code   RO          152    i.myTask2           .\objects\main.o
    0x08000af4   0x000000b8   Code   RO         1686    i.prvAddNewTaskToReadyList  .\objects\tasks.o
    0x08000bac   0x00000064   Code   RO         1687    i.prvCheckTasksWaitingTermination  .\objects\tasks.o
    0x08000c10   0x00000012   Code   RO         1688    i.prvDeleteTCB      .\objects\tasks.o
    0x08000c22   0x00000002   PAD
    0x08000c24   0x00000038   Code   RO         2033    i.prvHeapInit       .\objects\heap_2.o
    0x08000c5c   0x00000008   Code   RO         1689    i.prvIdleTask       .\objects\tasks.o
    0x08000c64   0x000000b4   Code   RO         1690    i.prvInitialiseNewTask  .\objects\tasks.o
    0x08000d18   0x00000068   Code   RO         1691    i.prvInitialiseTaskLists  .\objects\tasks.o
    0x08000d80   0x00000034   Code   RO         1693    i.prvResetNextTaskUnblockTime  .\objects\tasks.o
    0x08000db4   0x00000040   Code   RO         2072    i.prvTaskExitError  .\objects\port.o
    0x08000df4   0x000000b8   Code   RO         2034    i.pvPortMalloc      .\objects\heap_2.o
    0x08000eac   0x0000002c   Code   RO         2073    i.pxPortInitialiseStack  .\objects\port.o
    0x08000ed8   0x00000028   Code   RO         1634    i.uxListRemove      .\objects\list.o
    0x08000f00   0x0000001a   Code   RO         1635    i.vListInitialise   .\objects\list.o
    0x08000f1a   0x00000006   Code   RO         1636    i.vListInitialiseItem  .\objects\list.o
    0x08000f20   0x00000018   Code   RO         1638    i.vListInsertEnd    .\objects\list.o
    0x08000f38   0x00000054   Code   RO         2075    i.vPortEnterCritical  .\objects\port.o
    0x08000f8c   0x0000003c   Code   RO         2076    i.vPortExitCritical  .\objects\port.o
    0x08000fc8   0x00000040   Code   RO         2035    i.vPortFree         .\objects\heap_2.o
    0x08001008   0x00000084   Code   RO          153    i.vPortSetupTimerInterrupt  .\objects\main.o
    0x0800108c   0x00000088   Code   RO         1718    i.vTaskStartScheduler  .\objects\tasks.o
    0x08001114   0x00000010   Code   RO         1720    i.vTaskSuspendAll   .\objects\tasks.o
    0x08001124   0x0000008c   Code   RO         1721    i.vTaskSwitchContext  .\objects\tasks.o
    0x080011b0   0x0000013c   Code   RO         2078    i.xPortStartScheduler  .\objects\port.o
    0x080012ec   0x00000034   Code   RO         2079    i.xPortSysTickHandler  .\objects\port.o
    0x08001320   0x00000060   Code   RO         1723    i.xTaskCreate       .\objects\tasks.o
    0x08001380   0x00000020   Code   RO         1727    i.xTaskGetSchedulerState  .\objects\tasks.o
    0x080013a0   0x00000148   Code   RO         1730    i.xTaskIncrementTick  .\objects\tasks.o
    0x080014e8   0x00000104   Code   RO         1736    i.xTaskResumeAll    .\objects\tasks.o
    0x080015ec   0x0000000a   Code   RO         2289    x$fpl$fpinit        e:\Keil_v5\ARM\ARMCC\Bin\..\lib\armlib\fz_wm.l(fpinit.o)
    0x080015f6   0x00000002   PAD
    0x080015f8   0x00000020   Data   RO         2357    Region$$Table       anon$$obj.o


    Execution Region ER_RW (Base: 0x20000000, Size: 0x00000070, Max: 0xffffffff, ABSOLUTE)

    Base Addr    Size         Type   Attr      Idx    E Section Name        Object

    0x20000000   0x00000009   Data   RW          464    .data               .\objects\stm32f4xx_hal.o
    0x20000009   0x00000003   PAD
    0x2000000c   0x0000003c   Data   RW         1739    .data               .\objects\tasks.o
    0x20000048   0x00000018   Data   RW         2039    .data               .\objects\heap_2.o
    0x20000060   0x0000000c   Data   RW         2080    .data               .\objects\port.o
    0x2000006c   0x00000004   Data   RW         2161    .data               .\objects\system_stm32f4xx.o


    Execution Region ER_ZI (Base: 0x20000070, Size: 0x00013368, Max: 0xffffffff, ABSOLUTE)

    Base Addr    Size         Type   Attr      Idx    E Section Name        Object

    0x20000070   0x0000003c   Zero   RW          154    .bss                .\objects\main.o
    0x200000ac   0x000000c8   Zero   RW         1738    .bss                .\objects\tasks.o
    0x20000174   0x00012c00   Zero   RW         2038    .bss                .\objects\heap_2.o
    0x20012d74   0x00000060   Zero   RW         2231    .bss                e:\Keil_v5\ARM\ARMCC\Bin\..\lib\armlib\c_w.l(libspace.o)
    0x20012dd4   0x00000004   PAD
    0x20012dd8   0x00000200   Zero   RW         2149    HEAP                .\objects\startup_stm32f407xx.o
    0x20012fd8   0x00000400   Zero   RW         2148    STACK               .\objects\startup_stm32f407xx.o


==============================================================================

Image component sizes


      Code (inc. data)   RO Data    RW Data    ZI Data      Debug   Object Name

       304         46          0         24      76800       3843   .\objects\heap_2.o
        96          0          0          0          0       4232   .\objects\list.o
       432         74          0          0         60      38026   .\objects\main.o
       802         72          0         12          0      10397   .\objects\port.o
        64         26        392          0       1536        900   .\objects\startup_stm32f407xx.o
       124         20          0          9          0       4389   .\objects\stm32f4xx_hal.o
       308         22          0          0          0      32863   .\objects\stm32f4xx_hal_cortex.o
       520         46          0          0          0       2545   .\objects\stm32f4xx_hal_gpio.o
       312         44          0          0          0       3500   .\objects\stm32f4xx_hal_tim.o
        56          6          0          0          0     608293   .\objects\stm32f4xx_it.o
       100         18          0          4          0       1379   .\objects\system_stm32f4xx.o
      1654        230          0         60        200      22509   .\objects\tasks.o

    ----------------------------------------------------------------------
      4778        604        424        112      78596     732876   Object Totals
         0          0         32          0          0          0   (incl. Generated)
         6          0          0          3          0          0   (incl. Padding)

    ----------------------------------------------------------------------

      Code (inc. data)   RO Data    RW Data    ZI Data      Debug   Library Member Name

         8          0          0          0          0         68   e:\Keil_v5\ARM\ARMCC\Bin\..\lib\armlib\c_w.l(__main.o)
         0          0          0          0          0          0   e:\Keil_v5\ARM\ARMCC\Bin\..\lib\armlib\c_w.l(__rtentry.o)
        12          0          0          0          0          0   e:\Keil_v5\ARM\ARMCC\Bin\..\lib\armlib\c_w.l(__rtentry2.o)
         6          0          0          0          0          0   e:\Keil_v5\ARM\ARMCC\Bin\..\lib\armlib\c_w.l(__rtentry4.o)
        52          8          0          0          0          0   e:\Keil_v5\ARM\ARMCC\Bin\..\lib\armlib\c_w.l(__scatter.o)
        26          0          0          0          0          0   e:\Keil_v5\ARM\ARMCC\Bin\..\lib\armlib\c_w.l(__scatter_copy.o)
        28          0          0          0          0          0   e:\Keil_v5\ARM\ARMCC\Bin\..\lib\armlib\c_w.l(__scatter_zi.o)
        16          0          0          0          0         68   e:\Keil_v5\ARM\ARMCC\Bin\..\lib\armlib\c_w.l(aeabi_memset.o)
        18          0          0          0          0         80   e:\Keil_v5\ARM\ARMCC\Bin\..\lib\armlib\c_w.l(exit.o)
         6          0          0          0          0        152   e:\Keil_v5\ARM\ARMCC\Bin\..\lib\armlib\c_w.l(heapauxi.o)
         0          0          0          0          0          0   e:\Keil_v5\ARM\ARMCC\Bin\..\lib\armlib\c_w.l(indicate_semi.o)
         2          0          0          0          0          0   e:\Keil_v5\ARM\ARMCC\Bin\..\lib\armlib\c_w.l(libinit.o)
         6          0          0          0          0          0   e:\Keil_v5\ARM\ARMCC\Bin\..\lib\armlib\c_w.l(libinit2.o)
         2          0          0          0          0          0   e:\Keil_v5\ARM\ARMCC\Bin\..\lib\armlib\c_w.l(libshutdown.o)
         2          0          0          0          0          0   e:\Keil_v5\ARM\ARMCC\Bin\..\lib\armlib\c_w.l(libshutdown2.o)
         8          4          0          0         96         68   e:\Keil_v5\ARM\ARMCC\Bin\..\lib\armlib\c_w.l(libspace.o)
        68          0          0          0          0         68   e:\Keil_v5\ARM\ARMCC\Bin\..\lib\armlib\c_w.l(rt_memclr.o)
        78          0          0          0          0         80   e:\Keil_v5\ARM\ARMCC\Bin\..\lib\armlib\c_w.l(rt_memclr_w.o)
         2          0          0          0          0          0   e:\Keil_v5\ARM\ARMCC\Bin\..\lib\armlib\c_w.l(rtexit.o)
        10          0          0          0          0          0   e:\Keil_v5\ARM\ARMCC\Bin\..\lib\armlib\c_w.l(rtexit2.o)
        12          4          0          0          0         68   e:\Keil_v5\ARM\ARMCC\Bin\..\lib\armlib\c_w.l(sys_exit.o)
        74          0          0          0          0         80   e:\Keil_v5\ARM\ARMCC\Bin\..\lib\armlib\c_w.l(sys_stackheap_outer.o)
         2          0          0          0          0         68   e:\Keil_v5\ARM\ARMCC\Bin\..\lib\armlib\c_w.l(use_no_semi.o)
        10          0          0          0          0        116   e:\Keil_v5\ARM\ARMCC\Bin\..\lib\armlib\fz_wm.l(fpinit.o)

    ----------------------------------------------------------------------
       454         16          0          0        100        916   Library Totals
         6          0          0          0          4          0   (incl. Padding)

    ----------------------------------------------------------------------

      Code (inc. data)   RO Data    RW Data    ZI Data      Debug   Library Name

       438         16          0          0         96        800   e:\Keil_v5\ARM\ARMCC\Bin\..\lib\armlib\c_w.l
        10          0          0          0          0        116   e:\Keil_v5\ARM\ARMCC\Bin\..\lib\armlib\fz_wm.l

    ----------------------------------------------------------------------
       454         16          0          0        100        916   Library Totals

    ----------------------------------------------------------------------

==============================================================================


      Code (inc. data)   RO Data    RW Data    ZI Data      Debug   

      5232        620        424        112      78696     727980   Grand Totals
      5232        620        424        112      78696     727980   ELF Image Totals
      5232        620        424        112          0          0   ROM Totals

==============================================================================

    Total RO  Size (Code + RO Data)                 5656 (   5.52kB)
    Total RW  Size (RW Data + ZI Data)             78808 (  76.96kB)
    Total ROM Size (Code + RO Data + RW Data)       5768 (   5.63kB)

==============================================================================

